<html>
<body>
<pre>
<h1>礦ision Build Log</h1>
<h2>Tool Versions:</h2>
IDE-Version: μVision V5.12.0.0
Copyright (C) 2014 ARM Ltd and ARM Germany GmbH. All rights reserved.
License Information: a a, a, LIC=R4HY8-3N3UX-HR9XN-YV1HD-NC0LZ-U2JWL
 
Tool Versions:
Toolchain:       MDK-ARM Professional  Version: 5.12.0.0
Toolchain Path:  H:\keil5\ARM\ARMCC\Bin
C Compiler:      Armcc.exe V5.05 (build 41)
Assembler:       Armasm.exe V5.05 (build 41)
Linker/Locator:  ArmLink.exe V5.05 (build 41)
Library Manager: ArmAr.exe V5.05 (build 41)
Hex Converter:   FromElf.exe V5.05 (build 41)
CPU DLL:         SARMCM3.DLL V5.12.0.0
Dialog DLL:      DCM.DLL V1.13.0.0
    Target DLL: Segger\JL2CM3.dll
Dialog DLL:      TCM.DLL V1.14.2.0
 
<h2>Project:</h2>
D:\项目资料\小车\新车代码\盲跑主从程序\从芯片\Project\MDK\templete.uvprojx
Project File Date:  08/19/2017

<h2>Output:</h2>
Build target 'mk60d10'
compiling main.c...
..\src\canshu.h(60): warning:  #1-D: last line of file ends without a newline
  #endif
..\src\head.h(36): warning:  #1-D: last line of file ends without a newline
  #endif
..\src\getready.h(18): warning:  #1-D: last line of file ends without a newline
  #endif
..\src\move.h(19): warning:  #1-D: last line of file ends without a newline
  #endif
..\src\response.h(24): warning:  #1-D: last line of file ends without a newline
  #endif
..\src\pid.h(17): warning:  #1295-D: Deprecated declaration Servo_Control - give arg types
  void Servo_Control();
..\src\pid.h(24): warning:  #1-D: last line of file ends without a newline
  #endif
..\src\flag.h(14): warning:  #1-D: last line of file ends without a newline
  #endif
..\src\qita.h(13): warning:  #1295-D: Deprecated declaration touchswitch - give arg types
  void touchswitch();
..\src\qita.h(24): warning:  #1-D: last line of file ends without a newline
  #endif
..\src\head.h(36): warning:  #1-D: last line of file ends without a newline
  #endif
..\src\main.c: 11 warnings, 0 errors
linking...
Program Size: Code=16724 RO-data=1604 RW-data=216 ZI-data=72432  
FromELF: creating hex file...
".\OBJ\templete.axf" - 0 Error(s), 11 Warning(s).

<h2>Collection of Component include folders:</h2>
  D:\项目资料\小车\新车代码\盲跑主从程序\从芯片\Project\MDK\RTE
  H:\keil5\ARM\PACK\Keil\Kinetis_K60_DFP\1.2.0\Device\Include

<h2>Collection of Component Files used:</h2>
Load "D:\\项目资料\\小车\\新车代码\\盲跑主从程序\\从芯片\\Project\\MDK\\OBJ\\templete.axf" 
Set JLink Project File to "D:\项目资料\小车\新车代码\盲跑主从程序\从芯片\Project\MDK\JLinkSettings.ini"
* JLink Info: Device "MK60DN512XXX10" selected (512 KB flash, 128 KB RAM).
 
JLink info:
------------
DLL: V4.91b, compiled Sep 15 2014 09:17:56
Firmware: J-Link ARM V8 compiled Sep 22 2014 23:26:43
Hardware: V8.00
S/N : 17935099 
Feature(s) : RDI,FlashDL,FlashBP,JFlash 
 
* JLink Info: Found SWD-DP with ID 0x2BA01477
* JLink Info: Found SWD-DP with ID 0x2BA01477
* JLink Info: Found Cortex-M4 r0p0, Little endian.
* JLink Info: FPUnit: 6 code (BP) slots and 2 literal slots
* JLink Info: TPIU fitted.
* JLink Info: ETM fitted.
* JLink Info: ETB present.
* JLink Info: CSTF present.
ROMTableAddr = 0xE00FF003
 
Target info:
------------
Device: MK60DN512xxx10
VTarget = 3.274V
State of Pins: 
TCK: 0, TDI: 1, TDO: 0, TMS: 1, TRES: 1, TRST: 1
Hardware-Breakpoints: 6
Software-Breakpoints: 8192
Watchpoints:          4
JTAG speed: 500 kHz
 
Erase Done.
Programming Done.
Verify OK.
Application running ...
</pre>
</body>
</html>
