Component: ARM Compiler 5.06 update 4 (build 422) Tool: armlink [4d35d2]

==============================================================================

Section Cross References

    img_processing.o(.text) refers to uart.o(.text) for UART_WriteByte
    img_processing.o(.text) refers to canshu.o(.data) for jioushu
    img_processing.o(.text) refers to ov7620.o(.bss) for CCD_Image
    ov7725_init.o(.text) refers to ov7725.o(.text) for ov7725_probe
    ov7725_init.o(.text) refers to printfa.o(i.__0printf) for __2printf
    ov7725_init.o(.text) refers to dma.o(.text) for DMA_EnableRequest
    ov7725_init.o(.text) refers to gpio.o(.text) for GPIO_QuickInit
    ov7725_init.o(.text) refers to memseta.o(.text) for __aeabi_memclr4
    ov7725_init.o(.text) refers to common.o(.text) for DelayMs
    ov7725_init.o(.text) refers to ov7725_init.o(.data) for ov7725_img_flag
    ov7725_init.o(.text) refers to ov7725_init.o(.bss) for CCDBufferPool
    main.o(.text) refers to getready.o(.text) for getready
    main.o(.text) refers to key.o(.text) for switch_mode_selection
    main.o(.text) refers to rtp.o(.text) for real_time_process
    main.o(.text) refers to cartest.o(.text) for low_speed_mode
    main.o(.text) refers to gpio.o(.text) for GPIO_ToggleBit
    main.o(.text) refers to img_processing.o(.text) for sending3
    main.o(.text) refers to canshu.o(.data) for jioushu
    main.o(.text) refers to main.o(.data) for mode_selection
    getready.o(.text) refers to common.o(.text) for DelayInit
    getready.o(.text) refers to gpio.o(.text) for GPIO_QuickInit
    getready.o(.text) refers to uart.o(.text) for UART_QuickInit
    getready.o(.text) refers to ftm.o(.text) for FTM_QD_QuickInit
    getready.o(.text) refers to cmt.o(.text) for CMT_PWM_QuickInit
    getready.o(.text) refers to pit.o(.text) for PIT_QuickInit
    getready.o(.text) refers to drv_lcd.o(.text) for LCD_Init
    getready.o(.text) refers to ov7620.o(.text) for OV7620_Init
    getready.o(.text) refers to delay.o(.data) for delay_flag
    getready.o(.text) refers to canshu.o(.data) for anglex
    getready.o(.text) refers to bianmaqi.o(.text) for QD_value
    getready.o(.text) refers to pid.o(.text) for Motor_PID_Output
    getready.o(.text) refers to flag.o(.data) for countbz7620
    getready.o(.text) refers to qita.o(.data) for xinbiaoxiangsu
    getready.o(.text) refers to ov7620.o(.data) for ov7620_img_flag
    getready.o(.text) refers to ov7620.o(.bss) for CCD_Image
    getready.o(.text) refers to bianmaqi.o(.data) for qd_left_value
    flag.o(.text) refers to canshu.o(.data) for target_flag
    flag.o(.text) refers to ov7620.o(.bss) for CCD_Image
    flag.o(.text) refers to qita.o(.data) for xinbiaoxiangsu
    flag.o(.text) refers to flag.o(.data) for a
    response.o(.text) refers to fflti.o(.text) for __aeabi_i2f
    response.o(.text) refers to fmul.o(.text) for __aeabi_fmul
    response.o(.text) refers to fdiv.o(.text) for __aeabi_fdiv
    response.o(.text) refers to ffixui.o(.text) for __aeabi_f2uiz
    response.o(.text) refers to fadd.o(.text) for __aeabi_fadd
    response.o(.text) refers to ffltui.o(.text) for __aeabi_ui2f
    response.o(.text) refers to cfrcmple.o(.text) for __aeabi_cfrcmple
    response.o(.text) refers to rtp.o(.data) for route_selection_switch
    response.o(.text) refers to canshu.o(.data) for forestate
    response.o(.text) refers to race.o(.data) for turn_route
    response.o(.text) refers to flag.o(.data) for barrier
    response.o(.text) refers to response.o(.data) for deviation
    response.o(.text) refers to main.o(.data) for mode_data
    response.o(.text) refers to bianmaqi.o(.data) for avespeed
    move.o(.text) refers to pid.o(.text) for Servo_Control
    move.o(.text) refers to common.o(.text) for DelayMs
    move.o(.text) refers to canshu.o(.data) for state
    move.o(.text) refers to bianmaqi.o(.data) for avespeed
    move.o(.text) refers to main.o(.data) for mode_selection
    move.o(.text) refers to race.o(.data) for chasu_high
    pid.o(.text) refers to cmt.o(.text) for CMT_PWM_ChangDuty
    pid.o(.text) refers to ftm.o(.text) for FTM_PWM_ChangeDuty
    pid.o(.text) refers to fflti.o(.text) for __aeabi_i2f
    pid.o(.text) refers to fmul.o(.text) for __aeabi_fmul
    pid.o(.text) refers to fadd.o(.text) for __aeabi_fadd
    pid.o(.text) refers to ffixi.o(.text) for __aeabi_f2iz
    pid.o(.text) refers to canshu.o(.data) for anglenow
    pid.o(.text) refers to bianmaqi.o(.data) for qd_left_value
    pid.o(.text) refers to pid.o(.data) for error_sum_left
    qita.o(.text) refers to gpio.o(.text) for GPIO_ReadBit
    qita.o(.text) refers to cmt.o(.text) for CMT_PWM_ChangDuty
    qita.o(.text) refers to pid.o(.text) for PID_speed_set
    qita.o(.text) refers to common.o(.text) for DelayMs
    qita.o(.text) refers to canshu.o(.data) for count1
    qita.o(.text) refers to qita.o(.data) for xinbiaobiaozhi
    qita.o(.text) refers to move.o(.data) for stop_flag
    qita.o(.text) refers to key.o(.data) for bamaa
[...]
    Removing ov7620.o(.revsh_text), (4 bytes).
    Removing ov7620_back.o(.rev16_text), (4 bytes).
    Removing ov7620_back.o(.revsh_text), (4 bytes).
    Removing ov7620_back.o(.text), (308 bytes).
    Removing ov7620_back.o(.bss), (32048 bytes).
    Removing ov7620_back.o(.constdata), (100 bytes).
    Removing ov7620_back.o(.data), (6 bytes).
    Removing ov7725.o(.rev16_text), (4 bytes).
    Removing ov7725.o(.revsh_text), (4 bytes).
    Removing ov7725.o(.text), (484 bytes).
    Removing ov7725.o(.bss), (16 bytes).
    Removing ov7725.o(.constdata), (94 bytes).
    Removing ov7725.o(.data), (1 bytes).
    Removing img_save.o(.rev16_text), (4 bytes).
    Removing img_save.o(.revsh_text), (4 bytes).
    Removing img_save.o(.text), (780 bytes).
    Removing img_save.o(.bss), (1112 bytes).
    Removing img_save.o(.data), (16 bytes).
    Removing ff.o(.text), (10482 bytes).
    Removing ff.o(.constdata), (44 bytes).
    Removing ff.o(.data), (10 bytes).
    Removing diskio.o(.rev16_text), (4 bytes).
    Removing diskio.o(.revsh_text), (4 bytes).
    Removing diskio.o(.text), (192 bytes).

96 unused section(s) (total 60805 bytes) removed from the image.

==============================================================================

Image Symbol Table

    Local Symbols

    Symbol Name                              Value     Ov Type        Size  Object(Section)

    RESET                                    0x00000000   Section     1024  startup_mk60d10.o(RESET)
    ../clib/../cmprslib/zerorunl2.c          0x00000000   Number         0  __dczerorl2.o ABSOLUTE
    ../clib/microlib/division.c              0x00000000   Number         0  uidiv.o ABSOLUTE
    ../clib/microlib/division.c              0x00000000   Number         0  uldiv.o ABSOLUTE
    ../clib/microlib/init/entry.s            0x00000000   Number         0  entry10b.o ABSOLUTE
    ../clib/microlib/init/entry.s            0x00000000   Number         0  entry10a.o ABSOLUTE
    ../clib/microlib/init/entry.s            0x00000000   Number         0  entry5.o ABSOLUTE
    ../clib/microlib/init/entry.s            0x00000000   Number         0  entry9b.o ABSOLUTE
    ../clib/microlib/init/entry.s            0x00000000   Number         0  entry9a.o ABSOLUTE
    ../clib/microlib/init/entry.s            0x00000000   Number         0  entry8b.o ABSOLUTE
    ../clib/microlib/init/entry.s            0x00000000   Number         0  entry2.o ABSOLUTE
    ../clib/microlib/init/entry.s            0x00000000   Number         0  entry.o ABSOLUTE
    ../clib/microlib/init/entry.s            0x00000000   Number         0  entry8a.o ABSOLUTE
    ../clib/microlib/init/entry.s            0x00000000   Number         0  entry11a.o ABSOLUTE
    ../clib/microlib/init/entry.s            0x00000000   Number         0  entry7b.o ABSOLUTE
    ../clib/microlib/init/entry.s            0x00000000   Number         0  entry7a.o ABSOLUTE
    ../clib/microlib/init/entry.s            0x00000000   Number         0  entry11b.o ABSOLUTE
    ../clib/microlib/longlong.c              0x00000000   Number         0  llsshr.o ABSOLUTE
    ../clib/microlib/longlong.c              0x00000000   Number         0  llushr.o ABSOLUTE
    ../clib/microlib/longlong.c              0x00000000   Number         0  llshl.o ABSOLUTE
    ../clib/microlib/printf/printf.c         0x00000000   Number         0  printfa.o ABSOLUTE
    ../clib/microlib/printf/printf.c         0x00000000   Number         0  printf1.o ABSOLUTE
    ../clib/microlib/printf/printf.c         0x00000000   Number         0  printf8.o ABSOLUTE
    ../clib/microlib/printf/printf.c         0x00000000   Number         0  printf7.o ABSOLUTE
    ../clib/microlib/printf/printf.c         0x00000000   Number         0  printf2.o ABSOLUTE
    ../clib/microlib/printf/printf.c         0x00000000   Number         0  printf0.o ABSOLUTE
    ../clib/microlib/printf/printf.c         0x00000000   Number         0  printfb.o ABSOLUTE
    ../clib/microlib/printf/printf.c         0x00000000   Number         0  printf4.o ABSOLUTE
    ../clib/microlib/printf/printf.c         0x00000000   Number         0  printf3.o ABSOLUTE
    ../clib/microlib/printf/printf.c         0x00000000   Number         0  printf6.o ABSOLUTE
    ../clib/microlib/printf/printf.c         0x00000000   Number         0  printf5.o ABSOLUTE
    ../clib/microlib/printf/stubs.s          0x00000000   Number         0  stubs.o ABSOLUTE
    ../clib/microlib/string/memset.c         0x00000000   Number         0  memseta.o ABSOLUTE
    ../clib/microlib/stubs.s                 0x00000000   Number         0  iusefp.o ABSOLUTE
    ../fplib/microlib/fpadd.c                0x00000000   Number         0  dadd.o ABSOLUTE
    ../fplib/microlib/fpadd.c                0x00000000   Number         0  fadd.o ABSOLUTE
    ../fplib/microlib/fpdiv.c                0x00000000   Number         0  ddiv.o ABSOLUTE
    ../fplib/microlib/fpdiv.c                0x00000000   Number         0  fdiv.o ABSOLUTE
    ../fplib/microlib/fpepilogue.c           0x00000000   Number         0  fepilogue.o ABSOLUTE
    ../fplib/microlib/fpepilogue.c           0x00000000   Number         0  depilogue.o ABSOLUTE
    ../fplib/microlib/fpfix.c                0x00000000   Number         0  ffixi.o ABSOLUTE
    ../fplib/microlib/fpfix.c                0x00000000   Number         0  dfixul.o ABSOLUTE
    ../fplib/microlib/fpfix.c                0x00000000   Number         0  ffixui.o ABSOLUTE
    ../fplib/microlib/fpflt.c                0x00000000   Number         0  ffltui.o ABSOLUTE
    ../fplib/microlib/fpflt.c                0x00000000   Number         0  fflti.o ABSOLUTE
    ../fplib/microlib/fpmul.c                0x00000000   Number         0  dmul.o ABSOLUTE
    ../fplib/microlib/fpmul.c                0x00000000   Number         0  fmul.o ABSOLUTE
    ..\..\Libraries\devices\src\Drv_LCD.c    0x00000000   Number         0  drv_lcd.o ABSOLUTE
    ..\..\Libraries\devices\src\ov7725.c     0x00000000   Number         0  ov7725.o ABSOLUTE
    ..\..\Libraries\drivers\src\adc.c        0x00000000   Number         0  adc.o ABSOLUTE
    ..\..\Libraries\drivers\src\cmt.c        0x00000000   Number         0  cmt.o ABSOLUTE
    ..\..\Libraries\drivers\src\common.c     0x00000000   Number         0  common.o ABSOLUTE
    ..\..\Libraries\drivers\src\dac.c        0x00000000   Number         0  dac.o ABSOLUTE
    ..\..\Libraries\drivers\src\dma.c        0x00000000   Number         0  dma.o ABSOLUTE
    ..\..\Libraries\drivers\src\ftm.c        0x00000000   Number         0  ftm.o ABSOLUTE
    ..\..\Libraries\drivers\src\gpio.c       0x00000000   Number         0  gpio.o ABSOLUTE
    ..\..\Libraries\drivers\src\io2iic.c     0x00000000   Number         0  io2iic.o ABSOLUTE
    ..\..\Libraries\drivers\src\pit.c        0x00000000   Number         0  pit.o ABSOLUTE
    ..\..\Libraries\drivers\src\sd.c         0x00000000   Number         0  sd.o ABSOLUTE
    ..\..\Libraries\drivers\src\spi.c        0x00000000   Number         0  spi.o ABSOLUTE
    ..\..\Libraries\drivers\src\systick.c    0x00000000   Number         0  systick.o ABSOLUTE
    ..\..\Libraries\drivers\src\uart.c       0x00000000   Number         0  uart.o ABSOLUTE
    ..\..\Libraries\drivers\src\wdog.c       0x00000000   Number         0  wdog.o ABSOLUTE
    ..\..\Libraries\fatfs\diskio.c           0x00000000   Number         0  diskio.o ABSOLUTE
    ..\..\Libraries\fatfs\ff.c               0x00000000   Number         0  ff.o ABSOLUTE
    ..\..\Libraries\startup\DeviceSupport\MDK-ARM\startup_MK60D10.s 0x00000000   Number         0  startup_mk60d10.o ABSOLUTE
    ..\..\Libraries\startup\DeviceSupport\system_MK60D10.c 0x00000000   Number         0  system_mk60d10.o ABSOLUTE
    ..\\..\\Libraries\\devices\\src\\Drv_LCD.c 0x00000000   Number         0  drv_lcd.o ABSOLUTE
    ..\\..\\Libraries\\devices\\src\\ov7725.c 0x00000000   Number         0  ov7725.o ABSOLUTE
    ..\\..\\Libraries\\drivers\\src\\adc.c   0x00000000   Number         0  adc.o ABSOLUTE
    ..\\..\\Libraries\\drivers\\src\\cmt.c   0x00000000   Number         0  cmt.o ABSOLUTE
    ..\\..\\Libraries\\drivers\\src\\common.c 0x00000000   Number         0  common.o ABSOLUTE
    ..\\..\\Libraries\\drivers\\src\\dac.c   0x00000000   Number         0  dac.o ABSOLUTE
    ..\\..\\Libraries\\drivers\\src\\dma.c   0x00000000   Number         0  dma.o ABSOLUTE
    ..\\..\\Libraries\\drivers\\src\\ftm.c   0x00000000   Number         0  ftm.o ABSOLUTE
    ..\\..\\Libraries\\drivers\\src\\gpio.c  0x00000000   Number         0  gpio.o ABSOLUTE
    ..\\..\\Libraries\\drivers\\src\\io2iic.c 0x00000000   Number         0  io2iic.o ABSOLUTE
    ..\\..\\Libraries\\drivers\\src\\pit.c   0x00000000   Number         0  pit.o ABSOLUTE
    ..\\..\\Libraries\\drivers\\src\\sd.c    0x00000000   Number         0  sd.o ABSOLUTE
    ..\\..\\Libraries\\drivers\\src\\spi.c   0x00000000   Number         0  spi.o ABSOLUTE
    ..\\..\\Libraries\\drivers\\src\\systick.c 0x00000000   Number         0  systick.o ABSOLUTE
    ..\\..\\Libraries\\drivers\\src\\uart.c  0x00000000   Number         0  uart.o ABSOLUTE
    ..\\..\\Libraries\\drivers\\src\\wdog.c  0x00000000   Number         0  wdog.o ABSOLUTE
    ..\\..\\Libraries\\fatfs\\diskio.c       0x00000000   Number         0  diskio.o ABSOLUTE
    ..\\..\\Libraries\\startup\\DeviceSupport\\system_MK60D10.c 0x00000000   Number         0  system_mk60d10.o ABSOLUTE
    ..\\addsource\\carTest.c                 0x00000000   Number         0  cartest.o ABSOLUTE
    ..\\addsource\\key.c                     0x00000000   Number         0  key.o ABSOLUTE
    ..\\addsource\\rtp.c                     0x00000000   Number         0  rtp.o ABSOLUTE
    ..\\src\\bianmaqi.c                      0x00000000   Number         0  bianmaqi.o ABSOLUTE
    ..\\src\\canshu.c                        0x00000000   Number         0  canshu.o ABSOLUTE
    ..\\src\\flag.c                          0x00000000   Number         0  flag.o ABSOLUTE
    ..\\src\\getready.c                      0x00000000   Number         0  getready.o ABSOLUTE
    ..\\src\\img_processing.c                0x00000000   Number         0  img_processing.o ABSOLUTE
    ..\\src\\img_save.c                      0x00000000   Number         0  img_save.o ABSOLUTE
    ..\\src\\main.c                          0x00000000   Number         0  main.o ABSOLUTE
    ..\\src\\move.c                          0x00000000   Number         0  move.o ABSOLUTE
    ..\\src\\ov7620.c                        0x00000000   Number         0  ov7620.o ABSOLUTE
    ..\\src\\ov7620_back.c                   0x00000000   Number         0  ov7620_back.o ABSOLUTE
    ..\\src\\ov7725_Init.c                   0x00000000   Number         0  ov7725_init.o ABSOLUTE
    ..\\src\\pid.c                           0x00000000   Number         0  pid.o ABSOLUTE
    ..\\src\\qita.c                          0x00000000   Number         0  qita.o ABSOLUTE
    ..\\src\\response.c                      0x00000000   Number         0  response.o ABSOLUTE
    ..\addsource\carTest.c                   0x00000000   Number         0  cartest.o ABSOLUTE
    ..\addsource\key.c                       0x00000000   Number         0  key.o ABSOLUTE
    ..\addsource\race.c                      0x00000000   Number         0  race.o ABSOLUTE
    ..\addsource\rtp.c                       0x00000000   Number         0  rtp.o ABSOLUTE
    ..\src\bianmaqi.c                        0x00000000   Number         0  bianmaqi.o ABSOLUTE
    ..\src\canshu.c                          0x00000000   Number         0  canshu.o ABSOLUTE
    ..\src\delay.c                           0x00000000   Number         0  delay.o ABSOLUTE
    ..\src\flag.c                            0x00000000   Number         0  flag.o ABSOLUTE
    ..\src\getready.c                        0x00000000   Number         0  getready.o ABSOLUTE
    ..\src\img_processing.c                  0x00000000   Number         0  img_processing.o ABSOLUTE
    ..\src\img_save.c                        0x00000000   Number         0  img_save.o ABSOLUTE
    ..\src\main.c                            0x00000000   Number         0  main.o ABSOLUTE
    ..\src\move.c                            0x00000000   Number         0  move.o ABSOLUTE
    ..\src\ov7620.c                          0x00000000   Number         0  ov7620.o ABSOLUTE
    ..\src\ov7620_back.c                     0x00000000   Number         0  ov7620_back.o ABSOLUTE
    ..\src\ov7725_Init.c                     0x00000000   Number         0  ov7725_init.o ABSOLUTE
    ..\src\pid.c                             0x00000000   Number         0  pid.o ABSOLUTE
    ..\src\qita.c                            0x00000000   Number         0  qita.o ABSOLUTE
    ..\src\response.c                        0x00000000   Number         0  response.o ABSOLUTE
    cdrcmple.s                               0x00000000   Number         0  cdrcmple.o ABSOLUTE
    cfrcmple.s                               0x00000000   Number         0  cfrcmple.o ABSOLUTE
    dc.s                                     0x00000000   Number         0  dc.o ABSOLUTE
    handlers.s                               0x00000000   Number         0  handlers.o ABSOLUTE
    init.s                                   0x00000000   Number         0  init.o ABSOLUTE
    .ARM.__at_0x400                          0x00000400   Section       16  startup_mk60d10.o(.ARM.__at_0x400)
    .ARM.Collect$$$$00000000                 0x00000410   Section        0  entry.o(.ARM.Collect$$$$00000000)
    .ARM.Collect$$$$00000001                 0x00000410   Section        4  entry2.o(.ARM.Collect$$$$00000001)
    .ARM.Collect$$$$00000004                 0x00000414   Section        4  entry5.o(.ARM.Collect$$$$00000004)
    .ARM.Collect$$$$00000008                 0x00000418   Section        0  entry7b.o(.ARM.Collect$$$$00000008)
    .ARM.Collect$$$$0000000A                 0x00000418   Section        0  entry8b.o(.ARM.Collect$$$$0000000A)
    .ARM.Collect$$$$0000000B                 0x00000418   Section        8  entry9a.o(.ARM.Collect$$$$0000000B)
    .ARM.Collect$$$$0000000D                 0x00000420   Section        0  entry10a.o(.ARM.Collect$$$$0000000D)
    .ARM.Collect$$$$0000000F                 0x00000420   Section        0  entry11a.o(.ARM.Collect$$$$0000000F)
    .ARM.Collect$$$$00002712                 0x00000420   Section        4  entry2.o(.ARM.Collect$$$$00002712)
    __lit__00000000                          0x00000420   Data           4  entry2.o(.ARM.Collect$$$$00002712)
    .text                                    0x00000424   Section        0  img_processing.o(.text)
    .text                                    0x000004e0   Section        0  main.o(.text)
    .text                                    0x00000558   Section        0  getready.o(.text)
    NVIC_EnableIRQ                           0x00000aeb   Thumb Code    22  getready.o(.text)
    .text                                    0x00000b08   Section        0  flag.o(.text)
    .text                                    0x00000ee8   Section        0  response.o(.text)
    .text                                    0x0000137c   Section        0  move.o(.text)
    .text                                    0x000014c4   Section        0  pid.o(.text)
    .text                                    0x0000174c   Section        0  qita.o(.text)
    .text                                    0x0000196c   Section        0  delay.o(.text)
    .text                                    0x00001998   Section        0  key.o(.text)
    .text                                    0x00001a68   Section        0  rtp.o(.text)
    .text                                    0x00001c60   Section        0  cartest.o(.text)
    .text                                    0x00001dc0   Section        0  system_mk60d10.o(.text)
    .text                                    0x00001fe8   Section       36  startup_mk60d10.o(.text)
    .text                                    0x0000200c   Section        0  adc.o(.text)
    ADC_Calibration                          0x000020d1   Thumb Code   324  adc.o(.text)
    .text                                    0x000025e0   Section        0  cmt.o(.text)
    .text                                    0x000026a4   Section        0  common.o(.text)
    .text                                    0x000027d0   Section        0  dac.o(.text)
    NVIC_EnableIRQ                           0x00002d97   Thumb Code    22  dac.o(.text)
    .text                                    0x00002db4   Section        0  dma.o(.text)
    .text                                    0x000032e4   Section        0  ftm.o(.text)
    _FTM_InitBasic                           0x000032e5   Thumb Code   182  ftm.o(.text)
    get_channel_pair_index                   0x0000339b   Thumb Code    40  ftm.o(.text)
    FTM_DualChlConfig                        0x000033c3   Thumb Code   180  ftm.o(.text)
    FTM_SetMode                              0x000034fb   Thumb Code  1138  ftm.o(.text)
    .text                                    0x000040e0   Section        0  gpio.o(.text)
    NVIC_EnableIRQ                           0x0000467b   Thumb Code    22  gpio.o(.text)
    .text                                    0x000046a4   Section        0  uart.o(.text)
    NVIC_EnableIRQ                           0x000050b5   Thumb Code    22  uart.o(.text)
    .text                                    0x000050e4   Section        0  spi.o(.text)
    dspi_hal_set_baud                        0x000050e5   Thumb Code   226  spi.o(.text)
    .text                                    0x00005778   Section        0  wdog.o(.text)
    WDOG_Unlock                              0x00005779   Thumb Code    20  wdog.o(.text)
    .text                                    0x000058d8   Section        0  pit.o(.text)
    PIT_IRQHandler                           0x00005a07   Thumb Code    42  pit.o(.text)
    .text                                    0x00005a74   Section        0  bianmaqi.o(.text)
    .text                                    0x00005b14   Section        0  drv_lcd.o(.text)
    .text                                    0x000063c8   Section        0  ov7620.o(.text)
    NVIC_DisableIRQ                          0x00006581   Thumb Code    18  ov7620.o(.text)
    .text                                    0x000065cc   Section        0  fadd.o(.text)
    .text                                    0x0000667c   Section        0  fmul.o(.text)
    .text                                    0x000066e0   Section        0  fdiv.o(.text)
    .text                                    0x0000675c   Section        0  fflti.o(.text)
    .text                                    0x0000676e   Section        0  ffltui.o(.text)
    .text                                    0x00006778   Section        0  ffixi.o(.text)
    .text                                    0x000067aa   Section        0  ffixui.o(.text)
    .text                                    0x000067d4   Section       20  cfrcmple.o(.text)
    .text                                    0x000067e8   Section        0  uidiv.o(.text)
    .text                                    0x00006814   Section        0  uldiv.o(.text)
    .text                                    0x00006876   Section        0  iusefp.o(.text)
    .text                                    0x00006876   Section        0  fepilogue.o(.text)
    .text                                    0x000068e4   Section        0  dadd.o(.text)
    .text                                    0x00006a32   Section        0  dmul.o(.text)
    .text                                    0x00006b16   Section        0  ddiv.o(.text)
    .text                                    0x00006bf4   Section        0  dfixul.o(.text)
    .text                                    0x00006c24   Section       48  cdrcmple.o(.text)
    .text                                    0x00006c54   Section       36  init.o(.text)
    .text                                    0x00006c78   Section        0  llshl.o(.text)
    .text                                    0x00006c96   Section        0  llushr.o(.text)
    .text                                    0x00006cb6   Section        0  llsshr.o(.text)
    .text                                    0x00006cda   Section        0  depilogue.o(.text)
    .text                                    0x00006d94   Section        0  __dczerorl2.o(.text)
    i.__0vsprintf                            0x00006dec   Section        0  printfa.o(i.__0vsprintf)
    i.__scatterload_copy                     0x00006e10   Section       14  handlers.o(i.__scatterload_copy)
    i.__scatterload_null                     0x00006e1e   Section        2  handlers.o(i.__scatterload_null)
    i.__scatterload_zeroinit                 0x00006e20   Section       14  handlers.o(i.__scatterload_zeroinit)
    i._fp_digits                             0x00006e30   Section        0  printfa.o(i._fp_digits)
    _fp_digits                               0x00006e31   Thumb Code   366  printfa.o(i._fp_digits)
    i._printf_core                           0x00006fb4   Section        0  printfa.o(i._printf_core)
    _printf_core                             0x00006fb5   Thumb Code  1744  printfa.o(i._printf_core)
    i._printf_post_padding                   0x00007690   Section        0  printfa.o(i._printf_post_padding)
    _printf_post_padding                     0x00007691   Thumb Code    36  printfa.o(i._printf_post_padding)
    i._printf_pre_padding                    0x000076b4   Section        0  printfa.o(i._printf_pre_padding)
    _printf_pre_padding                      0x000076b5   Thumb Code    46  printfa.o(i._printf_pre_padding)
    i._sputc                                 0x000076e2   Section        0  printfa.o(i._sputc)
    _sputc                                   0x000076e3   Thumb Code    10  printfa.o(i._sputc)
    .constdata                               0x000076ec   Section       26  adc.o(.constdata)
    SIM_ADCClockGateTable                    0x000076f4   Data          16  adc.o(.constdata)
    ADC_IRQnTable                            0x00007704   Data           2  adc.o(.constdata)
    .constdata                               0x00007708   Section       10  dac.o(.constdata)
    DAC_InstanceTable                        0x00007708   Data           8  dac.o(.constdata)
    DAC_IRQnTable                            0x00007710   Data           2  dac.o(.constdata)
    .constdata                               0x00007712   Section       16  dma.o(.constdata)
    DMA_IRQnTable                            0x00007712   Data          16  dma.o(.constdata)
    .constdata                               0x00007724   Section       51  ftm.o(.constdata)
    FTM_InstanceTable                        0x00007724   Data          12  ftm.o(.constdata)
    FTM_ChlMaxTable                          0x00007730   Data          12  ftm.o(.constdata)
    SIM_FTMClockGateTable                    0x0000773c   Data          24  ftm.o(.constdata)
    FTM_IRQnTable                            0x00007754   Data           3  ftm.o(.constdata)
    .constdata                               0x00007758   Section       65  gpio.o(.constdata)
    GPIO_InstanceTable                       0x00007758   Data          20  gpio.o(.constdata)
    PORT_InstanceTable                       0x0000776c   Data          20  gpio.o(.constdata)
    SIM_GPIOClockGateTable                   0x00007780   Data          20  gpio.o(.constdata)
    GPIO_IRQnTable                           0x00007794   Data           5  gpio.o(.constdata)
    .constdata                               0x0000779c   Section      132  uart.o(.constdata)
    UART_InstanceTable                       0x0000779c   Data          24  uart.o(.constdata)
    SIM_UARTClockGateTable                   0x000077b4   Data          48  uart.o(.constdata)
    UART_IRQnTable                           0x000077e4   Data           6  uart.o(.constdata)
    UART_TIFOSizeTable                       0x000077ec   Data          28  uart.o(.constdata)
    _DMA_UARTTrigTable                       0x00007808   Data          24  uart.o(.constdata)
    .constdata                               0x00007820   Section      120  spi.o(.constdata)
    SIM_SPIClockGateTable                    0x0000782c   Data          24  spi.o(.constdata)
    SPI_IRQnTable                            0x00007844   Data           3  spi.o(.constdata)
    s_baudratePrescaler                      0x00007848   Data          16  spi.o(.constdata)
    s_baudrateScaler                         0x00007858   Data          64  spi.o(.constdata)
    .constdata                               0x00007898   Section        4  pit.o(.constdata)
    PIT_IRQnTable                            0x00007898   Data           4  pit.o(.constdata)
    .constdata                               0x0000789c   Section     1140  drv_lcd.o(.constdata)
    .constdata                               0x00007d10   Section      100  ov7620.o(.constdata)
    .conststring                             0x00007d74   Section        7  drv_lcd.o(.conststring)
    .data                                    0x1fff0000   Section       92  canshu.o(.data)
    .data                                    0x1fff005c   Section        8  main.o(.data)
    .data                                    0x1fff0064   Section        7  flag.o(.data)
    a                                        0x1fff006a   Data           1  flag.o(.data)
    .data                                    0x1fff006c   Section        2  response.o(.data)
    .data                                    0x1fff006e   Section        1  move.o(.data)
    .data                                    0x1fff0070   Section       40  pid.o(.data)
    pwm_Kp                                   0x1fff007c   Data           4  pid.o(.data)
    pwm_Ki                                   0x1fff0080   Data           4  pid.o(.data)
    pwm_Kd                                   0x1fff0084   Data           4  pid.o(.data)
    error_sum_left                           0x1fff0088   Data           4  pid.o(.data)
    error_sum_right                          0x1fff008c   Data           4  pid.o(.data)
    pwm_left                                 0x1fff0090   Data           4  pid.o(.data)
    pwm_right                                0x1fff0094   Data           4  pid.o(.data)
    .data                                    0x1fff0098   Section       16  qita.o(.data)
    a                                        0x1fff00a4   Data           1  qita.o(.data)
    b                                        0x1fff00a5   Data           1  qita.o(.data)
    jishu1                                   0x1fff00a6   Data           2  qita.o(.data)
    .data                                    0x1fff00a8   Section        4  delay.o(.data)
    .data                                    0x1fff00ac   Section       16  key.o(.data)
    .data                                    0x1fff00bc   Section        8  rtp.o(.data)
    jishu2                                   0x1fff00c2   Data           2  rtp.o(.data)
    .data                                    0x1fff00c4   Section      160  race.o(.data)
    .data                                    0x1fff0164   Section        4  system_mk60d10.o(.data)
    .data                                    0x1fff0168   Section        8  adc.o(.data)
    ADC_CallBackTable                        0x1fff0168   Data           8  adc.o(.data)
    .data                                    0x1fff0170   Section        2  cmt.o(.data)
    FullDuty                                 0x1fff0170   Data           2  cmt.o(.data)
    .data                                    0x1fff0174   Section        8  dac.o(.data)
    DAC_CallBackTable                        0x1fff0174   Data           8  dac.o(.data)
    .data                                    0x1fff017c   Section        4  dma.o(.data)
    DMAChlMAP                                0x1fff017c   Data           4  dma.o(.data)
    .data                                    0x1fff0180   Section       37  uart.o(.data)
    UART_DebugInstance                       0x1fff0180   Data           1  uart.o(.data)
    _UART_DMA_sAddrTable                     0x1fff018c   Data          24  uart.o(.data)
    is_fitst_init                            0x1fff01a4   Data           1  uart.o(.data)
    .data                                    0x1fff01a8   Section        4  wdog.o(.data)
    WDOG_CallBackTable                       0x1fff01a8   Data           4  wdog.o(.data)
    .data                                    0x1fff01ac   Section        4  pit.o(.data)
    fac_us                                   0x1fff01ac   Data           4  pit.o(.data)
    .data                                    0x1fff01b0   Section       16  bianmaqi.o(.data)
    .data                                    0x1fff01c0   Section       16  drv_lcd.o(.data)
    _gFontTbl                                0x1fff01c4   Data          12  drv_lcd.o(.data)
    .data                                    0x1fff01d0   Section        6  ov7620.o(.data)
    .bss                                     0x1fff01d8   Section       10  canshu.o(.bss)
    .bss                                     0x1fff01e2   Section       20  qita.o(.bss)
    .bss                                     0x1fff01f8   Section       64  dma.o(.bss)
    DMA_CallBackTable                        0x1fff01f8   Data          64  dma.o(.bss)
    .bss                                     0x1fff0238   Section       12  ftm.o(.bss)
    FTM_CallBackTable                        0x1fff0238   Data          12  ftm.o(.bss)
    .bss                                     0x1fff0244   Section       20  gpio.o(.bss)
    GPIO_CallBackTable                       0x1fff0244   Data          20  gpio.o(.bss)
    .bss                                     0x1fff0258   Section       68  uart.o(.bss)
    UART_CallBackTxTable                     0x1fff0258   Data          24  uart.o(.bss)
    UART_CallBackRxTable                     0x1fff0270   Data          24  uart.o(.bss)
    DMA2UARTChlTable                         0x1fff0288   Data          20  uart.o(.bss)
    .bss                                     0x1fff029c   Section       12  spi.o(.bss)
    SPI_CallBackTable                        0x1fff029c   Data          12  spi.o(.bss)
    .bss                                     0x1fff02a8   Section       16  pit.o(.bss)
    PIT_CallBackTable                        0x1fff02a8   Data          16  pit.o(.bss)
    STACK                                    0x1fff02b8   Section     8192  startup_mk60d10.o(STACK)
    .bss                                     0x20000000   Section    64048  ov7620.o(.bss)

    Global Symbols

    Symbol Name                              Value     Ov Type        Size  Object(Section)

    BuildAttributes$$THM_ISAv4$E$P$D$K$B$S$7EM$PE$A:L22UL41UL21$X:L11$S22US41US21$IEEE1$IW$USESV6$~STKCKD$USESV7$~SHL$OTIME$ROPI$EBA8$MICROLIB$REQ8$PRES8$EABIv2 0x00000000   Number         0  anon$$obj.o ABSOLUTE
    __ARM_use_no_argv                        0x00000000   Number         0  main.o ABSOLUTE
    __Vectors                                0x00000000   Data           4  startup_mk60d10.o(RESET)
    _printf_a                                0x00000000   Number         0  stubs.o ABSOLUTE
    _printf_c                                0x00000000   Number         0  stubs.o ABSOLUTE
    _printf_charcount                        0x00000000   Number         0  stubs.o ABSOLUTE
    _printf_d                                0x00000000   Number         0  stubs.o ABSOLUTE
    _printf_e                                0x00000000   Number         0  stubs.o ABSOLUTE
    _printf_f                                0x00000000   Number         0  stubs.o ABSOLUTE
    _printf_flags                            0x00000000   Number         0  stubs.o ABSOLUTE
    _printf_fp_dec                           0x00000000   Number         0  stubs.o ABSOLUTE
    _printf_fp_hex                           0x00000000   Number         0  stubs.o ABSOLUTE
    _printf_g                                0x00000000   Number         0  stubs.o ABSOLUTE
    _printf_i                                0x00000000   Number         0  stubs.o ABSOLUTE
    _printf_int_dec                          0x00000000   Number         0  stubs.o ABSOLUTE
    _printf_l                                0x00000000   Number         0  stubs.o ABSOLUTE
    _printf_lc                               0x00000000   Number         0  stubs.o ABSOLUTE
    _printf_ll                               0x00000000   Number         0  stubs.o ABSOLUTE
    _printf_lld                              0x00000000   Number         0  stubs.o ABSOLUTE
    _printf_lli                              0x00000000   Number         0  stubs.o ABSOLUTE
    _printf_llo                              0x00000000   Number         0  stubs.o ABSOLUTE
    _printf_llu                              0x00000000   Number         0  stubs.o ABSOLUTE
    _printf_llx                              0x00000000   Number         0  stubs.o ABSOLUTE
    _printf_longlong_dec                     0x00000000   Number         0  stubs.o ABSOLUTE
    _printf_longlong_hex                     0x00000000   Number         0  stubs.o ABSOLUTE
    _printf_longlong_oct                     0x00000000   Number         0  stubs.o ABSOLUTE
    _printf_ls                               0x00000000   Number         0  stubs.o ABSOLUTE
    _printf_mbtowc                           0x00000000   Number         0  stubs.o ABSOLUTE
    _printf_n                                0x00000000   Number         0  stubs.o ABSOLUTE
    _printf_o                                0x00000000   Number         0  stubs.o ABSOLUTE
    _printf_p                                0x00000000   Number         0  stubs.o ABSOLUTE
    _printf_percent                          0x00000000   Number         0  stubs.o ABSOLUTE
    _printf_pre_padding                      0x00000000   Number         0  stubs.o ABSOLUTE
    _printf_return_value                     0x00000000   Number         0  stubs.o ABSOLUTE
    _printf_s                                0x00000000   Number         0  stubs.o ABSOLUTE
    _printf_sizespec                         0x00000000   Number         0  stubs.o ABSOLUTE
    _printf_str                              0x00000000   Number         0  stubs.o ABSOLUTE
    _printf_truncate_signed                  0x00000000   Number         0  stubs.o ABSOLUTE
    _printf_truncate_unsigned                0x00000000   Number         0  stubs.o ABSOLUTE
    _printf_u                                0x00000000   Number         0  stubs.o ABSOLUTE
    _printf_wc                               0x00000000   Number         0  stubs.o ABSOLUTE
    _printf_wctomb                           0x00000000   Number         0  stubs.o ABSOLUTE
    _printf_widthprec                        0x00000000   Number         0  stubs.o ABSOLUTE
    _printf_x                                0x00000000   Number         0  stubs.o ABSOLUTE
    __cpp_initialize__aeabi_                  - Undefined Weak Reference
    __cxa_finalize                            - Undefined Weak Reference
    _clock_init                               - Undefined Weak Reference
    _microlib_exit                            - Undefined Weak Reference
    __Vectors_End                            0x00000400   Data           0  startup_mk60d10.o(RESET)
    __Vectors_Size                           0x00000400   Number         0  startup_mk60d10.o ABSOLUTE
    __main                                   0x00000411   Thumb Code     0  entry.o(.ARM.Collect$$$$00000000)
    _main_stk                                0x00000411   Thumb Code     0  entry2.o(.ARM.Collect$$$$00000001)
    _main_scatterload                        0x00000415   Thumb Code     0  entry5.o(.ARM.Collect$$$$00000004)
    __main_after_scatterload                 0x00000419   Thumb Code     0  entry5.o(.ARM.Collect$$$$00000004)
    _main_clock                              0x00000419   Thumb Code     0  entry7b.o(.ARM.Collect$$$$00000008)
    _main_cpp_init                           0x00000419   Thumb Code     0  entry8b.o(.ARM.Collect$$$$0000000A)
    _main_init                               0x00000419   Thumb Code     0  entry9a.o(.ARM.Collect$$$$0000000B)
    __rt_final_cpp                           0x00000421   Thumb Code     0  entry10a.o(.ARM.Collect$$$$0000000D)
    __rt_final_exit                          0x00000421   Thumb Code     0  entry11a.o(.ARM.Collect$$$$0000000F)
    sending3                                 0x00000425   Thumb Code   176  img_processing.o(.text)
    main                                     0x000004e1   Thumb Code   108  main.o(.text)
    PIT1_HandlerU                            0x00000559   Thumb Code    20  getready.o(.text)
    getready                                 0x0000056d   Thumb Code   402  getready.o(.text)
    Printf                                   0x000006ff   Thumb Code   220  getready.o(.text)
    firstimage                               0x000007db   Thumb Code   108  getready.o(.text)
    startimage                               0x00000847   Thumb Code    64  getready.o(.text)
    endimage                                 0x00000887   Thumb Code    12  getready.o(.text)
    stopmove                                 0x00000893   Thumb Code   600  getready.o(.text)
    findpoint                                0x00000b09   Thumb Code   208  flag.o(.text)
    findbarrier                              0x00000bd9   Thumb Code   708  flag.o(.text)
    lookfor                                  0x00000ee9   Thumb Code   182  response.o(.text)
    bizhang                                  0x00000f9f   Thumb Code    68  response.o(.text)
    piancha                                  0x00000fe3   Thumb Code   104  response.o(.text)
    gothere                                  0x0000104b   Thumb Code   460  response.o(.text)
    gothere1                                 0x00001217   Thumb Code   348  response.o(.text)
    move                                     0x0000137d   Thumb Code   288  move.o(.text)
    Servo_Control                            0x000014c5   Thumb Code    94  pid.o(.text)
    Motor_PWM_Output                         0x00001523   Thumb Code   140  pid.o(.text)
    Motor_PID_Output                         0x000015af   Thumb Code   328  pid.o(.text)
    PID_speed_set                            0x000016f7   Thumb Code    10  pid.o(.text)
    Car_stop                                 0x00001701   Thumb Code    12  pid.o(.text)
    speedset                                 0x0000174d   Thumb Code    58  qita.o(.text)
    pass                                     0x00001787   Thumb Code   116  qita.o(.text)
    touchswitch                              0x000017fb   Thumb Code   144  qita.o(.text)
    prestate                                 0x0000188b   Thumb Code   126  qita.o(.text)
    delay_ms                                 0x0000196d   Thumb Code    36  delay.o(.text)
    switch_mode_selection                    0x00001999   Thumb Code    94  key.o(.text)
    switch_mode_data                         0x000019f7   Thumb Code   104  key.o(.text)
    camstop                                  0x00001a69   Thumb Code    66  rtp.o(.text)
    real_time_process                        0x00001aab   Thumb Code   320  rtp.o(.text)
    low_speed_mode                           0x00001c61   Thumb Code   190  cartest.o(.text)
    test_PID                                 0x00001d1f   Thumb Code    52  cartest.o(.text)
    test_accelerate                          0x00001d53   Thumb Code    26  cartest.o(.text)
    test_PWM                                 0x00001d6d   Thumb Code    14  cartest.o(.text)
    hardware_test                            0x00001d7b   Thumb Code    38  cartest.o(.text)
    SystemInit                               0x00001dc1   Thumb Code   196  system_mk60d10.o(.text)
    SystemCoreClockUpdate                    0x00001e85   Thumb Code   324  system_mk60d10.o(.text)
    Reset_Handler                            0x00001fe9   Thumb Code     8  startup_mk60d10.o(.text)
    HardFault_Handler                        0x00001ff3   Thumb Code     2  startup_mk60d10.o(.text)
    MemManage_Handler                        0x00001ff5   Thumb Code     2  startup_mk60d10.o(.text)
    BusFault_Handler                         0x00001ff7   Thumb Code     2  startup_mk60d10.o(.text)
    UsageFault_Handler                       0x00001ff9   Thumb Code     2  startup_mk60d10.o(.text)
    SVC_Handler                              0x00001ffb   Thumb Code     2  startup_mk60d10.o(.text)
    DebugMon_Handler                         0x00001ffd   Thumb Code     2  startup_mk60d10.o(.text)
    PendSV_Handler                           0x00001fff   Thumb Code     2  startup_mk60d10.o(.text)
    SysTick_Handler                          0x00002001   Thumb Code     2  startup_mk60d10.o(.text)
    CAN0_Bus_Off_IRQHandler                  0x00002003   Thumb Code     0  startup_mk60d10.o(.text)
    CAN0_Error_IRQHandler                    0x00002003   Thumb Code     0  startup_mk60d10.o(.text)
    CAN0_ORed_Message_buffer_IRQHandler      0x00002003   Thumb Code     0  startup_mk60d10.o(.text)
    CAN0_Rx_Warning_IRQHandler               0x00002003   Thumb Code     0  startup_mk60d10.o(.text)
    CAN0_Tx_Warning_IRQHandler               0x00002003   Thumb Code     0  startup_mk60d10.o(.text)
    CAN0_Wake_Up_IRQHandler                  0x00002003   Thumb Code     0  startup_mk60d10.o(.text)
    CAN1_Bus_Off_IRQHandler                  0x00002003   Thumb Code     0  startup_mk60d10.o(.text)
    CAN1_Error_IRQHandler                    0x00002003   Thumb Code     0  startup_mk60d10.o(.text)
    CAN1_ORed_Message_buffer_IRQHandler      0x00002003   Thumb Code     0  startup_mk60d10.o(.text)
    CAN1_Rx_Warning_IRQHandler               0x00002003   Thumb Code     0  startup_mk60d10.o(.text)
    CAN1_Tx_Warning_IRQHandler               0x00002003   Thumb Code     0  startup_mk60d10.o(.text)
    CAN1_Wake_Up_IRQHandler                  0x00002003   Thumb Code     0  startup_mk60d10.o(.text)
    CMP0_IRQHandler                          0x00002003   Thumb Code     0  startup_mk60d10.o(.text)
    CMP1_IRQHandler                          0x00002003   Thumb Code     0  startup_mk60d10.o(.text)
    CMP2_IRQHandler                          0x00002003   Thumb Code     0  startup_mk60d10.o(.text)
    CMT_IRQHandler                           0x00002003   Thumb Code     0  startup_mk60d10.o(.text)
    DMA_Error_IRQHandler                     0x00002003   Thumb Code     0  startup_mk60d10.o(.text)
    DefaultISR                               0x00002003   Thumb Code     0  startup_mk60d10.o(.text)
    ENET_1588_Timer_IRQHandler               0x00002003   Thumb Code     0  startup_mk60d10.o(.text)
    ENET_Error_IRQHandler                    0x00002003   Thumb Code     0  startup_mk60d10.o(.text)
    ENET_Receive_IRQHandler                  0x00002003   Thumb Code     0  startup_mk60d10.o(.text)
    ENET_Transmit_IRQHandler                 0x00002003   Thumb Code     0  startup_mk60d10.o(.text)
    FTFL_IRQHandler                          0x00002003   Thumb Code     0  startup_mk60d10.o(.text)
    I2C0_IRQHandler                          0x00002003   Thumb Code     0  startup_mk60d10.o(.text)
    I2C1_IRQHandler                          0x00002003   Thumb Code     0  startup_mk60d10.o(.text)
    I2S0_Rx_IRQHandler                       0x00002003   Thumb Code     0  startup_mk60d10.o(.text)
    I2S0_Tx_IRQHandler                       0x00002003   Thumb Code     0  startup_mk60d10.o(.text)
    LLW_IRQHandler                           0x00002003   Thumb Code     0  startup_mk60d10.o(.text)
    LPTimer_IRQHandler                       0x00002003   Thumb Code     0  startup_mk60d10.o(.text)
    LVD_LVW_IRQHandler                       0x00002003   Thumb Code     0  startup_mk60d10.o(.text)
    MCG_IRQHandler                           0x00002003   Thumb Code     0  startup_mk60d10.o(.text)
    MCM_IRQHandler                           0x00002003   Thumb Code     0  startup_mk60d10.o(.text)
    PDB0_IRQHandler                          0x00002003   Thumb Code     0  startup_mk60d10.o(.text)
    RNG_IRQHandler                           0x00002003   Thumb Code     0  startup_mk60d10.o(.text)
    RTC_IRQHandler                           0x00002003   Thumb Code     0  startup_mk60d10.o(.text)
    RTC_Seconds_IRQHandler                   0x00002003   Thumb Code     0  startup_mk60d10.o(.text)
    Read_Collision_IRQHandler                0x00002003   Thumb Code     0  startup_mk60d10.o(.text)
    Reserved102_IRQHandler                   0x00002003   Thumb Code     0  startup_mk60d10.o(.text)
    Reserved108_IRQHandler                   0x00002003   Thumb Code     0  startup_mk60d10.o(.text)
    Reserved109_IRQHandler                   0x00002003   Thumb Code     0  startup_mk60d10.o(.text)
    Reserved111_IRQHandler                   0x00002003   Thumb Code     0  startup_mk60d10.o(.text)
    Reserved112_IRQHandler                   0x00002003   Thumb Code     0  startup_mk60d10.o(.text)
    Reserved113_IRQHandler                   0x00002003   Thumb Code     0  startup_mk60d10.o(.text)
    Reserved114_IRQHandler                   0x00002003   Thumb Code     0  startup_mk60d10.o(.text)
    Reserved115_IRQHandler                   0x00002003   Thumb Code     0  startup_mk60d10.o(.text)
    Reserved116_IRQHandler                   0x00002003   Thumb Code     0  startup_mk60d10.o(.text)
    Reserved117_IRQHandler                   0x00002003   Thumb Code     0  startup_mk60d10.o(.text)
    Reserved118_IRQHandler                   0x00002003   Thumb Code     0  startup_mk60d10.o(.text)
    Reserved119_IRQHandler                   0x00002003   Thumb Code     0  startup_mk60d10.o(.text)
    Reserved59_IRQHandler                    0x00002003   Thumb Code     0  startup_mk60d10.o(.text)
    Reserved95_IRQHandler                    0x00002003   Thumb Code     0  startup_mk60d10.o(.text)
    SDHC_IRQHandler                          0x00002003   Thumb Code     0  startup_mk60d10.o(.text)
    SWI_IRQHandler                           0x00002003   Thumb Code     0  startup_mk60d10.o(.text)
    TSI0_IRQHandler                          0x00002003   Thumb Code     0  startup_mk60d10.o(.text)
    UART0_ERR_IRQHandler                     0x00002003   Thumb Code     0  startup_mk60d10.o(.text)
    UART0_LON_IRQHandler                     0x00002003   Thumb Code     0  startup_mk60d10.o(.text)
    UART1_ERR_IRQHandler                     0x00002003   Thumb Code     0  startup_mk60d10.o(.text)
    UART2_ERR_IRQHandler                     0x00002003   Thumb Code     0  startup_mk60d10.o(.text)
    UART3_ERR_IRQHandler                     0x00002003   Thumb Code     0  startup_mk60d10.o(.text)
    UART4_ERR_IRQHandler                     0x00002003   Thumb Code     0  startup_mk60d10.o(.text)
    UART5_ERR_IRQHandler                     0x00002003   Thumb Code     0  startup_mk60d10.o(.text)
    USB0_IRQHandler                          0x00002003   Thumb Code     0  startup_mk60d10.o(.text)
    USBDCD_IRQHandler                        0x00002003   Thumb Code     0  startup_mk60d10.o(.text)
    ADC_IsConversionCompleted                0x0000200d   Thumb Code    26  adc.o(.text)
    ADC_ITDMAConfig                          0x00002027   Thumb Code   170  adc.o(.text)
    ADC_Init                                 0x00002215   Thumb Code   556  adc.o(.text)
    ADC_EnableHardwareTrigger                0x00002441   Thumb Code    46  adc.o(.text)
    ADC_ChlMuxConfig                         0x0000246f   Thumb Code    48  adc.o(.text)
    ADC_QuickInit                            0x0000249f   Thumb Code   146  adc.o(.text)
    ADC_StartConversion                      0x00002531   Thumb Code    54  adc.o(.text)
    ADC_ReadValue                            0x00002567   Thumb Code    16  adc.o(.text)
    ADC_QuickReadValue                       0x00002577   Thumb Code    54  adc.o(.text)
    ADC_CallbackInstall                      0x000025ad   Thumb Code    10  adc.o(.text)
    ADC0_IRQHandler                          0x000025b7   Thumb Code    16  adc.o(.text)
    ADC1_IRQHandler                          0x000025c7   Thumb Code    16  adc.o(.text)
    CMT_PWM_QuickInit                        0x000025e1   Thumb Code   140  cmt.o(.text)
    CMT_PWM_ChangDuty                        0x0000266d   Thumb Code    44  cmt.o(.text)
    CLOCK_GetClockFrequency                  0x000026a5   Thumb Code   124  common.o(.text)
    QuickInitEncode                          0x00002721   Thumb Code     6  common.o(.text)
    QuickInitDecode                          0x00002727   Thumb Code    10  common.o(.text)
    DWT_DelayInit                            0x00002731   Thumb Code    26  common.o(.text)
    DWT_DelayUs                              0x0000274b   Thumb Code    62  common.o(.text)
    DWT_DelayMs                              0x00002789   Thumb Code    18  common.o(.text)
    DelayInit                                0x0000279b   Thumb Code     8  common.o(.text)
    DelayMs                                  0x000027a3   Thumb Code    12  common.o(.text)
    DelayUs                                  0x000027af   Thumb Code    12  common.o(.text)
    NMI_Handler                              0x000027bb   Thumb Code     2  common.o(.text)
    DAC_Init                                 0x000027d1   Thumb Code   568  dac.o(.text)
    DAC_GetBufferReadPointer                 0x00002a09   Thumb Code    16  dac.o(.text)
    DAC_SetBufferReadPointer                 0x00002a19   Thumb Code    54  dac.o(.text)
    DAC_SetBufferUpperLimit                  0x00002a4f   Thumb Code    52  dac.o(.text)
    DAC_ITDMAConfig                          0x00002a83   Thumb Code   352  dac.o(.text)
    DAC_SoftwareStartConversion              0x00002be3   Thumb Code    26  dac.o(.text)
    DAC_SetWaterMark                         0x00002bfd   Thumb Code   146  dac.o(.text)
    DAC_SetBufferValue                       0x00002c8f   Thumb Code    50  dac.o(.text)
    DAC_CallbackInstall                      0x00002cc1   Thumb Code    10  dac.o(.text)
    DAC0_IRQHandler                          0x00002ccb   Thumb Code   102  dac.o(.text)
    DAC1_IRQHandler                          0x00002d31   Thumb Code   102  dac.o(.text)
    DMA_DisableRequest                       0x00002db5   Thumb Code    10  dma.o(.text)
    DMA_Init                                 0x00002dbf   Thumb Code   392  dma.o(.text)
    DMA_ChlAlloc                             0x00002f47   Thumb Code    46  dma.o(.text)
    DMA_ChlFree                              0x00002f75   Thumb Code    16  dma.o(.text)
    DMA_GetMajorLoopCount                    0x00002f85   Thumb Code    16  dma.o(.text)
    DMA_SetMajorLoopCounter                  0x00002f95   Thumb Code    44  dma.o(.text)
    DMA_EnableRequest                        0x00002fc1   Thumb Code    10  dma.o(.text)
    DMA_EnableAutoDisableRequest             0x00002fcb   Thumb Code    46  dma.o(.text)
    DMA_EnableMajorLink                      0x00002ff9   Thumb Code    94  dma.o(.text)
    DMA_ITConfig                             0x00003057   Thumb Code   140  dma.o(.text)
    DMA_CallbackInstall                      0x000030e3   Thumb Code    10  dma.o(.text)
    DMA_IsMajorLoopComplete                  0x000030ed   Thumb Code    56  dma.o(.text)
    DMA_SetDestAddress                       0x00003125   Thumb Code    10  dma.o(.text)
    DMA_GetDestAddress                       0x0000312f   Thumb Code    12  dma.o(.text)
    DMA_SetSourceAddress                     0x0000313b   Thumb Code    10  dma.o(.text)
    DMA_GetSourceAddress                     0x00003145   Thumb Code    12  dma.o(.text)
    DMA_CancelTransfer                       0x00003151   Thumb Code    14  dma.o(.text)
    DMA0_IRQHandler                          0x0000315f   Thumb Code    22  dma.o(.text)
    DMA1_IRQHandler                          0x00003175   Thumb Code    22  dma.o(.text)
    DMA2_IRQHandler                          0x0000318b   Thumb Code    50  dma.o(.text)
    DMA3_IRQHandler                          0x000031bd   Thumb Code    22  dma.o(.text)
    DMA4_IRQHandler                          0x000031d3   Thumb Code    22  dma.o(.text)
    DMA5_IRQHandler                          0x000031e9   Thumb Code    22  dma.o(.text)
    DMA6_IRQHandler                          0x000031ff   Thumb Code    22  dma.o(.text)
    DMA7_IRQHandler                          0x00003215   Thumb Code    22  dma.o(.text)
    DMA8_IRQHandler                          0x0000322b   Thumb Code    22  dma.o(.text)
    DMA9_IRQHandler                          0x00003241   Thumb Code    22  dma.o(.text)
    DMA10_IRQHandler                         0x00003257   Thumb Code    22  dma.o(.text)
    DMA11_IRQHandler                         0x0000326d   Thumb Code    22  dma.o(.text)
    DMA12_IRQHandler                         0x00003283   Thumb Code    22  dma.o(.text)
    DMA13_IRQHandler                         0x00003299   Thumb Code    22  dma.o(.text)
    DMA14_IRQHandler                         0x000032af   Thumb Code    22  dma.o(.text)
    DMA15_IRQHandler                         0x000032c5   Thumb Code    22  dma.o(.text)
    FTM_PWM_InvertPolarity                   0x00003477   Thumb Code   132  ftm.o(.text)
    FTM_QD_QuickInit                         0x0000396d   Thumb Code   380  ftm.o(.text)
    FTM_QD_GetData                           0x00003ae9   Thumb Code    30  ftm.o(.text)
    FTM_QD_ClearCount                        0x00003b07   Thumb Code    12  ftm.o(.text)
    FTM_PWM_ChangeDuty                       0x00003b13   Thumb Code   150  ftm.o(.text)
    FTM_PWM_QuickInit                        0x00003ba9   Thumb Code   328  ftm.o(.text)
    FTM_IC_QuickInit                         0x00003cf1   Thumb Code    82  ftm.o(.text)
    FTM_IC_SetTriggerMode                    0x00003d43   Thumb Code   194  ftm.o(.text)
    FTM_GetChlCounter                        0x00003e05   Thumb Code    18  ftm.o(.text)
    FTM_SetMoudleCounter                     0x00003e17   Thumb Code    10  ftm.o(.text)
    FTM_CallbackInstall                      0x00003e21   Thumb Code    10  ftm.o(.text)
    FTM_ITDMAConfig                          0x00003e2b   Thumb Code   370  ftm.o(.text)
    FTM0_IRQHandler                          0x00003f9d   Thumb Code   102  ftm.o(.text)
    FTM1_IRQHandler                          0x00004003   Thumb Code   102  ftm.o(.text)
    FTM2_IRQHandler                          0x00004069   Thumb Code   102  ftm.o(.text)
    PORT_PinMuxConfig                        0x000040e1   Thumb Code    74  gpio.o(.text)
    PORT_PinPullConfig                       0x0000412b   Thumb Code   162  gpio.o(.text)
    PORT_PinOpenDrainConfig                  0x000041cd   Thumb Code    74  gpio.o(.text)
    PORT_PinPassiveFilterConfig              0x00004217   Thumb Code    74  gpio.o(.text)
    GPIO_PinConfig                           0x00004261   Thumb Code    70  gpio.o(.text)
    GPIO_Init                                0x000042a7   Thumb Code   196  gpio.o(.text)
    GPIO_QuickInit                           0x0000436b   Thumb Code    30  gpio.o(.text)
    GPIO_WriteBit                            0x00004389   Thumb Code    68  gpio.o(.text)
    GPIO_SetBit                              0x000043cd   Thumb Code    24  gpio.o(.text)
    GPIO_ResetBit                            0x000043e5   Thumb Code    24  gpio.o(.text)
    GPIO_ReadBit                             0x000043fd   Thumb Code    50  gpio.o(.text)
    GPIO_ToggleBit                           0x0000442f   Thumb Code    24  gpio.o(.text)
    GPIO_ReadPort                            0x00004447   Thumb Code    12  gpio.o(.text)
    GPIO_WritePort                           0x00004453   Thumb Code    10  gpio.o(.text)
    GPIO_ITDMAConfig                         0x0000445d   Thumb Code   402  gpio.o(.text)
    GPIO_CallbackInstall                     0x000045ef   Thumb Code    26  gpio.o(.text)
    PORTA_IRQHandler                         0x00004609   Thumb Code    38  gpio.o(.text)
    PORTB_IRQHandler                         0x0000462f   Thumb Code    38  gpio.o(.text)
    PORTC_IRQHandler                         0x00004655   Thumb Code    38  gpio.o(.text)
    UART_GetTxFIFOSize                       0x000046a5   Thumb Code    22  uart.o(.text)
    UART_WriteByte                           0x000046bb   Thumb Code   118  uart.o(.text)
    fputc                                    0x00004731   Thumb Code    20  uart.o(.text)
    UART_ReadByte                            0x00004745   Thumb Code    56  uart.o(.text)
    fgetc                                    0x0000477d   Thumb Code    28  uart.o(.text)
    UART_Init                                0x00004799   Thumb Code   606  uart.o(.text)
    UART_DeInit                              0x000049f7   Thumb Code    66  uart.o(.text)
    UART_SelectDebugInstance                 0x00004a39   Thumb Code    26  uart.o(.text)
    UART_EnableTxFIFO                        0x00004a53   Thumb Code    86  uart.o(.text)
    UART_EnableRxFIFO                        0x00004aa9   Thumb Code    46  uart.o(.text)
    UART_GetRxFIFOSize                       0x00004ad7   Thumb Code    22  uart.o(.text)
    UART_SetTxFIFOWatermark                  0x00004aed   Thumb Code    50  uart.o(.text)
    UART_SetRxFIFOWatermark                  0x00004b1f   Thumb Code    50  uart.o(.text)
    UART_ITDMAConfig                         0x00004b51   Thumb Code   346  uart.o(.text)
    UART_CallbackTxInstall                   0x00004cab   Thumb Code    36  uart.o(.text)
    UART_CallbackRxInstall                   0x00004ccf   Thumb Code    36  uart.o(.text)
    UART_QuickInit                           0x00004cf3   Thumb Code   150  uart.o(.text)
    UART0_RX_TX_IRQHandler                   0x00004d89   Thumb Code   100  uart.o(.text)
    UART1_RX_TX_IRQHandler                   0x00004ded   Thumb Code   100  uart.o(.text)
    UART2_RX_TX_IRQHandler                   0x00004e51   Thumb Code   126  uart.o(.text)
    UART3_RX_TX_IRQHandler                   0x00004ecf   Thumb Code   100  uart.o(.text)
    UART4_RX_TX_IRQHandler                   0x00004f33   Thumb Code   100  uart.o(.text)
    UART5_RX_TX_IRQHandler                   0x00004f97   Thumb Code   100  uart.o(.text)
    UART_SetDMATxMode                        0x00004ffb   Thumb Code   126  uart.o(.text)
    UART_DMASendByte                         0x00005079   Thumb Code    44  uart.o(.text)
    UART_DMAGetRemainByte                    0x000050a5   Thumb Code    16  uart.o(.text)
    SPI_CTARConfig                           0x000051c7   Thumb Code   464  spi.o(.text)
    SPI_Init                                 0x00005397   Thumb Code   228  spi.o(.text)
    SPI_QuickInit                            0x0000547b   Thumb Code   126  spi.o(.text)
    SPI_EnableTxFIFO                         0x000054f9   Thumb Code    66  spi.o(.text)
    SPI_EnableRxFIFO                         0x0000553b   Thumb Code    66  spi.o(.text)
    SPI_ITDMAConfig                          0x0000557d   Thumb Code   276  spi.o(.text)
    SPI_CallbackInstall                      0x00005691   Thumb Code    10  spi.o(.text)
    SPI_ReadWriteByte                        0x0000569b   Thumb Code   114  spi.o(.text)
    SPI0_IRQHandler                          0x0000570d   Thumb Code    32  spi.o(.text)
    SPI1_IRQHandler                          0x0000572d   Thumb Code    32  spi.o(.text)
    SPI2_IRQHandler                          0x0000574d   Thumb Code    32  spi.o(.text)
    WDOG_Init                                0x0000578d   Thumb Code   112  wdog.o(.text)
    WDOG_QuickInit                           0x000057fd   Thumb Code    24  wdog.o(.text)
    WDOG_ITDMAConfig                         0x00005815   Thumb Code    84  wdog.o(.text)
    WDOG_CallbackInstall                     0x00005869   Thumb Code     8  wdog.o(.text)
    WDOG_GetResetCounter                     0x00005871   Thumb Code     6  wdog.o(.text)
    WDOG_ClearResetCounter                   0x00005877   Thumb Code    10  wdog.o(.text)
    WDOG_GetCurrentCounter                   0x00005881   Thumb Code    14  wdog.o(.text)
    WDOG_Refresh                             0x0000588f   Thumb Code    32  wdog.o(.text)
    Watchdog_IRQHandler                      0x000058af   Thumb Code    28  wdog.o(.text)
    PIT_Init                                 0x000058d9   Thumb Code    92  pit.o(.text)
    PIT_QuickInit                            0x00005935   Thumb Code    20  pit.o(.text)
    PIT_ITDMAConfig                          0x00005949   Thumb Code   114  pit.o(.text)
    PIT_ResetCounter                         0x000059bb   Thumb Code    42  pit.o(.text)
    PIT_GetCounterValue                      0x000059e5   Thumb Code    12  pit.o(.text)
    PIT_CallbackInstall                      0x000059f1   Thumb Code    22  pit.o(.text)
    PIT0_IRQHandler                          0x00005a31   Thumb Code    10  pit.o(.text)
    PIT1_IRQHandler                          0x00005a3b   Thumb Code    10  pit.o(.text)
    PIT2_IRQHandler                          0x00005a45   Thumb Code    10  pit.o(.text)
    PIT3_IRQHandler                          0x00005a4f   Thumb Code    10  pit.o(.text)
    QD_value                                 0x00005a75   Thumb Code   132  bianmaqi.o(.text)
    LCD_Display_BackgroundColor              0x00005b15   Thumb Code    98  drv_lcd.o(.text)
    LCD_Init                                 0x00005b77   Thumb Code  1418  drv_lcd.o(.text)
    LCD_Draw_Point                           0x00006101   Thumb Code   214  drv_lcd.o(.text)
    LCD_Sleep                                0x000061d7   Thumb Code    46  drv_lcd.o(.text)
    LCD_WakeUp                               0x00006205   Thumb Code    46  drv_lcd.o(.text)
    _LCD_DispChar                            0x00006233   Thumb Code   286  drv_lcd.o(.text)
    LCD_DispChar                             0x00006351   Thumb Code    46  drv_lcd.o(.text)
    LCD_printf                               0x0000637f   Thumb Code    68  drv_lcd.o(.text)
    ov7620_DMA                               0x000063c9   Thumb Code    38  ov7620.o(.text)
    OV7620_Init                              0x000063ef   Thumb Code   224  ov7620.o(.text)
    PORTE_IRQHandler                         0x000064cf   Thumb Code   104  ov7620.o(.text)
    PORTD_IRQHandler                         0x00006537   Thumb Code    74  ov7620.o(.text)
    __aeabi_fadd                             0x000065cd   Thumb Code   164  fadd.o(.text)
    __aeabi_fsub                             0x00006671   Thumb Code     6  fadd.o(.text)
    __aeabi_frsub                            0x00006677   Thumb Code     6  fadd.o(.text)
    __aeabi_fmul                             0x0000667d   Thumb Code   100  fmul.o(.text)
    __aeabi_fdiv                             0x000066e1   Thumb Code   124  fdiv.o(.text)
    __aeabi_i2f                              0x0000675d   Thumb Code    18  fflti.o(.text)
    __aeabi_ui2f                             0x0000676f   Thumb Code    10  ffltui.o(.text)
    __aeabi_f2iz                             0x00006779   Thumb Code    50  ffixi.o(.text)
    __aeabi_f2uiz                            0x000067ab   Thumb Code    40  ffixui.o(.text)
    __aeabi_cfrcmple                         0x000067d5   Thumb Code    20  cfrcmple.o(.text)
    __aeabi_uidiv                            0x000067e9   Thumb Code     0  uidiv.o(.text)
    __aeabi_uidivmod                         0x000067e9   Thumb Code    44  uidiv.o(.text)
    __aeabi_uldivmod                         0x00006815   Thumb Code    98  uldiv.o(.text)
    __I$use$fp                               0x00006877   Thumb Code     0  iusefp.o(.text)
    _float_round                             0x00006877   Thumb Code    18  fepilogue.o(.text)
    _float_epilogue                          0x00006889   Thumb Code    92  fepilogue.o(.text)
    __aeabi_dadd                             0x000068e5   Thumb Code   322  dadd.o(.text)
    __aeabi_dsub                             0x00006a27   Thumb Code     6  dadd.o(.text)
    __aeabi_drsub                            0x00006a2d   Thumb Code     6  dadd.o(.text)
    __aeabi_dmul                             0x00006a33   Thumb Code   228  dmul.o(.text)
    __aeabi_ddiv                             0x00006b17   Thumb Code   222  ddiv.o(.text)
    __aeabi_d2ulz                            0x00006bf5   Thumb Code    48  dfixul.o(.text)
    __aeabi_cdrcmple                         0x00006c25   Thumb Code    48  cdrcmple.o(.text)
    __scatterload                            0x00006c55   Thumb Code    28  init.o(.text)
    __scatterload_rt2                        0x00006c55   Thumb Code     0  init.o(.text)
    __aeabi_llsl                             0x00006c79   Thumb Code    30  llshl.o(.text)
    _ll_shift_l                              0x00006c79   Thumb Code     0  llshl.o(.text)
    __aeabi_llsr                             0x00006c97   Thumb Code    32  llushr.o(.text)
    _ll_ushift_r                             0x00006c97   Thumb Code     0  llushr.o(.text)
    __aeabi_lasr                             0x00006cb7   Thumb Code    36  llsshr.o(.text)
    _ll_sshift_r                             0x00006cb7   Thumb Code     0  llsshr.o(.text)
    _double_round                            0x00006cdb   Thumb Code    30  depilogue.o(.text)
    _double_epilogue                         0x00006cf9   Thumb Code   156  depilogue.o(.text)
    __decompress                             0x00006d95   Thumb Code     0  __dczerorl2.o(.text)
    __decompress1                            0x00006d95   Thumb Code    86  __dczerorl2.o(.text)
    __0vsprintf                              0x00006ded   Thumb Code    30  printfa.o(i.__0vsprintf)
    __1vsprintf                              0x00006ded   Thumb Code     0  printfa.o(i.__0vsprintf)
    __2vsprintf                              0x00006ded   Thumb Code     0  printfa.o(i.__0vsprintf)
    __c89vsprintf                            0x00006ded   Thumb Code     0  printfa.o(i.__0vsprintf)
    vsprintf                                 0x00006ded   Thumb Code     0  printfa.o(i.__0vsprintf)
    __scatterload_copy                       0x00006e11   Thumb Code    14  handlers.o(i.__scatterload_copy)
    __scatterload_null                       0x00006e1f   Thumb Code     2  handlers.o(i.__scatterload_null)
    __scatterload_zeroinit                   0x00006e21   Thumb Code    14  handlers.o(i.__scatterload_zeroinit)
    ADC_InstanceTable                        0x000076ec   Data           8  adc.o(.constdata)
    SPI_InstanceTable                        0x00007820   Data          12  spi.o(.constdata)
    FONT_SimSun6x8                           0x0000789c   Data        1140  drv_lcd.o(.constdata)
    OV7620_SelectedROWS                      0x00007d10   Data         100  ov7620.o(.constdata)
    Region$$Table$$Base                      0x00007d7c   Number         0  anon$$obj.o(Region$$Table)
    Region$$Table$$Limit                     0x00007dac   Number         0  anon$$obj.o(Region$$Table)
    xideng                                   0x1fff0000   Data           1  canshu.o(.data)
    speedjiasu                               0x1fff0002   Data           2  canshu.o(.data)
    speedxinjiansu                           0x1fff0004   Data           2  canshu.o(.data)
    speedxinbi1                              0x1fff0006   Data           2  canshu.o(.data)
    speedxinjia                              0x1fff0008   Data           2  canshu.o(.data)
    speeddazhuan                             0x1fff000a   Data           2  canshu.o(.data)
    speedbizhang                             0x1fff000c   Data           2  canshu.o(.data)
    speedzhuanwan                            0x1fff000e   Data           2  canshu.o(.data)
    speedzhuanwan2                           0x1fff0010   Data           2  canshu.o(.data)
    pianchak                                 0x1fff0014   Data           4  canshu.o(.data)
    anglek                                   0x1fff0018   Data           4  canshu.o(.data)
    Kd                                       0x1fff001c   Data           2  canshu.o(.data)
    door_7620                                0x1fff001e   Data           2  canshu.o(.data)
    stopbizhangh7620                         0x1fff0020   Data           2  canshu.o(.data)
    door7620                                 0x1fff0022   Data           2  canshu.o(.data)
    cammid                                   0x1fff0024   Data           2  canshu.o(.data)
    acc_stop                                 0x1fff0026   Data           2  canshu.o(.data)
    k12                                      0x1fff0028   Data           4  canshu.o(.data)
    xinbiaoqieguo_h                          0x1fff002c   Data           2  canshu.o(.data)
    target_flag                              0x1fff002e   Data           1  canshu.o(.data)
    target_h                                 0x1fff0030   Data           2  canshu.o(.data)
    target_l                                 0x1fff0032   Data           2  canshu.o(.data)
    barrier_h                                0x1fff0034   Data           1  canshu.o(.data)
    barrier_l                                0x1fff0035   Data           1  canshu.o(.data)
    beacon_right_flag                        0x1fff0036   Data           1  canshu.o(.data)
    xinbiaoqieguo                            0x1fff0037   Data           1  canshu.o(.data)
    jioushu                                  0x1fff0038   Data           1  canshu.o(.data)
    state                                    0x1fff0039   Data           1  canshu.o(.data)
    count1                                   0x1fff003a   Data           1  canshu.o(.data)
    count11                                  0x1fff003b   Data           5  canshu.o(.data)
    count7725                                0x1fff0040   Data           2  canshu.o(.data)
    forestate                                0x1fff0042   Data           1  canshu.o(.data)
    foreangle                                0x1fff0044   Data           2  canshu.o(.data)
    tt1                                      0x1fff0048   Data           4  canshu.o(.data)
    speedx                                   0x1fff004c   Data           2  canshu.o(.data)
    anglex                                   0x1fff004e   Data           2  canshu.o(.data)
    anglenow                                 0x1fff0050   Data           2  canshu.o(.data)
    left_speed_disire                        0x1fff0054   Data           4  canshu.o(.data)
    right_speed_desire                       0x1fff0058   Data           4  canshu.o(.data)
    mode_selection                           0x1fff005c   Data           4  main.o(.data)
    mode_data                                0x1fff0060   Data           4  main.o(.data)
    barrier                                  0x1fff0064   Data           1  flag.o(.data)
    countbz7620                              0x1fff0066   Data           2  flag.o(.data)
    juli                                     0x1fff0068   Data           1  flag.o(.data)
    xiangsuzhi                               0x1fff0069   Data           1  flag.o(.data)
    deviation                                0x1fff006c   Data           2  response.o(.data)
    stop_flag                                0x1fff006e   Data           1  move.o(.data)
    dooracc                                  0x1fff0070   Data           2  pid.o(.data)
    doorslow                                 0x1fff0072   Data           2  pid.o(.data)
    Kp                                       0x1fff0074   Data           2  pid.o(.data)
    Ki                                       0x1fff0076   Data           2  pid.o(.data)
    leftsum                                  0x1fff0078   Data           2  pid.o(.data)
    rightsum                                 0x1fff007a   Data           2  pid.o(.data)
    bamakaiguan                              0x1fff0098   Data           1  qita.o(.data)
    xinbiaoxiangsu                           0x1fff009a   Data           2  qita.o(.data)
    xinbiaobiaozhi                           0x1fff009c   Data           1  qita.o(.data)
    xidengshu                                0x1fff009d   Data           1  qita.o(.data)
    laststate                                0x1fff009e   Data           1  qita.o(.data)
    pass_beacon_number                       0x1fff009f   Data           1  qita.o(.data)
    drive_back                               0x1fff00a0   Data           1  qita.o(.data)
    car_back_delay                           0x1fff00a2   Data           2  qita.o(.data)
    tt                                       0x1fff00a8   Data           2  delay.o(.data)
    delay_flag                               0x1fff00aa   Data           2  delay.o(.data)
    bama                                     0x1fff00ac   Data           8  key.o(.data)
    bamaa                                    0x1fff00b4   Data           8  key.o(.data)
    speed_level_selection                    0x1fff00bc   Data           2  rtp.o(.data)
    cam_back                                 0x1fff00be   Data           2  rtp.o(.data)
    route_selection_switch                   0x1fff00c0   Data           2  rtp.o(.data)
    speedjiasu_list                          0x1fff00c4   Data           4  race.o(.data)
    speedxinjiansu_list                      0x1fff00c8   Data           4  race.o(.data)
    speedxinbi1_list                         0x1fff00cc   Data           4  race.o(.data)
    speedxinjia_list                         0x1fff00d0   Data           4  race.o(.data)
    speeddazhuan_list                        0x1fff00d4   Data           4  race.o(.data)
    speedbizhang_list                        0x1fff00d8   Data           4  race.o(.data)
    speedzhuanwan_list                       0x1fff00dc   Data           4  race.o(.data)
    speedzhuanwan2_list                      0x1fff00e0   Data           4  race.o(.data)
    chasu_low                                0x1fff00e4   Data           4  race.o(.data)
    chasu_high                               0x1fff00e8   Data           4  race.o(.data)
    turn                                     0x1fff00ec   Data          60  race.o(.data)
    turn_route                               0x1fff0128   Data          60  race.o(.data)
    SystemCoreClock                          0x1fff0164   Data           4  system_mk60d10.o(.data)
    __stdout                                 0x1fff0184   Data           4  uart.o(.data)
    __stdin                                  0x1fff0188   Data           4  uart.o(.data)
    qd_left_value                            0x1fff01b0   Data           2  bianmaqi.o(.data)
    qd_right_value                           0x1fff01b2   Data           2  bianmaqi.o(.data)
    avespeed                                 0x1fff01b4   Data           2  bianmaqi.o(.data)
    direction                                0x1fff01b6   Data           1  bianmaqi.o(.data)
    direction2                               0x1fff01b7   Data           1  bianmaqi.o(.data)
    Left_QD_value                            0x1fff01b8   Data           4  bianmaqi.o(.data)
    Right_QD_value                           0x1fff01bc   Data           4  bianmaqi.o(.data)
    display_on_LCD                           0x1fff01c0   Data           1  drv_lcd.o(.data)
    ov7620_img_flag                          0x1fff01d0   Data           1  ov7620.o(.data)
    currRow                                  0x1fff01d2   Data           2  ov7620.o(.data)
    wantRow                                  0x1fff01d4   Data           2  ov7620.o(.data)
    state0                                   0x1fff01d8   Data          10  canshu.o(.bss)
    xinbiao0                                 0x1fff01e2   Data          20  qita.o(.bss)
    __initial_sp                             0x1fff22b8   Data           0  startup_mk60d10.o(STACK)
    CCD_Image                                0x20000000   Data       32000  ov7620.o(.bss)
    CCD_Image22                              0x20007d00   Data       32000  ov7620.o(.bss)
    DMA_InitStruct1                          0x2000fa00   Data          48  ov7620.o(.bss)



==============================================================================

Memory Map of the image

  Image Entry point : 0x00000411

  Load Region LR_IROM1 (Base: 0x00000000, Size: 0x00007f84, Max: 0x00080000, ABSOLUTE, COMPRESSED[0x00007e48])

    Execution Region ER_IROM1 (Base: 0x00000000, Size: 0x00007dac, Max: 0x00080000, ABSOLUTE)

    Base Addr    Size         Type   Attr      Idx    E Section Name        Object

    0x00000000   0x00000400   Data   RO          613    RESET               startup_mk60d10.o
    0x00000400   0x00000010   Code   RO          614    .ARM.__at_0x400     startup_mk60d10.o
    0x00000410   0x00000000   Code   RO         1230  * .ARM.Collect$$$$00000000  mc_w.l(entry.o)
    0x00000410   0x00000004   Code   RO         1512    .ARM.Collect$$$$00000001  mc_w.l(entry2.o)
    0x00000414   0x00000004   Code   RO         1515    .ARM.Collect$$$$00000004  mc_w.l(entry5.o)
    0x00000418   0x00000000   Code   RO         1517    .ARM.Collect$$$$00000008  mc_w.l(entry7b.o)
    0x00000418   0x00000000   Code   RO         1519    .ARM.Collect$$$$0000000A  mc_w.l(entry8b.o)
    0x00000418   0x00000008   Code   RO         1520    .ARM.Collect$$$$0000000B  mc_w.l(entry9a.o)
    0x00000420   0x00000000   Code   RO         1522    .ARM.Collect$$$$0000000D  mc_w.l(entry10a.o)
    0x00000420   0x00000000   Code   RO         1524    .ARM.Collect$$$$0000000F  mc_w.l(entry11a.o)
    0x00000420   0x00000004   Code   RO         1513    .ARM.Collect$$$$00002712  mc_w.l(entry2.o)
    0x00000424   0x000000bc   Code   RO            3    .text               img_processing.o
    0x000004e0   0x00000078   Code   RO          289    .text               main.o
    0x00000558   0x000005b0   Code   RO          326    .text               getready.o
    0x00000b08   0x000003e0   Code   RO          350    .text               flag.o
    0x00000ee8   0x00000494   Code   RO          376    .text               response.o
    0x0000137c   0x00000148   Code   RO          403    .text               move.o
    0x000014c4   0x00000288   Code   RO          430    .text               pid.o
    0x0000174c   0x00000220   Code   RO          453    .text               qita.o
    0x0000196c   0x0000002c   Code   RO          479    .text               delay.o
    0x00001998   0x000000d0   Code   RO          499    .text               key.o
    0x00001a68   0x000001f8   Code   RO          525    .text               rtp.o
    0x00001c60   0x00000160   Code   RO          551    .text               cartest.o
    0x00001dc0   0x00000228   Code   RO          583    .text               system_mk60d10.o
    0x00001fe8   0x00000024   Code   RO          615    .text               startup_mk60d10.o
    0x0000200c   0x000005d4   Code   RO          623    .text               adc.o
    0x000025e0   0x000000c4   Code   RO          650    .text               cmt.o
    0x000026a4   0x0000012c   Code   RO          675    .text               common.o
    0x000027d0   0x000005e4   Code   RO          695    .text               dac.o
    0x00002db4   0x00000530   Code   RO          721    .text               dma.o
    0x000032e4   0x00000dfc   Code   RO          749    .text               ftm.o
    0x000040e0   0x000005c4   Code   RO          776    .text               gpio.o
    0x000046a4   0x00000a40   Code   RO          847    .text               uart.o
    0x000050e4   0x00000694   Code   RO          879    .text               spi.o
    0x00005778   0x00000160   Code   RO          906    .text               wdog.o
    0x000058d8   0x0000019c   Code   RO          931    .text               pit.o
    0x00005a74   0x000000a0   Code   RO          983    .text               bianmaqi.o
    0x00005b14   0x000008b4   Code   RO         1009    .text               drv_lcd.o
    0x000063c8   0x00000204   Code   RO         1051    .text               ov7620.o
    0x000065cc   0x000000b0   Code   RO         1496    .text               mf_w.l(fadd.o)
    0x0000667c   0x00000064   Code   RO         1498    .text               mf_w.l(fmul.o)
    0x000066e0   0x0000007c   Code   RO         1500    .text               mf_w.l(fdiv.o)
    0x0000675c   0x00000012   Code   RO         1502    .text               mf_w.l(fflti.o)
    0x0000676e   0x0000000a   Code   RO         1504    .text               mf_w.l(ffltui.o)
    0x00006778   0x00000032   Code   RO         1506    .text               mf_w.l(ffixi.o)
    0x000067aa   0x00000028   Code   RO         1508    .text               mf_w.l(ffixui.o)
    0x000067d2   0x00000002   PAD
    0x000067d4   0x00000014   Code   RO         1510    .text               mf_w.l(cfrcmple.o)
    0x000067e8   0x0000002c   Code   RO         1526    .text               mc_w.l(uidiv.o)
    0x00006814   0x00000062   Code   RO         1528    .text               mc_w.l(uldiv.o)
    0x00006876   0x00000000   Code   RO         1530    .text               mc_w.l(iusefp.o)
    0x00006876   0x0000006e   Code   RO         1531    .text               mf_w.l(fepilogue.o)
    0x000068e4   0x0000014e   Code   RO         1533    .text               mf_w.l(dadd.o)
    0x00006a32   0x000000e4   Code   RO         1535    .text               mf_w.l(dmul.o)
    0x00006b16   0x000000de   Code   RO         1537    .text               mf_w.l(ddiv.o)
    0x00006bf4   0x00000030   Code   RO         1539    .text               mf_w.l(dfixul.o)
    0x00006c24   0x00000030   Code   RO         1541    .text               mf_w.l(cdrcmple.o)
    0x00006c54   0x00000024   Code   RO         1543    .text               mc_w.l(init.o)
    0x00006c78   0x0000001e   Code   RO         1545    .text               mc_w.l(llshl.o)
    0x00006c96   0x00000020   Code   RO         1547    .text               mc_w.l(llushr.o)
    0x00006cb6   0x00000024   Code   RO         1549    .text               mc_w.l(llsshr.o)
    0x00006cda   0x000000ba   Code   RO         1551    .text               mf_w.l(depilogue.o)
    0x00006d94   0x00000056   Code   RO         1561    .text               mc_w.l(__dczerorl2.o)
    0x00006dea   0x00000002   PAD
    0x00006dec   0x00000024   Code   RO         1474    i.__0vsprintf       mc_w.l(printfa.o)
    0x00006e10   0x0000000e   Code   RO         1555    i.__scatterload_copy  mc_w.l(handlers.o)
    0x00006e1e   0x00000002   Code   RO         1556    i.__scatterload_null  mc_w.l(handlers.o)
    0x00006e20   0x0000000e   Code   RO         1557    i.__scatterload_zeroinit  mc_w.l(handlers.o)
    0x00006e2e   0x00000002   PAD
    0x00006e30   0x00000184   Code   RO         1475    i._fp_digits        mc_w.l(printfa.o)
    0x00006fb4   0x000006dc   Code   RO         1476    i._printf_core      mc_w.l(printfa.o)
    0x00007690   0x00000024   Code   RO         1477    i._printf_post_padding  mc_w.l(printfa.o)
    0x000076b4   0x0000002e   Code   RO         1478    i._printf_pre_padding  mc_w.l(printfa.o)
    0x000076e2   0x0000000a   Code   RO         1480    i._sputc            mc_w.l(printfa.o)
    0x000076ec   0x0000001a   Data   RO          624    .constdata          adc.o
    0x00007706   0x00000002   PAD
    0x00007708   0x0000000a   Data   RO          696    .constdata          dac.o
    0x00007712   0x00000010   Data   RO          723    .constdata          dma.o
    0x00007722   0x00000002   PAD
    0x00007724   0x00000033   Data   RO          751    .constdata          ftm.o
    0x00007757   0x00000001   PAD
    0x00007758   0x00000041   Data   RO          778    .constdata          gpio.o
    0x00007799   0x00000003   PAD
    0x0000779c   0x00000084   Data   RO          849    .constdata          uart.o
    0x00007820   0x00000078   Data   RO          881    .constdata          spi.o
    0x00007898   0x00000004   Data   RO          933    .constdata          pit.o
    0x0000789c   0x00000474   Data   RO         1010    .constdata          drv_lcd.o
    0x00007d10   0x00000064   Data   RO         1053    .constdata          ov7620.o
    0x00007d74   0x00000007   Data   RO         1011    .conststring        drv_lcd.o
    0x00007d7b   0x00000001   PAD
    0x00007d7c   0x00000030   Data   RO         1553    Region$$Table       anon$$obj.o


    Execution Region RW_IRAM2 (Base: 0x1fff0000, Size: 0x000022b8, Max: 0x00010000, ABSOLUTE, COMPRESSED[0x0000009c])

    Base Addr    Size         Type   Attr      Idx    E Section Name        Object

    0x1fff0000   0x0000005c   Data   RW          264    .data               canshu.o
    0x1fff005c   0x00000008   Data   RW          290    .data               main.o
    0x1fff0064   0x00000007   Data   RW          351    .data               flag.o
    0x1fff006b   0x00000001   PAD
    0x1fff006c   0x00000002   Data   RW          377    .data               response.o
    0x1fff006e   0x00000001   Data   RW          404    .data               move.o
    0x1fff006f   0x00000001   PAD
    0x1fff0070   0x00000028   Data   RW          431    .data               pid.o
    0x1fff0098   0x00000010   Data   RW          455    .data               qita.o
    0x1fff00a8   0x00000004   Data   RW          480    .data               delay.o
    0x1fff00ac   0x00000010   Data   RW          500    .data               key.o
    0x1fff00bc   0x00000008   Data   RW          526    .data               rtp.o
    0x1fff00c4   0x000000a0   Data   RW          569    .data               race.o
    0x1fff0164   0x00000004   Data   RW          584    .data               system_mk60d10.o
    0x1fff0168   0x00000008   Data   RW          625    .data               adc.o
    0x1fff0170   0x00000002   Data   RW          651    .data               cmt.o
    0x1fff0172   0x00000002   PAD
    0x1fff0174   0x00000008   Data   RW          697    .data               dac.o
    0x1fff017c   0x00000004   Data   RW          724    .data               dma.o
    0x1fff0180   0x00000025   Data   RW          850    .data               uart.o
    0x1fff01a5   0x00000003   PAD
    0x1fff01a8   0x00000004   Data   RW          907    .data               wdog.o
    0x1fff01ac   0x00000004   Data   RW          934    .data               pit.o
    0x1fff01b0   0x00000010   Data   RW          984    .data               bianmaqi.o
    0x1fff01c0   0x00000010   Data   RW         1012    .data               drv_lcd.o
    0x1fff01d0   0x00000006   Data   RW         1054    .data               ov7620.o
    0x1fff01d6   0x00000002   PAD
    0x1fff01d8   0x0000000a   Zero   RW          263    .bss                canshu.o
    0x1fff01e2   0x00000014   Zero   RW          454    .bss                qita.o
    0x1fff01f6   0x00000002   PAD
    0x1fff01f8   0x00000040   Zero   RW          722    .bss                dma.o
    0x1fff0238   0x0000000c   Zero   RW          750    .bss                ftm.o
    0x1fff0244   0x00000014   Zero   RW          777    .bss                gpio.o
    0x1fff0258   0x00000044   Zero   RW          848    .bss                uart.o
    0x1fff029c   0x0000000c   Zero   RW          880    .bss                spi.o
    0x1fff02a8   0x00000010   Zero   RW          932    .bss                pit.o
    0x1fff02b8   0x00002000   Zero   RW          611    STACK               startup_mk60d10.o


    Execution Region RW_IRAM1 (Base: 0x20000000, Size: 0x0000fa30, Max: 0x00010000, ABSOLUTE)

    Base Addr    Size         Type   Attr      Idx    E Section Name        Object

    0x20000000   0x0000fa30   Zero   RW         1052    .bss                ov7620.o


==============================================================================

Image component sizes


      Code (inc. data)   RO Data    RW Data    ZI Data      Debug   Object Name

      1492         36         26          8          0       7519   adc.o
       160         28          0         16          0        933   bianmaqi.o
         0          0          0         92         10       2013   canshu.o
       352         32          0          0          0       1097   cartest.o
       196         12          0          2          0       1086   cmt.o
       300         26          0          0          0       3306   common.o
      1508         34         10          8          0       5073   dac.o
        44          8          0          4          0        739   delay.o
      1328         38         16          4         64      29033   dma.o
      2228         12       1147         16          0       7362   drv_lcd.o
       992         76          0          7          0       2182   flag.o
      3580         70         51          0         12       7206   ftm.o
      1456        306          0          0          0      24719   getready.o
      1476         60         65          0         20       5865   gpio.o
       188         12          0          0          0     243599   img_processing.o
       208         10          0         16          0       1246   key.o
       120         20          0          8          0        750   main.o
       328         40          0          1          0        915   move.o
       516         58        100          6      64048      24454   ov7620.o
         0          0          0          0          0     267223   ov7725_init.o
       648         64          0         40          0       2011   pid.o
       412         28          4          4         16       3706   pit.o
       544        100          0         16         20       2095   qita.o
         0          0          0        160          0       1132   race.o
      1172        134          0          2          0       1587   response.o
       504        118          0          8          0       1132   rtp.o
      1684         40        120          0         12       6716   spi.o
        52         24       1024          0       8192       1132   startup_mk60d10.o
       552         40          0          4          0       1377   system_mk60d10.o
      2624         72        132         37         68      10875   uart.o
       352         14          0          4          0       3489   wdog.o

    ----------------------------------------------------------------------
     25016       1512       2752        472      72464     671572   Object Totals
         0          0         48          0          0          0   (incl. Generated)
         0          0          9          9          2          0   (incl. Padding)

    ----------------------------------------------------------------------

      Code (inc. data)   RO Data    RW Data    ZI Data      Debug   Library Member Name

        86          0          0          0          0          0   __dczerorl2.o
         0          0          0          0          0          0   entry.o
         0          0          0          0          0          0   entry10a.o
         0          0          0          0          0          0   entry11a.o
         8          4          0          0          0          0   entry2.o
         4          0          0          0          0          0   entry5.o
         0          0          0          0          0          0   entry7b.o
         0          0          0          0          0          0   entry8b.o
         8          4          0          0          0          0   entry9a.o
        30          0          0          0          0          0   handlers.o
        36          8          0          0          0         68   init.o
         0          0          0          0          0          0   iusefp.o
        30          0          0          0          0         68   llshl.o
        36          0          0          0          0         68   llsshr.o
        32          0          0          0          0         68   llushr.o
      2272         86          0          0          0        516   printfa.o
        44          0          0          0          0         80   uidiv.o
        98          0          0          0          0         92   uldiv.o
        48          0          0          0          0         68   cdrcmple.o
        20          0          0          0          0         68   cfrcmple.o
       334          0          0          0          0        148   dadd.o
       222          0          0          0          0        100   ddiv.o
       186          0          0          0          0        176   depilogue.o
        48          0          0          0          0         68   dfixul.o
       228          0          0          0          0         96   dmul.o
       176          0          0          0          0        140   fadd.o
       124          0          0          0          0         88   fdiv.o
       110          0          0          0          0        168   fepilogue.o
        50          0          0          0          0         68   ffixi.o
        40          0          0          0          0         68   ffixui.o
        18          0          0          0          0         68   fflti.o
        10          0          0          0          0         68   ffltui.o
       100          0          0          0          0         76   fmul.o

    ----------------------------------------------------------------------
      4404        102          0          0          0       2428   Library Totals
         6          0          0          0          0          0   (incl. Padding)

    ----------------------------------------------------------------------

      Code (inc. data)   RO Data    RW Data    ZI Data      Debug   Library Name

      2684        102          0          0          0        960   mc_w.l
      1714          0          0          0          0       1468   mf_w.l

    ----------------------------------------------------------------------
      4404        102          0          0          0       2428   Library Totals

    ----------------------------------------------------------------------

==============================================================================


      Code (inc. data)   RO Data    RW Data    ZI Data      Debug   

     29420       1614       2752        472      72464     670488   Grand Totals
     29420       1614       2752        156      72464     670488   ELF Image Totals (compressed)
     29420       1614       2752        156          0          0   ROM Totals

==============================================================================

    Total RO  Size (Code + RO Data)                32172 (  31.42kB)
    Total RW  Size (RW Data + ZI Data)             72936 (  71.23kB)
    Total ROM Size (Code + RO Data + RW Data)      32328 (  31.57kB)

==============================================================================

