Component: ARM Compiler 5.06 update 4 (build 422) Tool: armlink [4d35d2]

==============================================================================

Section Cross References

    main.o(.text) refers to getready.o(.text) for getready
    main.o(.text) refers to gpio.o(.text) for GPIO_ToggleBit
    main.o(.text) refers to flag.o(.text) for findpoint
    main.o(.text) refers to response.o(.text) for lookfor
    main.o(.text) refers to move.o(.text) for move
    main.o(.text) refers to qita.o(.text) for pass
    main.o(.text) refers to canshu.o(.data) for jioushu
    main.o(.text) refers to flag.o(.data) for barrier2
    control.o(.text) refers to ftm.o(.text) for FTM_QD_GetData
    control.o(.text) refers to control.o(.data) for direction
    img_processing.o(.text) refers to uart.o(.text) for UART_WriteByte
    img_processing.o(.text) refers to canshu.o(.data) for jioushu
    img_processing.o(.text) refers to ov7620.o(.bss) for CCD_Image
    ov7725_init.o(.text) refers to ov7725.o(.text) for ov7725_probe
    ov7725_init.o(.text) refers to printfa.o(i.__0printf) for __2printf
    ov7725_init.o(.text) refers to dma.o(.text) for DMA_EnableRequest
    ov7725_init.o(.text) refers to gpio.o(.text) for GPIO_QuickInit
    ov7725_init.o(.text) refers to memseta.o(.text) for __aeabi_memclr4
    ov7725_init.o(.text) refers to common.o(.text) for DelayMs
    ov7725_init.o(.text) refers to ov7725_init.o(.data) for ov7725_img_flag
    ov7725_init.o(.text) refers to ov7725_init.o(.bss) for CCDBufferPool
    getready.o(.text) refers to common.o(.text) for DelayInit
    getready.o(.text) refers to gpio.o(.text) for GPIO_QuickInit
    getready.o(.text) refers to uart.o(.text) for UART_QuickInit
    getready.o(.text) refers to ftm.o(.text) for FTM_QD_QuickInit
    getready.o(.text) refers to cmt.o(.text) for CMT_PWM_QuickInit
    getready.o(.text) refers to pit.o(.text) for PIT_QuickInit
    getready.o(.text) refers to drv_lcd.o(.text) for LCD_Init
    getready.o(.text) refers to ov7620.o(.text) for OV7620_Init
    getready.o(.text) refers to ov7725_init.o(.text) for ov7725_Init
    getready.o(.text) refers to img_processing.o(.text) for sending3
    getready.o(.text) refers to getready.o(.data) for tt
    getready.o(.text) refers to canshu.o(.data) for anglemid
    getready.o(.text) refers to control.o(.text) for QD_value
    getready.o(.text) refers to flag.o(.data) for countbz7620
    getready.o(.text) refers to qita.o(.data) for xinbiaoxiangsu
    getready.o(.text) refers to ov7725_init.o(.bss) for CCDBufferPool
    getready.o(.text) refers to ov7725_init.o(.data) for img
    getready.o(.text) refers to ov7620.o(.data) for ov7620_img_flag
    getready.o(.text) refers to ov7620.o(.bss) for CCD_Image
    getready.o(.text) refers to control.o(.data) for qd_left_value
    system_mk60d10.o(.text) refers to system_mk60d10.o(.data) for SystemCoreClock
    startup_mk60d10.o(RESET) refers to startup_mk60d10.o(STACK) for __initial_sp
    startup_mk60d10.o(RESET) refers to startup_mk60d10.o(.text) for Reset_Handler
    startup_mk60d10.o(RESET) refers to common.o(.text) for NMI_Handler
    startup_mk60d10.o(RESET) refers to dma.o(.text) for DMA0_IRQHandler
    startup_mk60d10.o(RESET) refers to wdog.o(.text) for Watchdog_IRQHandler
    startup_mk60d10.o(RESET) refers to spi.o(.text) for SPI0_IRQHandler
    startup_mk60d10.o(RESET) refers to uart.o(.text) for UART0_RX_TX_IRQHandler
    startup_mk60d10.o(RESET) refers to adc.o(.text) for ADC0_IRQHandler
    startup_mk60d10.o(RESET) refers to ftm.o(.text) for FTM0_IRQHandler
    startup_mk60d10.o(RESET) refers to pit.o(.text) for PIT0_IRQHandler
    startup_mk60d10.o(RESET) refers to dac.o(.text) for DAC0_IRQHandler
    startup_mk60d10.o(RESET) refers to gpio.o(.text) for PORTA_IRQHandler
    startup_mk60d10.o(RESET) refers to ov7620.o(.text) for PORTD_IRQHandler
    startup_mk60d10.o(.text) refers to system_mk60d10.o(.text) for SystemInit
    startup_mk60d10.o(.text) refers to entry.o(.ARM.Collect$$$$00000000) for __main
    adc.o(.text) refers to adc.o(.constdata) for ADC_InstanceTable
    adc.o(.text) refers to gpio.o(.text) for PORT_PinMuxConfig
    adc.o(.text) refers to adc.o(.data) for ADC_CallBackTable
    cmt.o(.text) refers to common.o(.text) for CLOCK_GetClockFrequency
    cmt.o(.text) refers to gpio.o(.text) for PORT_PinMuxConfig
    cmt.o(.text) refers to cmt.o(.data) for FullDuty
    common.o(.text) refers to system_mk60d10.o(.data) for SystemCoreClock
    dac.o(.text) refers to dac.o(.constdata) for DAC_InstanceTable
    dac.o(.text) refers to dac.o(.data) for DAC_CallBackTable
    dma.o(.text) refers to dma.o(.data) for DMAChlMAP
    dma.o(.text) refers to dma.o(.constdata) for DMA_IRQnTable
    dma.o(.text) refers to dma.o(.bss) for DMA_CallBackTable
    ftm.o(.text) refers to ftm.o(.constdata) for SIM_FTMClockGateTable
    ftm.o(.text) refers to gpio.o(.text) for PORT_PinMuxConfig
    ftm.o(.text) refers to common.o(.text) for CLOCK_GetClockFrequency
[...]
    ../clib/microlib/printf/printf.c         0x00000000   Number         0  printf4.o ABSOLUTE
    ../clib/microlib/printf/printf.c         0x00000000   Number         0  printf5.o ABSOLUTE
    ../clib/microlib/printf/printf.c         0x00000000   Number         0  printf6.o ABSOLUTE
    ../clib/microlib/printf/printf.c         0x00000000   Number         0  printf7.o ABSOLUTE
    ../clib/microlib/printf/printf.c         0x00000000   Number         0  printf8.o ABSOLUTE
    ../clib/microlib/printf/printf.c         0x00000000   Number         0  printfa.o ABSOLUTE
    ../clib/microlib/printf/printf.c         0x00000000   Number         0  printfb.o ABSOLUTE
    ../clib/microlib/printf/stubs.s          0x00000000   Number         0  stubs.o ABSOLUTE
    ../clib/microlib/string/memset.c         0x00000000   Number         0  memseta.o ABSOLUTE
    ../clib/microlib/stubs.s                 0x00000000   Number         0  iusefp.o ABSOLUTE
    ../fplib/microlib/fpadd.c                0x00000000   Number         0  dadd.o ABSOLUTE
    ../fplib/microlib/fpadd.c                0x00000000   Number         0  fadd.o ABSOLUTE
    ../fplib/microlib/fpdiv.c                0x00000000   Number         0  ddiv.o ABSOLUTE
    ../fplib/microlib/fpdiv.c                0x00000000   Number         0  fdiv.o ABSOLUTE
    ../fplib/microlib/fpepilogue.c           0x00000000   Number         0  fepilogue.o ABSOLUTE
    ../fplib/microlib/fpepilogue.c           0x00000000   Number         0  depilogue.o ABSOLUTE
    ../fplib/microlib/fpfix.c                0x00000000   Number         0  ffixui.o ABSOLUTE
    ../fplib/microlib/fpfix.c                0x00000000   Number         0  dfixul.o ABSOLUTE
    ../fplib/microlib/fpflt.c                0x00000000   Number         0  dfltui.o ABSOLUTE
    ../fplib/microlib/fpflt.c                0x00000000   Number         0  ffltui.o ABSOLUTE
    ../fplib/microlib/fpflt.c                0x00000000   Number         0  fflti.o ABSOLUTE
    ../fplib/microlib/fpmul.c                0x00000000   Number         0  fmul.o ABSOLUTE
    ../fplib/microlib/fpmul.c                0x00000000   Number         0  dmul.o ABSOLUTE
    ..\..\Libraries\devices\src\Drv_LCD.c    0x00000000   Number         0  drv_lcd.o ABSOLUTE
    ..\..\Libraries\devices\src\ov7725.c     0x00000000   Number         0  ov7725.o ABSOLUTE
    ..\..\Libraries\drivers\src\adc.c        0x00000000   Number         0  adc.o ABSOLUTE
    ..\..\Libraries\drivers\src\cmt.c        0x00000000   Number         0  cmt.o ABSOLUTE
    ..\..\Libraries\drivers\src\common.c     0x00000000   Number         0  common.o ABSOLUTE
    ..\..\Libraries\drivers\src\dac.c        0x00000000   Number         0  dac.o ABSOLUTE
    ..\..\Libraries\drivers\src\dma.c        0x00000000   Number         0  dma.o ABSOLUTE
    ..\..\Libraries\drivers\src\ftm.c        0x00000000   Number         0  ftm.o ABSOLUTE
    ..\..\Libraries\drivers\src\gpio.c       0x00000000   Number         0  gpio.o ABSOLUTE
    ..\..\Libraries\drivers\src\io2iic.c     0x00000000   Number         0  io2iic.o ABSOLUTE
    ..\..\Libraries\drivers\src\pit.c        0x00000000   Number         0  pit.o ABSOLUTE
    ..\..\Libraries\drivers\src\sd.c         0x00000000   Number         0  sd.o ABSOLUTE
    ..\..\Libraries\drivers\src\spi.c        0x00000000   Number         0  spi.o ABSOLUTE
    ..\..\Libraries\drivers\src\systick.c    0x00000000   Number         0  systick.o ABSOLUTE
    ..\..\Libraries\drivers\src\uart.c       0x00000000   Number         0  uart.o ABSOLUTE
    ..\..\Libraries\drivers\src\wdog.c       0x00000000   Number         0  wdog.o ABSOLUTE
    ..\..\Libraries\fatfs\diskio.c           0x00000000   Number         0  diskio.o ABSOLUTE
    ..\..\Libraries\fatfs\ff.c               0x00000000   Number         0  ff.o ABSOLUTE
    ..\..\Libraries\startup\DeviceSupport\MDK-ARM\startup_MK60D10.s 0x00000000   Number         0  startup_mk60d10.o ABSOLUTE
    ..\..\Libraries\startup\DeviceSupport\system_MK60D10.c 0x00000000   Number         0  system_mk60d10.o ABSOLUTE
    ..\\..\\Libraries\\devices\\src\\Drv_LCD.c 0x00000000   Number         0  drv_lcd.o ABSOLUTE
    ..\\..\\Libraries\\devices\\src\\ov7725.c 0x00000000   Number         0  ov7725.o ABSOLUTE
    ..\\..\\Libraries\\drivers\\src\\adc.c   0x00000000   Number         0  adc.o ABSOLUTE
    ..\\..\\Libraries\\drivers\\src\\cmt.c   0x00000000   Number         0  cmt.o ABSOLUTE
    ..\\..\\Libraries\\drivers\\src\\common.c 0x00000000   Number         0  common.o ABSOLUTE
    ..\\..\\Libraries\\drivers\\src\\dac.c   0x00000000   Number         0  dac.o ABSOLUTE
    ..\\..\\Libraries\\drivers\\src\\dma.c   0x00000000   Number         0  dma.o ABSOLUTE
    ..\\..\\Libraries\\drivers\\src\\ftm.c   0x00000000   Number         0  ftm.o ABSOLUTE
    ..\\..\\Libraries\\drivers\\src\\gpio.c  0x00000000   Number         0  gpio.o ABSOLUTE
    ..\\..\\Libraries\\drivers\\src\\io2iic.c 0x00000000   Number         0  io2iic.o ABSOLUTE
    ..\\..\\Libraries\\drivers\\src\\pit.c   0x00000000   Number         0  pit.o ABSOLUTE
    ..\\..\\Libraries\\drivers\\src\\sd.c    0x00000000   Number         0  sd.o ABSOLUTE
    ..\\..\\Libraries\\drivers\\src\\spi.c   0x00000000   Number         0  spi.o ABSOLUTE
    ..\\..\\Libraries\\drivers\\src\\systick.c 0x00000000   Number         0  systick.o ABSOLUTE
    ..\\..\\Libraries\\drivers\\src\\uart.c  0x00000000   Number         0  uart.o ABSOLUTE
    ..\\..\\Libraries\\drivers\\src\\wdog.c  0x00000000   Number         0  wdog.o ABSOLUTE
    ..\\..\\Libraries\\fatfs\\diskio.c       0x00000000   Number         0  diskio.o ABSOLUTE
    ..\\..\\Libraries\\startup\\DeviceSupport\\system_MK60D10.c 0x00000000   Number         0  system_mk60d10.o ABSOLUTE
    ..\\src\\canshu.c                        0x00000000   Number         0  canshu.o ABSOLUTE
    ..\\src\\control.c                       0x00000000   Number         0  control.o ABSOLUTE
    ..\\src\\flag.c                          0x00000000   Number         0  flag.o ABSOLUTE
    ..\\src\\getready.c                      0x00000000   Number         0  getready.o ABSOLUTE
    ..\\src\\img_processing.c                0x00000000   Number         0  img_processing.o ABSOLUTE
    ..\\src\\img_save.c                      0x00000000   Number         0  img_save.o ABSOLUTE
    ..\\src\\main.c                          0x00000000   Number         0  main.o ABSOLUTE
    ..\\src\\move.c                          0x00000000   Number         0  move.o ABSOLUTE
    ..\\src\\ov7620.c                        0x00000000   Number         0  ov7620.o ABSOLUTE
    ..\\src\\ov7620_back.c                   0x00000000   Number         0  ov7620_back.o ABSOLUTE
    ..\\src\\ov7725_Init.c                   0x00000000   Number         0  ov7725_init.o ABSOLUTE
    ..\\src\\pid.c                           0x00000000   Number         0  pid.o ABSOLUTE
    ..\\src\\qita.c                          0x00000000   Number         0  qita.o ABSOLUTE
    ..\\src\\response.c                      0x00000000   Number         0  response.o ABSOLUTE
    ..\src\canshu.c                          0x00000000   Number         0  canshu.o ABSOLUTE
    ..\src\control.c                         0x00000000   Number         0  control.o ABSOLUTE
    ..\src\flag.c                            0x00000000   Number         0  flag.o ABSOLUTE
    ..\src\getready.c                        0x00000000   Number         0  getready.o ABSOLUTE
    ..\src\img_processing.c                  0x00000000   Number         0  img_processing.o ABSOLUTE
    ..\src\img_save.c                        0x00000000   Number         0  img_save.o ABSOLUTE
    ..\src\main.c                            0x00000000   Number         0  main.o ABSOLUTE
    ..\src\move.c                            0x00000000   Number         0  move.o ABSOLUTE
    ..\src\ov7620.c                          0x00000000   Number         0  ov7620.o ABSOLUTE
    ..\src\ov7620_back.c                     0x00000000   Number         0  ov7620_back.o ABSOLUTE
    ..\src\ov7725_Init.c                     0x00000000   Number         0  ov7725_init.o ABSOLUTE
    ..\src\pid.c                             0x00000000   Number         0  pid.o ABSOLUTE
    ..\src\qita.c                            0x00000000   Number         0  qita.o ABSOLUTE
    ..\src\response.c                        0x00000000   Number         0  response.o ABSOLUTE
    cdrcmple.s                               0x00000000   Number         0  cdrcmple.o ABSOLUTE
    cfrcmple.s                               0x00000000   Number         0  cfrcmple.o ABSOLUTE
    dc.s                                     0x00000000   Number         0  dc.o ABSOLUTE
    handlers.s                               0x00000000   Number         0  handlers.o ABSOLUTE
    init.s                                   0x00000000   Number         0  init.o ABSOLUTE
    .ARM.__at_0x400                          0x00000400   Section       16  startup_mk60d10.o(.ARM.__at_0x400)
    .ARM.Collect$$$$00000000                 0x00000410   Section        0  entry.o(.ARM.Collect$$$$00000000)
    .ARM.Collect$$$$00000001                 0x00000410   Section        4  entry2.o(.ARM.Collect$$$$00000001)
    .ARM.Collect$$$$00000004                 0x00000414   Section        4  entry5.o(.ARM.Collect$$$$00000004)
    .ARM.Collect$$$$00000008                 0x00000418   Section        0  entry7b.o(.ARM.Collect$$$$00000008)
    .ARM.Collect$$$$0000000A                 0x00000418   Section        0  entry8b.o(.ARM.Collect$$$$0000000A)
    .ARM.Collect$$$$0000000B                 0x00000418   Section        8  entry9a.o(.ARM.Collect$$$$0000000B)
    .ARM.Collect$$$$0000000D                 0x00000420   Section        0  entry10a.o(.ARM.Collect$$$$0000000D)
    .ARM.Collect$$$$0000000F                 0x00000420   Section        0  entry11a.o(.ARM.Collect$$$$0000000F)
    .ARM.Collect$$$$00002712                 0x00000420   Section        4  entry2.o(.ARM.Collect$$$$00002712)
    __lit__00000000                          0x00000420   Data           4  entry2.o(.ARM.Collect$$$$00002712)
    .text                                    0x00000424   Section        0  main.o(.text)
    .text                                    0x00000514   Section        0  control.o(.text)
    .text                                    0x0000084c   Section        0  img_processing.o(.text)
    .text                                    0x00000908   Section        0  ov7725_init.o(.text)
    NVIC_EnableIRQ                           0x00000b5d   Thumb Code    22  ov7725_init.o(.text)
    NVIC_DisableIRQ                          0x00000b73   Thumb Code    18  ov7725_init.o(.text)
    .text                                    0x00000bd8   Section        0  getready.o(.text)
    NVIC_EnableIRQ                           0x000013f5   Thumb Code    22  getready.o(.text)
    .text                                    0x00001454   Section        0  system_mk60d10.o(.text)
    .text                                    0x0000167c   Section       36  startup_mk60d10.o(.text)
    .text                                    0x000016a0   Section        0  adc.o(.text)
    ADC_Calibration                          0x00001765   Thumb Code   324  adc.o(.text)
    .text                                    0x00001c74   Section        0  cmt.o(.text)
    .text                                    0x00001d38   Section        0  common.o(.text)
    .text                                    0x00001e64   Section        0  dac.o(.text)
    NVIC_EnableIRQ                           0x0000242b   Thumb Code    22  dac.o(.text)
    .text                                    0x00002448   Section        0  dma.o(.text)
    .text                                    0x00002978   Section        0  ftm.o(.text)
    _FTM_InitBasic                           0x00002979   Thumb Code   182  ftm.o(.text)
    get_channel_pair_index                   0x00002a2f   Thumb Code    40  ftm.o(.text)
    FTM_DualChlConfig                        0x00002a57   Thumb Code   180  ftm.o(.text)
    FTM_SetMode                              0x00002b8f   Thumb Code  1138  ftm.o(.text)
    .text                                    0x00003774   Section        0  gpio.o(.text)
    NVIC_EnableIRQ                           0x00003d0f   Thumb Code    22  gpio.o(.text)
    .text                                    0x00003d38   Section        0  io2iic.o(.text)
    .text                                    0x00003fc4   Section        0  uart.o(.text)
    NVIC_EnableIRQ                           0x000049d5   Thumb Code    22  uart.o(.text)
    .text                                    0x00004a04   Section        0  spi.o(.text)
    dspi_hal_set_baud                        0x00004a05   Thumb Code   226  spi.o(.text)
    .text                                    0x00005098   Section        0  wdog.o(.text)
    WDOG_Unlock                              0x00005099   Thumb Code    20  wdog.o(.text)
    .text                                    0x000051f8   Section        0  pit.o(.text)
    PIT_IRQHandler                           0x00005327   Thumb Code    42  pit.o(.text)
    .text                                    0x00005394   Section        0  drv_lcd.o(.text)
    .text                                    0x00005c48   Section        0  ov7620.o(.text)
    NVIC_DisableIRQ                          0x00005e01   Thumb Code    18  ov7620.o(.text)
    .text                                    0x00005e4c   Section        0  ov7725.o(.text)
    .text                                    0x00006030   Section        0  flag.o(.text)
    .text                                    0x00006524   Section        0  move.o(.text)
    .text                                    0x00006620   Section        0  response.o(.text)
    .text                                    0x00006c4c   Section        0  pid.o(.text)
    .text                                    0x000070f0   Section        0  qita.o(.text)
    .text                                    0x00007330   Section        0  memseta.o(.text)
    .text                                    0x00007354   Section        0  fadd.o(.text)
    .text                                    0x00007404   Section        0  fmul.o(.text)
    .text                                    0x00007468   Section        0  fdiv.o(.text)
    .text                                    0x000074e4   Section        0  dadd.o(.text)
    .text                                    0x00007632   Section        0  ddiv.o(.text)
    .text                                    0x00007710   Section        0  fflti.o(.text)
    .text                                    0x00007722   Section        0  ffltui.o(.text)
    .text                                    0x0000772c   Section        0  dfltui.o(.text)
    .text                                    0x00007746   Section        0  ffixui.o(.text)
    .text                                    0x00007770   Section       48  cdrcmple.o(.text)
    .text                                    0x000077a0   Section       20  cfrcmple.o(.text)
    .text                                    0x000077b4   Section        0  uidiv.o(.text)
    .text                                    0x000077e0   Section        0  uldiv.o(.text)
    .text                                    0x00007842   Section        0  llshl.o(.text)
    .text                                    0x00007860   Section        0  llsshr.o(.text)
    .text                                    0x00007884   Section        0  iusefp.o(.text)
    .text                                    0x00007884   Section        0  fepilogue.o(.text)
    .text                                    0x000078f2   Section        0  depilogue.o(.text)
    .text                                    0x000079ac   Section        0  dmul.o(.text)
    .text                                    0x00007a90   Section        0  dfixul.o(.text)
    .text                                    0x00007ac0   Section       36  init.o(.text)
    .text                                    0x00007ae4   Section        0  llushr.o(.text)
    .text                                    0x00007b04   Section        0  __dczerorl2.o(.text)
    i.__0printf                              0x00007b5c   Section        0  printfa.o(i.__0printf)
    i.__0vsprintf                            0x00007b7c   Section        0  printfa.o(i.__0vsprintf)
    i.__scatterload_copy                     0x00007ba0   Section       14  handlers.o(i.__scatterload_copy)
    i.__scatterload_null                     0x00007bae   Section        2  handlers.o(i.__scatterload_null)
    i.__scatterload_zeroinit                 0x00007bb0   Section       14  handlers.o(i.__scatterload_zeroinit)
    i._fp_digits                             0x00007bc0   Section        0  printfa.o(i._fp_digits)
    _fp_digits                               0x00007bc1   Thumb Code   366  printfa.o(i._fp_digits)
    i._printf_core                           0x00007d44   Section        0  printfa.o(i._printf_core)
    _printf_core                             0x00007d45   Thumb Code  1744  printfa.o(i._printf_core)
    i._printf_post_padding                   0x00008420   Section        0  printfa.o(i._printf_post_padding)
    _printf_post_padding                     0x00008421   Thumb Code    36  printfa.o(i._printf_post_padding)
    i._printf_pre_padding                    0x00008444   Section        0  printfa.o(i._printf_pre_padding)
    _printf_pre_padding                      0x00008445   Thumb Code    46  printfa.o(i._printf_pre_padding)
    i._sputc                                 0x00008472   Section        0  printfa.o(i._sputc)
    _sputc                                   0x00008473   Thumb Code    10  printfa.o(i._sputc)
    .constdata                               0x0000847c   Section       26  adc.o(.constdata)
    SIM_ADCClockGateTable                    0x00008484   Data          16  adc.o(.constdata)
    ADC_IRQnTable                            0x00008494   Data           2  adc.o(.constdata)
    .constdata                               0x00008498   Section       10  dac.o(.constdata)
    DAC_InstanceTable                        0x00008498   Data           8  dac.o(.constdata)
    DAC_IRQnTable                            0x000084a0   Data           2  dac.o(.constdata)
    .constdata                               0x000084a2   Section       16  dma.o(.constdata)
    DMA_IRQnTable                            0x000084a2   Data          16  dma.o(.constdata)
    .constdata                               0x000084b4   Section       51  ftm.o(.constdata)
    FTM_InstanceTable                        0x000084b4   Data          12  ftm.o(.constdata)
    FTM_ChlMaxTable                          0x000084c0   Data          12  ftm.o(.constdata)
    SIM_FTMClockGateTable                    0x000084cc   Data          24  ftm.o(.constdata)
    FTM_IRQnTable                            0x000084e4   Data           3  ftm.o(.constdata)
    .constdata                               0x000084e8   Section       65  gpio.o(.constdata)
    GPIO_InstanceTable                       0x000084e8   Data          20  gpio.o(.constdata)
    PORT_InstanceTable                       0x000084fc   Data          20  gpio.o(.constdata)
    SIM_GPIOClockGateTable                   0x00008510   Data          20  gpio.o(.constdata)
    GPIO_IRQnTable                           0x00008524   Data           5  gpio.o(.constdata)
    .constdata                               0x0000852c   Section      132  uart.o(.constdata)
    UART_InstanceTable                       0x0000852c   Data          24  uart.o(.constdata)
    SIM_UARTClockGateTable                   0x00008544   Data          48  uart.o(.constdata)
    UART_IRQnTable                           0x00008574   Data           6  uart.o(.constdata)
    UART_TIFOSizeTable                       0x0000857c   Data          28  uart.o(.constdata)
    _DMA_UARTTrigTable                       0x00008598   Data          24  uart.o(.constdata)
    .constdata                               0x000085b0   Section      120  spi.o(.constdata)
    SIM_SPIClockGateTable                    0x000085bc   Data          24  spi.o(.constdata)
    SPI_IRQnTable                            0x000085d4   Data           3  spi.o(.constdata)
    s_baudratePrescaler                      0x000085d8   Data          16  spi.o(.constdata)
    s_baudrateScaler                         0x000085e8   Data          64  spi.o(.constdata)
    .constdata                               0x00008628   Section        4  pit.o(.constdata)
    PIT_IRQnTable                            0x00008628   Data           4  pit.o(.constdata)
    .constdata                               0x0000862c   Section     1140  drv_lcd.o(.constdata)
    .constdata                               0x00008aa0   Section      100  ov7620.o(.constdata)
    .constdata                               0x00008b04   Section       94  ov7725.o(.constdata)
    default_reg_value                        0x00008b04   Data          94  ov7725.o(.constdata)
    .conststring                             0x00008b64   Section        7  drv_lcd.o(.conststring)
    .data                                    0x1fff0000   Section       20  control.o(.data)
    .data                                    0x1fff0014   Section     4805  ov7725_init.o(.data)
    .data                                    0x1fff12da   Section       10  getready.o(.data)
    Kp                                       0x1fff12dc   Data           2  getready.o(.data)
    Ki                                       0x1fff12de   Data           2  getready.o(.data)
    leftsum                                  0x1fff12e0   Data           2  getready.o(.data)
    rightsum                                 0x1fff12e2   Data           2  getready.o(.data)
    .data                                    0x1fff12e4   Section        4  system_mk60d10.o(.data)
    .data                                    0x1fff12e8   Section        8  adc.o(.data)
    ADC_CallBackTable                        0x1fff12e8   Data           8  adc.o(.data)
    .data                                    0x1fff12f0   Section        2  cmt.o(.data)
    FullDuty                                 0x1fff12f0   Data           2  cmt.o(.data)
    .data                                    0x1fff12f4   Section        8  dac.o(.data)
    DAC_CallBackTable                        0x1fff12f4   Data           8  dac.o(.data)
    .data                                    0x1fff12fc   Section        4  dma.o(.data)
    DMAChlMAP                                0x1fff12fc   Data           4  dma.o(.data)
    .data                                    0x1fff1300   Section       37  uart.o(.data)
    UART_DebugInstance                       0x1fff1300   Data           1  uart.o(.data)
    _UART_DMA_sAddrTable                     0x1fff130c   Data          24  uart.o(.data)
    is_fitst_init                            0x1fff1324   Data           1  uart.o(.data)
    .data                                    0x1fff1328   Section        4  wdog.o(.data)
    WDOG_CallBackTable                       0x1fff1328   Data           4  wdog.o(.data)
    .data                                    0x1fff132c   Section        4  pit.o(.data)
    fac_us                                   0x1fff132c   Data           4  pit.o(.data)
    .data                                    0x1fff1330   Section       16  drv_lcd.o(.data)
    _gFontTbl                                0x1fff1334   Data          12  drv_lcd.o(.data)
    .data                                    0x1fff1340   Section        6  ov7620.o(.data)
    .data                                    0x1fff1346   Section        1  ov7725.o(.data)
    ov7725_chip_addr_table                   0x1fff1346   Data           1  ov7725.o(.data)
    .data                                    0x1fff1348   Section        6  flag.o(.data)
    a                                        0x1fff134d   Data           1  flag.o(.data)
    .data                                    0x1fff134e   Section        2  move.o(.data)
    ab                                       0x1fff134e   Data           1  move.o(.data)
    count123                                 0x1fff134f   Data           1  move.o(.data)
    .data                                    0x1fff1350   Section        2  response.o(.data)
    .data                                    0x1fff1352   Section       14  pid.o(.data)
    dooracc                                  0x1fff1352   Data           2  pid.o(.data)
    doorslow                                 0x1fff1354   Data           2  pid.o(.data)
    Kp                                       0x1fff1356   Data           2  pid.o(.data)
    Kil                                      0x1fff1358   Data           2  pid.o(.data)
    Kir                                      0x1fff135a   Data           2  pid.o(.data)
    leftsum                                  0x1fff135c   Data           2  pid.o(.data)
    rightsum                                 0x1fff135e   Data           2  pid.o(.data)
    .data                                    0x1fff1360   Section      352  canshu.o(.data)
    .data                                    0x1fff14c0   Section       14  qita.o(.data)
    biaozhi23                                0x1fff14cd   Data           1  qita.o(.data)
    .bss                                     0x1fff14d0   Section      660  ov7725_init.o(.bss)
    .bss                                     0x1fff1764   Section       64  dma.o(.bss)
    DMA_CallBackTable                        0x1fff1764   Data          64  dma.o(.bss)
    .bss                                     0x1fff17a4   Section       12  ftm.o(.bss)
    FTM_CallBackTable                        0x1fff17a4   Data          12  ftm.o(.bss)
    .bss                                     0x1fff17b0   Section       20  gpio.o(.bss)
    GPIO_CallBackTable                       0x1fff17b0   Data          20  gpio.o(.bss)
    .bss                                     0x1fff17c4   Section       68  uart.o(.bss)
    UART_CallBackTxTable                     0x1fff17c4   Data          24  uart.o(.bss)
    UART_CallBackRxTable                     0x1fff17dc   Data          24  uart.o(.bss)
    DMA2UARTChlTable                         0x1fff17f4   Data          20  uart.o(.bss)
    .bss                                     0x1fff1808   Section       12  spi.o(.bss)
    SPI_CallBackTable                        0x1fff1808   Data          12  spi.o(.bss)
    .bss                                     0x1fff1814   Section       16  pit.o(.bss)
    PIT_CallBackTable                        0x1fff1814   Data          16  pit.o(.bss)
    .bss                                     0x1fff1824   Section       16  ov7725.o(.bss)
    .bss                                     0x1fff1834   Section       10  canshu.o(.bss)
    .bss                                     0x1fff183e   Section       20  qita.o(.bss)
    STACK                                    0x1fff1858   Section     8192  startup_mk60d10.o(STACK)
    .bss                                     0x20000000   Section    64048  ov7620.o(.bss)

    Global Symbols

    Symbol Name                              Value     Ov Type        Size  Object(Section)

    BuildAttributes$$THM_ISAv4$E$P$D$K$B$S$7EM$PE$A:L22UL41UL21$X:L11$S22US41US21$IEEE1$IW$USESV6$~STKCKD$USESV7$~SHL$OTIME$ROPI$EBA8$MICROLIB$REQ8$PRES8$EABIv2 0x00000000   Number         0  anon$$obj.o ABSOLUTE
    __ARM_use_no_argv                        0x00000000   Number         0  main.o ABSOLUTE
    __Vectors                                0x00000000   Data           4  startup_mk60d10.o(RESET)
    _printf_a                                0x00000000   Number         0  stubs.o ABSOLUTE
    _printf_c                                0x00000000   Number         0  stubs.o ABSOLUTE
    _printf_charcount                        0x00000000   Number         0  stubs.o ABSOLUTE
    _printf_d                                0x00000000   Number         0  stubs.o ABSOLUTE
    _printf_e                                0x00000000   Number         0  stubs.o ABSOLUTE
    _printf_f                                0x00000000   Number         0  stubs.o ABSOLUTE
    _printf_flags                            0x00000000   Number         0  stubs.o ABSOLUTE
    _printf_fp_dec                           0x00000000   Number         0  stubs.o ABSOLUTE
    _printf_fp_hex                           0x00000000   Number         0  stubs.o ABSOLUTE
    _printf_g                                0x00000000   Number         0  stubs.o ABSOLUTE
    _printf_i                                0x00000000   Number         0  stubs.o ABSOLUTE
    _printf_int_dec                          0x00000000   Number         0  stubs.o ABSOLUTE
    _printf_l                                0x00000000   Number         0  stubs.o ABSOLUTE
    _printf_lc                               0x00000000   Number         0  stubs.o ABSOLUTE
    _printf_ll                               0x00000000   Number         0  stubs.o ABSOLUTE
    _printf_lld                              0x00000000   Number         0  stubs.o ABSOLUTE
    _printf_lli                              0x00000000   Number         0  stubs.o ABSOLUTE
    _printf_llo                              0x00000000   Number         0  stubs.o ABSOLUTE
    _printf_llu                              0x00000000   Number         0  stubs.o ABSOLUTE
    _printf_llx                              0x00000000   Number         0  stubs.o ABSOLUTE
    _printf_longlong_dec                     0x00000000   Number         0  stubs.o ABSOLUTE
    _printf_longlong_hex                     0x00000000   Number         0  stubs.o ABSOLUTE
    _printf_longlong_oct                     0x00000000   Number         0  stubs.o ABSOLUTE
    _printf_ls                               0x00000000   Number         0  stubs.o ABSOLUTE
    _printf_mbtowc                           0x00000000   Number         0  stubs.o ABSOLUTE
    _printf_n                                0x00000000   Number         0  stubs.o ABSOLUTE
    _printf_o                                0x00000000   Number         0  stubs.o ABSOLUTE
    _printf_p                                0x00000000   Number         0  stubs.o ABSOLUTE
    _printf_percent                          0x00000000   Number         0  stubs.o ABSOLUTE
    _printf_pre_padding                      0x00000000   Number         0  stubs.o ABSOLUTE
    _printf_return_value                     0x00000000   Number         0  stubs.o ABSOLUTE
    _printf_s                                0x00000000   Number         0  stubs.o ABSOLUTE
    _printf_sizespec                         0x00000000   Number         0  stubs.o ABSOLUTE
    _printf_str                              0x00000000   Number         0  stubs.o ABSOLUTE
    _printf_truncate_signed                  0x00000000   Number         0  stubs.o ABSOLUTE
    _printf_truncate_unsigned                0x00000000   Number         0  stubs.o ABSOLUTE
    _printf_u                                0x00000000   Number         0  stubs.o ABSOLUTE
    _printf_wc                               0x00000000   Number         0  stubs.o ABSOLUTE
    _printf_wctomb                           0x00000000   Number         0  stubs.o ABSOLUTE
    _printf_widthprec                        0x00000000   Number         0  stubs.o ABSOLUTE
    _printf_x                                0x00000000   Number         0  stubs.o ABSOLUTE
    __cpp_initialize__aeabi_                  - Undefined Weak Reference
    __cxa_finalize                            - Undefined Weak Reference
    _clock_init                               - Undefined Weak Reference
    _microlib_exit                            - Undefined Weak Reference
    __Vectors_End                            0x00000400   Data           0  startup_mk60d10.o(RESET)
    __Vectors_Size                           0x00000400   Number         0  startup_mk60d10.o ABSOLUTE
    __main                                   0x00000411   Thumb Code     0  entry.o(.ARM.Collect$$$$00000000)
    _main_stk                                0x00000411   Thumb Code     0  entry2.o(.ARM.Collect$$$$00000001)
    _main_scatterload                        0x00000415   Thumb Code     0  entry5.o(.ARM.Collect$$$$00000004)
    __main_after_scatterload                 0x00000419   Thumb Code     0  entry5.o(.ARM.Collect$$$$00000004)
    _main_clock                              0x00000419   Thumb Code     0  entry7b.o(.ARM.Collect$$$$00000008)
    _main_cpp_init                           0x00000419   Thumb Code     0  entry8b.o(.ARM.Collect$$$$0000000A)
    _main_init                               0x00000419   Thumb Code     0  entry9a.o(.ARM.Collect$$$$0000000B)
    __rt_final_cpp                           0x00000421   Thumb Code     0  entry10a.o(.ARM.Collect$$$$0000000D)
    __rt_final_exit                          0x00000421   Thumb Code     0  entry11a.o(.ARM.Collect$$$$0000000F)
    main                                     0x00000425   Thumb Code   208  main.o(.text)
    QD_value                                 0x00000515   Thumb Code   102  control.o(.text)
    Car_PWM_ChangeDuty                       0x0000057b   Thumb Code   696  control.o(.text)
    sending3                                 0x0000084d   Thumb Code   176  img_processing.o(.text)
    SCCB_Init                                0x00000909   Thumb Code    38  ov7725_init.o(.text)
    OV_ISR                                   0x0000092f   Thumb Code    88  ov7725_init.o(.text)
    ov7725_DMA                               0x00000987   Thumb Code    28  ov7725_init.o(.text)
    ov7725_Port_Init                         0x000009a3   Thumb Code   230  ov7725_init.o(.text)
    ov7725_Init                              0x00000a89   Thumb Code    32  ov7725_init.o(.text)
    ov7725_Get_Imge                          0x00000aa9   Thumb Code    58  ov7725_init.o(.text)
    img_extract                              0x00000ae3   Thumb Code   122  ov7725_init.o(.text)
    PIT1_HandlerU                            0x00000bd9   Thumb Code    12  getready.o(.text)
    getready                                 0x00000be5   Thumb Code   308  getready.o(.text)
    Printf                                   0x00000d19   Thumb Code   316  getready.o(.text)
    duqubama                                 0x00000e55   Thumb Code   106  getready.o(.text)
    bamaswitch                               0x00000ebf   Thumb Code   642  getready.o(.text)
    firstimage                               0x00001141   Thumb Code   108  getready.o(.text)
    startimage                               0x000011ad   Thumb Code    80  getready.o(.text)
    endimage                                 0x000011fd   Thumb Code    64  getready.o(.text)
    stopmove                                 0x0000123d   Thumb Code   374  getready.o(.text)
    test                                     0x000013b3   Thumb Code    66  getready.o(.text)
    SystemInit                               0x00001455   Thumb Code   196  system_mk60d10.o(.text)
    SystemCoreClockUpdate                    0x00001519   Thumb Code   324  system_mk60d10.o(.text)
    Reset_Handler                            0x0000167d   Thumb Code     8  startup_mk60d10.o(.text)
    HardFault_Handler                        0x00001687   Thumb Code     2  startup_mk60d10.o(.text)
    MemManage_Handler                        0x00001689   Thumb Code     2  startup_mk60d10.o(.text)
    BusFault_Handler                         0x0000168b   Thumb Code     2  startup_mk60d10.o(.text)
    UsageFault_Handler                       0x0000168d   Thumb Code     2  startup_mk60d10.o(.text)
    SVC_Handler                              0x0000168f   Thumb Code     2  startup_mk60d10.o(.text)
    DebugMon_Handler                         0x00001691   Thumb Code     2  startup_mk60d10.o(.text)
    PendSV_Handler                           0x00001693   Thumb Code     2  startup_mk60d10.o(.text)
    SysTick_Handler                          0x00001695   Thumb Code     2  startup_mk60d10.o(.text)
    CAN0_Bus_Off_IRQHandler                  0x00001697   Thumb Code     0  startup_mk60d10.o(.text)
    CAN0_Error_IRQHandler                    0x00001697   Thumb Code     0  startup_mk60d10.o(.text)
    CAN0_ORed_Message_buffer_IRQHandler      0x00001697   Thumb Code     0  startup_mk60d10.o(.text)
    CAN0_Rx_Warning_IRQHandler               0x00001697   Thumb Code     0  startup_mk60d10.o(.text)
    CAN0_Tx_Warning_IRQHandler               0x00001697   Thumb Code     0  startup_mk60d10.o(.text)
    CAN0_Wake_Up_IRQHandler                  0x00001697   Thumb Code     0  startup_mk60d10.o(.text)
    CAN1_Bus_Off_IRQHandler                  0x00001697   Thumb Code     0  startup_mk60d10.o(.text)
    CAN1_Error_IRQHandler                    0x00001697   Thumb Code     0  startup_mk60d10.o(.text)
    CAN1_ORed_Message_buffer_IRQHandler      0x00001697   Thumb Code     0  startup_mk60d10.o(.text)
    CAN1_Rx_Warning_IRQHandler               0x00001697   Thumb Code     0  startup_mk60d10.o(.text)
    CAN1_Tx_Warning_IRQHandler               0x00001697   Thumb Code     0  startup_mk60d10.o(.text)
    CAN1_Wake_Up_IRQHandler                  0x00001697   Thumb Code     0  startup_mk60d10.o(.text)
    CMP0_IRQHandler                          0x00001697   Thumb Code     0  startup_mk60d10.o(.text)
    CMP1_IRQHandler                          0x00001697   Thumb Code     0  startup_mk60d10.o(.text)
    CMP2_IRQHandler                          0x00001697   Thumb Code     0  startup_mk60d10.o(.text)
    CMT_IRQHandler                           0x00001697   Thumb Code     0  startup_mk60d10.o(.text)
    DMA_Error_IRQHandler                     0x00001697   Thumb Code     0  startup_mk60d10.o(.text)
    DefaultISR                               0x00001697   Thumb Code     0  startup_mk60d10.o(.text)
    ENET_1588_Timer_IRQHandler               0x00001697   Thumb Code     0  startup_mk60d10.o(.text)
    ENET_Error_IRQHandler                    0x00001697   Thumb Code     0  startup_mk60d10.o(.text)
    ENET_Receive_IRQHandler                  0x00001697   Thumb Code     0  startup_mk60d10.o(.text)
    ENET_Transmit_IRQHandler                 0x00001697   Thumb Code     0  startup_mk60d10.o(.text)
    FTFL_IRQHandler                          0x00001697   Thumb Code     0  startup_mk60d10.o(.text)
    I2C0_IRQHandler                          0x00001697   Thumb Code     0  startup_mk60d10.o(.text)
    I2C1_IRQHandler                          0x00001697   Thumb Code     0  startup_mk60d10.o(.text)
    I2S0_Rx_IRQHandler                       0x00001697   Thumb Code     0  startup_mk60d10.o(.text)
    I2S0_Tx_IRQHandler                       0x00001697   Thumb Code     0  startup_mk60d10.o(.text)
    LLW_IRQHandler                           0x00001697   Thumb Code     0  startup_mk60d10.o(.text)
    LPTimer_IRQHandler                       0x00001697   Thumb Code     0  startup_mk60d10.o(.text)
    LVD_LVW_IRQHandler                       0x00001697   Thumb Code     0  startup_mk60d10.o(.text)
    MCG_IRQHandler                           0x00001697   Thumb Code     0  startup_mk60d10.o(.text)
    MCM_IRQHandler                           0x00001697   Thumb Code     0  startup_mk60d10.o(.text)
    PDB0_IRQHandler                          0x00001697   Thumb Code     0  startup_mk60d10.o(.text)
    RNG_IRQHandler                           0x00001697   Thumb Code     0  startup_mk60d10.o(.text)
    RTC_IRQHandler                           0x00001697   Thumb Code     0  startup_mk60d10.o(.text)
    RTC_Seconds_IRQHandler                   0x00001697   Thumb Code     0  startup_mk60d10.o(.text)
    Read_Collision_IRQHandler                0x00001697   Thumb Code     0  startup_mk60d10.o(.text)
    Reserved102_IRQHandler                   0x00001697   Thumb Code     0  startup_mk60d10.o(.text)
    Reserved108_IRQHandler                   0x00001697   Thumb Code     0  startup_mk60d10.o(.text)
    Reserved109_IRQHandler                   0x00001697   Thumb Code     0  startup_mk60d10.o(.text)
    Reserved111_IRQHandler                   0x00001697   Thumb Code     0  startup_mk60d10.o(.text)
    Reserved112_IRQHandler                   0x00001697   Thumb Code     0  startup_mk60d10.o(.text)
    Reserved113_IRQHandler                   0x00001697   Thumb Code     0  startup_mk60d10.o(.text)
    Reserved114_IRQHandler                   0x00001697   Thumb Code     0  startup_mk60d10.o(.text)
    Reserved115_IRQHandler                   0x00001697   Thumb Code     0  startup_mk60d10.o(.text)
    Reserved116_IRQHandler                   0x00001697   Thumb Code     0  startup_mk60d10.o(.text)
    Reserved117_IRQHandler                   0x00001697   Thumb Code     0  startup_mk60d10.o(.text)
    Reserved118_IRQHandler                   0x00001697   Thumb Code     0  startup_mk60d10.o(.text)
    Reserved119_IRQHandler                   0x00001697   Thumb Code     0  startup_mk60d10.o(.text)
    Reserved59_IRQHandler                    0x00001697   Thumb Code     0  startup_mk60d10.o(.text)
    Reserved95_IRQHandler                    0x00001697   Thumb Code     0  startup_mk60d10.o(.text)
    SDHC_IRQHandler                          0x00001697   Thumb Code     0  startup_mk60d10.o(.text)
    SWI_IRQHandler                           0x00001697   Thumb Code     0  startup_mk60d10.o(.text)
    TSI0_IRQHandler                          0x00001697   Thumb Code     0  startup_mk60d10.o(.text)
    UART0_ERR_IRQHandler                     0x00001697   Thumb Code     0  startup_mk60d10.o(.text)
    UART0_LON_IRQHandler                     0x00001697   Thumb Code     0  startup_mk60d10.o(.text)
    UART1_ERR_IRQHandler                     0x00001697   Thumb Code     0  startup_mk60d10.o(.text)
    UART2_ERR_IRQHandler                     0x00001697   Thumb Code     0  startup_mk60d10.o(.text)
    UART3_ERR_IRQHandler                     0x00001697   Thumb Code     0  startup_mk60d10.o(.text)
    UART4_ERR_IRQHandler                     0x00001697   Thumb Code     0  startup_mk60d10.o(.text)
    UART5_ERR_IRQHandler                     0x00001697   Thumb Code     0  startup_mk60d10.o(.text)
    USB0_IRQHandler                          0x00001697   Thumb Code     0  startup_mk60d10.o(.text)
    USBDCD_IRQHandler                        0x00001697   Thumb Code     0  startup_mk60d10.o(.text)
    ADC_IsConversionCompleted                0x000016a1   Thumb Code    26  adc.o(.text)
    ADC_ITDMAConfig                          0x000016bb   Thumb Code   170  adc.o(.text)
    ADC_Init                                 0x000018a9   Thumb Code   556  adc.o(.text)
    ADC_EnableHardwareTrigger                0x00001ad5   Thumb Code    46  adc.o(.text)
    ADC_ChlMuxConfig                         0x00001b03   Thumb Code    48  adc.o(.text)
    ADC_QuickInit                            0x00001b33   Thumb Code   146  adc.o(.text)
    ADC_StartConversion                      0x00001bc5   Thumb Code    54  adc.o(.text)
    ADC_ReadValue                            0x00001bfb   Thumb Code    16  adc.o(.text)
    ADC_QuickReadValue                       0x00001c0b   Thumb Code    54  adc.o(.text)
    ADC_CallbackInstall                      0x00001c41   Thumb Code    10  adc.o(.text)
    ADC0_IRQHandler                          0x00001c4b   Thumb Code    16  adc.o(.text)
    ADC1_IRQHandler                          0x00001c5b   Thumb Code    16  adc.o(.text)
    CMT_PWM_QuickInit                        0x00001c75   Thumb Code   140  cmt.o(.text)
    CMT_PWM_ChangDuty                        0x00001d01   Thumb Code    44  cmt.o(.text)
    CLOCK_GetClockFrequency                  0x00001d39   Thumb Code   124  common.o(.text)
    QuickInitEncode                          0x00001db5   Thumb Code     6  common.o(.text)
    QuickInitDecode                          0x00001dbb   Thumb Code    10  common.o(.text)
    DWT_DelayInit                            0x00001dc5   Thumb Code    26  common.o(.text)
    DWT_DelayUs                              0x00001ddf   Thumb Code    62  common.o(.text)
    DWT_DelayMs                              0x00001e1d   Thumb Code    18  common.o(.text)
    DelayInit                                0x00001e2f   Thumb Code     8  common.o(.text)
    DelayMs                                  0x00001e37   Thumb Code    12  common.o(.text)
    DelayUs                                  0x00001e43   Thumb Code    12  common.o(.text)
    NMI_Handler                              0x00001e4f   Thumb Code     2  common.o(.text)
    DAC_Init                                 0x00001e65   Thumb Code   568  dac.o(.text)
    DAC_GetBufferReadPointer                 0x0000209d   Thumb Code    16  dac.o(.text)
    DAC_SetBufferReadPointer                 0x000020ad   Thumb Code    54  dac.o(.text)
    DAC_SetBufferUpperLimit                  0x000020e3   Thumb Code    52  dac.o(.text)
    DAC_ITDMAConfig                          0x00002117   Thumb Code   352  dac.o(.text)
    DAC_SoftwareStartConversion              0x00002277   Thumb Code    26  dac.o(.text)
    DAC_SetWaterMark                         0x00002291   Thumb Code   146  dac.o(.text)
    DAC_SetBufferValue                       0x00002323   Thumb Code    50  dac.o(.text)
    DAC_CallbackInstall                      0x00002355   Thumb Code    10  dac.o(.text)
    DAC0_IRQHandler                          0x0000235f   Thumb Code   102  dac.o(.text)
    DAC1_IRQHandler                          0x000023c5   Thumb Code   102  dac.o(.text)
    DMA_DisableRequest                       0x00002449   Thumb Code    10  dma.o(.text)
    DMA_Init                                 0x00002453   Thumb Code   392  dma.o(.text)
    DMA_ChlAlloc                             0x000025db   Thumb Code    46  dma.o(.text)
    DMA_ChlFree                              0x00002609   Thumb Code    16  dma.o(.text)
    DMA_GetMajorLoopCount                    0x00002619   Thumb Code    16  dma.o(.text)
    DMA_SetMajorLoopCounter                  0x00002629   Thumb Code    44  dma.o(.text)
    DMA_EnableRequest                        0x00002655   Thumb Code    10  dma.o(.text)
    DMA_EnableAutoDisableRequest             0x0000265f   Thumb Code    46  dma.o(.text)
    DMA_EnableMajorLink                      0x0000268d   Thumb Code    94  dma.o(.text)
    DMA_ITConfig                             0x000026eb   Thumb Code   140  dma.o(.text)
    DMA_CallbackInstall                      0x00002777   Thumb Code    10  dma.o(.text)
    DMA_IsMajorLoopComplete                  0x00002781   Thumb Code    56  dma.o(.text)
    DMA_SetDestAddress                       0x000027b9   Thumb Code    10  dma.o(.text)
    DMA_GetDestAddress                       0x000027c3   Thumb Code    12  dma.o(.text)
    DMA_SetSourceAddress                     0x000027cf   Thumb Code    10  dma.o(.text)
    DMA_GetSourceAddress                     0x000027d9   Thumb Code    12  dma.o(.text)
    DMA_CancelTransfer                       0x000027e5   Thumb Code    14  dma.o(.text)
    DMA0_IRQHandler                          0x000027f3   Thumb Code    22  dma.o(.text)
    DMA1_IRQHandler                          0x00002809   Thumb Code    22  dma.o(.text)
    DMA2_IRQHandler                          0x0000281f   Thumb Code    50  dma.o(.text)
    DMA3_IRQHandler                          0x00002851   Thumb Code    22  dma.o(.text)
    DMA4_IRQHandler                          0x00002867   Thumb Code    22  dma.o(.text)
    DMA5_IRQHandler                          0x0000287d   Thumb Code    22  dma.o(.text)
    DMA6_IRQHandler                          0x00002893   Thumb Code    22  dma.o(.text)
    DMA7_IRQHandler                          0x000028a9   Thumb Code    22  dma.o(.text)
    DMA8_IRQHandler                          0x000028bf   Thumb Code    22  dma.o(.text)
    DMA9_IRQHandler                          0x000028d5   Thumb Code    22  dma.o(.text)
    DMA10_IRQHandler                         0x000028eb   Thumb Code    22  dma.o(.text)
    DMA11_IRQHandler                         0x00002901   Thumb Code    22  dma.o(.text)
    DMA12_IRQHandler                         0x00002917   Thumb Code    22  dma.o(.text)
    DMA13_IRQHandler                         0x0000292d   Thumb Code    22  dma.o(.text)
    DMA14_IRQHandler                         0x00002943   Thumb Code    22  dma.o(.text)
    DMA15_IRQHandler                         0x00002959   Thumb Code    22  dma.o(.text)
    FTM_PWM_InvertPolarity                   0x00002b0b   Thumb Code   132  ftm.o(.text)
    FTM_QD_QuickInit                         0x00003001   Thumb Code   380  ftm.o(.text)
    FTM_QD_GetData                           0x0000317d   Thumb Code    30  ftm.o(.text)
    FTM_QD_ClearCount                        0x0000319b   Thumb Code    12  ftm.o(.text)
    FTM_PWM_ChangeDuty                       0x000031a7   Thumb Code   150  ftm.o(.text)
    FTM_PWM_QuickInit                        0x0000323d   Thumb Code   328  ftm.o(.text)
    FTM_IC_QuickInit                         0x00003385   Thumb Code    82  ftm.o(.text)
    FTM_IC_SetTriggerMode                    0x000033d7   Thumb Code   194  ftm.o(.text)
    FTM_GetChlCounter                        0x00003499   Thumb Code    18  ftm.o(.text)
    FTM_SetMoudleCounter                     0x000034ab   Thumb Code    10  ftm.o(.text)
    FTM_CallbackInstall                      0x000034b5   Thumb Code    10  ftm.o(.text)
    FTM_ITDMAConfig                          0x000034bf   Thumb Code   370  ftm.o(.text)
    FTM0_IRQHandler                          0x00003631   Thumb Code   102  ftm.o(.text)
    FTM1_IRQHandler                          0x00003697   Thumb Code   102  ftm.o(.text)
    FTM2_IRQHandler                          0x000036fd   Thumb Code   102  ftm.o(.text)
    PORT_PinMuxConfig                        0x00003775   Thumb Code    74  gpio.o(.text)
    PORT_PinPullConfig                       0x000037bf   Thumb Code   162  gpio.o(.text)
    PORT_PinOpenDrainConfig                  0x00003861   Thumb Code    74  gpio.o(.text)
    PORT_PinPassiveFilterConfig              0x000038ab   Thumb Code    74  gpio.o(.text)
    GPIO_PinConfig                           0x000038f5   Thumb Code    70  gpio.o(.text)
    GPIO_Init                                0x0000393b   Thumb Code   196  gpio.o(.text)
    GPIO_QuickInit                           0x000039ff   Thumb Code    30  gpio.o(.text)
    GPIO_WriteBit                            0x00003a1d   Thumb Code    68  gpio.o(.text)
    GPIO_SetBit                              0x00003a61   Thumb Code    24  gpio.o(.text)
    GPIO_ResetBit                            0x00003a79   Thumb Code    24  gpio.o(.text)
    GPIO_ReadBit                             0x00003a91   Thumb Code    50  gpio.o(.text)
    GPIO_ToggleBit                           0x00003ac3   Thumb Code    24  gpio.o(.text)
    GPIO_ReadPort                            0x00003adb   Thumb Code    12  gpio.o(.text)
    GPIO_WritePort                           0x00003ae7   Thumb Code    10  gpio.o(.text)
    GPIO_ITDMAConfig                         0x00003af1   Thumb Code   402  gpio.o(.text)
    GPIO_CallbackInstall                     0x00003c83   Thumb Code    26  gpio.o(.text)
    PORTA_IRQHandler                         0x00003c9d   Thumb Code    38  gpio.o(.text)
    PORTB_IRQHandler                         0x00003cc3   Thumb Code    38  gpio.o(.text)
    PORTC_IRQHandler                         0x00003ce9   Thumb Code    38  gpio.o(.text)
    i2c_start                                0x00003d39   Thumb Code    78  io2iic.o(.text)
    i2c_stop                                 0x00003d87   Thumb Code    88  io2iic.o(.text)
    get_ack                                  0x00003ddf   Thumb Code   112  io2iic.o(.text)
    i2c_send_byte                            0x00003e4f   Thumb Code   102  io2iic.o(.text)
    i2c_write_byte                           0x00003eb5   Thumb Code    56  io2iic.o(.text)
    i2c_read_byte                            0x00003eed   Thumb Code   214  io2iic.o(.text)
    UART_GetTxFIFOSize                       0x00003fc5   Thumb Code    22  uart.o(.text)
    UART_WriteByte                           0x00003fdb   Thumb Code   118  uart.o(.text)
    fputc                                    0x00004051   Thumb Code    20  uart.o(.text)
    UART_ReadByte                            0x00004065   Thumb Code    56  uart.o(.text)
    fgetc                                    0x0000409d   Thumb Code    28  uart.o(.text)
    UART_Init                                0x000040b9   Thumb Code   606  uart.o(.text)
    UART_DeInit                              0x00004317   Thumb Code    66  uart.o(.text)
    UART_SelectDebugInstance                 0x00004359   Thumb Code    26  uart.o(.text)
    UART_EnableTxFIFO                        0x00004373   Thumb Code    86  uart.o(.text)
    UART_EnableRxFIFO                        0x000043c9   Thumb Code    46  uart.o(.text)
    UART_GetRxFIFOSize                       0x000043f7   Thumb Code    22  uart.o(.text)
    UART_SetTxFIFOWatermark                  0x0000440d   Thumb Code    50  uart.o(.text)
    UART_SetRxFIFOWatermark                  0x0000443f   Thumb Code    50  uart.o(.text)
    UART_ITDMAConfig                         0x00004471   Thumb Code   346  uart.o(.text)
    UART_CallbackTxInstall                   0x000045cb   Thumb Code    36  uart.o(.text)
    UART_CallbackRxInstall                   0x000045ef   Thumb Code    36  uart.o(.text)
    UART_QuickInit                           0x00004613   Thumb Code   150  uart.o(.text)
    UART0_RX_TX_IRQHandler                   0x000046a9   Thumb Code   100  uart.o(.text)
    UART1_RX_TX_IRQHandler                   0x0000470d   Thumb Code   100  uart.o(.text)
    UART2_RX_TX_IRQHandler                   0x00004771   Thumb Code   126  uart.o(.text)
    UART3_RX_TX_IRQHandler                   0x000047ef   Thumb Code   100  uart.o(.text)
    UART4_RX_TX_IRQHandler                   0x00004853   Thumb Code   100  uart.o(.text)
    UART5_RX_TX_IRQHandler                   0x000048b7   Thumb Code   100  uart.o(.text)
    UART_SetDMATxMode                        0x0000491b   Thumb Code   126  uart.o(.text)
    UART_DMASendByte                         0x00004999   Thumb Code    44  uart.o(.text)
    UART_DMAGetRemainByte                    0x000049c5   Thumb Code    16  uart.o(.text)
    SPI_CTARConfig                           0x00004ae7   Thumb Code   464  spi.o(.text)
    SPI_Init                                 0x00004cb7   Thumb Code   228  spi.o(.text)
    SPI_QuickInit                            0x00004d9b   Thumb Code   126  spi.o(.text)
    SPI_EnableTxFIFO                         0x00004e19   Thumb Code    66  spi.o(.text)
    SPI_EnableRxFIFO                         0x00004e5b   Thumb Code    66  spi.o(.text)
    SPI_ITDMAConfig                          0x00004e9d   Thumb Code   276  spi.o(.text)
    SPI_CallbackInstall                      0x00004fb1   Thumb Code    10  spi.o(.text)
    SPI_ReadWriteByte                        0x00004fbb   Thumb Code   114  spi.o(.text)
    SPI0_IRQHandler                          0x0000502d   Thumb Code    32  spi.o(.text)
    SPI1_IRQHandler                          0x0000504d   Thumb Code    32  spi.o(.text)
    SPI2_IRQHandler                          0x0000506d   Thumb Code    32  spi.o(.text)
    WDOG_Init                                0x000050ad   Thumb Code   112  wdog.o(.text)
    WDOG_QuickInit                           0x0000511d   Thumb Code    24  wdog.o(.text)
    WDOG_ITDMAConfig                         0x00005135   Thumb Code    84  wdog.o(.text)
    WDOG_CallbackInstall                     0x00005189   Thumb Code     8  wdog.o(.text)
    WDOG_GetResetCounter                     0x00005191   Thumb Code     6  wdog.o(.text)
    WDOG_ClearResetCounter                   0x00005197   Thumb Code    10  wdog.o(.text)
    WDOG_GetCurrentCounter                   0x000051a1   Thumb Code    14  wdog.o(.text)
    WDOG_Refresh                             0x000051af   Thumb Code    32  wdog.o(.text)
    Watchdog_IRQHandler                      0x000051cf   Thumb Code    28  wdog.o(.text)
    PIT_Init                                 0x000051f9   Thumb Code    92  pit.o(.text)
    PIT_QuickInit                            0x00005255   Thumb Code    20  pit.o(.text)
    PIT_ITDMAConfig                          0x00005269   Thumb Code   114  pit.o(.text)
    PIT_ResetCounter                         0x000052db   Thumb Code    42  pit.o(.text)
    PIT_GetCounterValue                      0x00005305   Thumb Code    12  pit.o(.text)
    PIT_CallbackInstall                      0x00005311   Thumb Code    22  pit.o(.text)
    PIT0_IRQHandler                          0x00005351   Thumb Code    10  pit.o(.text)
    PIT1_IRQHandler                          0x0000535b   Thumb Code    10  pit.o(.text)
    PIT2_IRQHandler                          0x00005365   Thumb Code    10  pit.o(.text)
    PIT3_IRQHandler                          0x0000536f   Thumb Code    10  pit.o(.text)
    LCD_Display_BackgroundColor              0x00005395   Thumb Code    98  drv_lcd.o(.text)
    LCD_Init                                 0x000053f7   Thumb Code  1418  drv_lcd.o(.text)
    LCD_Draw_Point                           0x00005981   Thumb Code   214  drv_lcd.o(.text)
    LCD_Sleep                                0x00005a57   Thumb Code    46  drv_lcd.o(.text)
    LCD_WakeUp                               0x00005a85   Thumb Code    46  drv_lcd.o(.text)
    _LCD_DispChar                            0x00005ab3   Thumb Code   286  drv_lcd.o(.text)
    LCD_DispChar                             0x00005bd1   Thumb Code    46  drv_lcd.o(.text)
    LCD_printf                               0x00005bff   Thumb Code    68  drv_lcd.o(.text)
    ov7620_DMA                               0x00005c49   Thumb Code    38  ov7620.o(.text)
    OV7620_Init                              0x00005c6f   Thumb Code   224  ov7620.o(.text)
    PORTE_IRQHandler                         0x00005d4f   Thumb Code   104  ov7620.o(.text)
    PORTD_IRQHandler                         0x00005db7   Thumb Code    74  ov7620.o(.text)
    ov7725_probe                             0x00005e4d   Thumb Code   132  ov7725.o(.text)
    ov7725_set_image_size                    0x00005ed1   Thumb Code   192  ov7725.o(.text)
    findpoint                                0x00006031   Thumb Code   352  flag.o(.text)
    findbarrier                              0x00006191   Thumb Code   892  flag.o(.text)
    move                                     0x00006525   Thumb Code   206  move.o(.text)
    lookfor                                  0x00006621   Thumb Code   156  response.o(.text)
    bizhang                                  0x000066bd   Thumb Code   126  response.o(.text)
    piancha                                  0x0000673b   Thumb Code   104  response.o(.text)
    gothere                                  0x000067a3   Thumb Code   824  response.o(.text)
    gothere1                                 0x00006adb   Thumb Code   250  response.o(.text)
    pointbizhang                             0x00006bd5   Thumb Code    52  response.o(.text)
    Servo_Control                            0x00006c4d   Thumb Code   100  pid.o(.text)
    Motor_Control                            0x00006cb1   Thumb Code  1086  pid.o(.text)
    julican                                  0x000070f1   Thumb Code   158  qita.o(.text)
    speedset                                 0x0000718f   Thumb Code     8  qita.o(.text)
    pass                                     0x00007197   Thumb Code    96  qita.o(.text)
    jiajiansujuli                            0x000071f7   Thumb Code    82  qita.o(.text)
    prestate                                 0x00007249   Thumb Code   148  qita.o(.text)
    __aeabi_memset                           0x00007331   Thumb Code    14  memseta.o(.text)
    __aeabi_memset4                          0x00007331   Thumb Code     0  memseta.o(.text)
    __aeabi_memset8                          0x00007331   Thumb Code     0  memseta.o(.text)
    __aeabi_memclr                           0x0000733f   Thumb Code     4  memseta.o(.text)
    __aeabi_memclr4                          0x0000733f   Thumb Code     0  memseta.o(.text)
    __aeabi_memclr8                          0x0000733f   Thumb Code     0  memseta.o(.text)
    _memset$wrapper                          0x00007343   Thumb Code    18  memseta.o(.text)
    __aeabi_fadd                             0x00007355   Thumb Code   164  fadd.o(.text)
    __aeabi_fsub                             0x000073f9   Thumb Code     6  fadd.o(.text)
    __aeabi_frsub                            0x000073ff   Thumb Code     6  fadd.o(.text)
    __aeabi_fmul                             0x00007405   Thumb Code   100  fmul.o(.text)
    __aeabi_fdiv                             0x00007469   Thumb Code   124  fdiv.o(.text)
    __aeabi_dadd                             0x000074e5   Thumb Code   322  dadd.o(.text)
    __aeabi_dsub                             0x00007627   Thumb Code     6  dadd.o(.text)
    __aeabi_drsub                            0x0000762d   Thumb Code     6  dadd.o(.text)
    __aeabi_ddiv                             0x00007633   Thumb Code   222  ddiv.o(.text)
    __aeabi_i2f                              0x00007711   Thumb Code    18  fflti.o(.text)
    __aeabi_ui2f                             0x00007723   Thumb Code    10  ffltui.o(.text)
    __aeabi_ui2d                             0x0000772d   Thumb Code    26  dfltui.o(.text)
    __aeabi_f2uiz                            0x00007747   Thumb Code    40  ffixui.o(.text)
    __aeabi_cdrcmple                         0x00007771   Thumb Code    48  cdrcmple.o(.text)
    __aeabi_cfrcmple                         0x000077a1   Thumb Code    20  cfrcmple.o(.text)
    __aeabi_uidiv                            0x000077b5   Thumb Code     0  uidiv.o(.text)
    __aeabi_uidivmod                         0x000077b5   Thumb Code    44  uidiv.o(.text)
    __aeabi_uldivmod                         0x000077e1   Thumb Code    98  uldiv.o(.text)
    __aeabi_llsl                             0x00007843   Thumb Code    30  llshl.o(.text)
    _ll_shift_l                              0x00007843   Thumb Code     0  llshl.o(.text)
    __aeabi_lasr                             0x00007861   Thumb Code    36  llsshr.o(.text)
    _ll_sshift_r                             0x00007861   Thumb Code     0  llsshr.o(.text)
    __I$use$fp                               0x00007885   Thumb Code     0  iusefp.o(.text)
    _float_round                             0x00007885   Thumb Code    18  fepilogue.o(.text)
    _float_epilogue                          0x00007897   Thumb Code    92  fepilogue.o(.text)
    _double_round                            0x000078f3   Thumb Code    30  depilogue.o(.text)
    _double_epilogue                         0x00007911   Thumb Code   156  depilogue.o(.text)
    __aeabi_dmul                             0x000079ad   Thumb Code   228  dmul.o(.text)
    __aeabi_d2ulz                            0x00007a91   Thumb Code    48  dfixul.o(.text)
    __scatterload                            0x00007ac1   Thumb Code    28  init.o(.text)
    __scatterload_rt2                        0x00007ac1   Thumb Code     0  init.o(.text)
    __aeabi_llsr                             0x00007ae5   Thumb Code    32  llushr.o(.text)
    _ll_ushift_r                             0x00007ae5   Thumb Code     0  llushr.o(.text)
    __decompress                             0x00007b05   Thumb Code     0  __dczerorl2.o(.text)
    __decompress1                            0x00007b05   Thumb Code    86  __dczerorl2.o(.text)
    __0printf                                0x00007b5d   Thumb Code    22  printfa.o(i.__0printf)
    __1printf                                0x00007b5d   Thumb Code     0  printfa.o(i.__0printf)
    __2printf                                0x00007b5d   Thumb Code     0  printfa.o(i.__0printf)
    __c89printf                              0x00007b5d   Thumb Code     0  printfa.o(i.__0printf)
    printf                                   0x00007b5d   Thumb Code     0  printfa.o(i.__0printf)
    __0vsprintf                              0x00007b7d   Thumb Code    30  printfa.o(i.__0vsprintf)
    __1vsprintf                              0x00007b7d   Thumb Code     0  printfa.o(i.__0vsprintf)
    __2vsprintf                              0x00007b7d   Thumb Code     0  printfa.o(i.__0vsprintf)
    __c89vsprintf                            0x00007b7d   Thumb Code     0  printfa.o(i.__0vsprintf)
    vsprintf                                 0x00007b7d   Thumb Code     0  printfa.o(i.__0vsprintf)
    __scatterload_copy                       0x00007ba1   Thumb Code    14  handlers.o(i.__scatterload_copy)
    __scatterload_null                       0x00007baf   Thumb Code     2  handlers.o(i.__scatterload_null)
    __scatterload_zeroinit                   0x00007bb1   Thumb Code    14  handlers.o(i.__scatterload_zeroinit)
    ADC_InstanceTable                        0x0000847c   Data           8  adc.o(.constdata)
    SPI_InstanceTable                        0x000085b0   Data          12  spi.o(.constdata)
    FONT_SimSun6x8                           0x0000862c   Data        1140  drv_lcd.o(.constdata)
    OV7620_SelectedROWS                      0x00008aa0   Data         100  ov7620.o(.constdata)
    Region$$Table$$Base                      0x00008b6c   Number         0  anon$$obj.o(Region$$Table)
    Region$$Table$$Limit                     0x00008b9c   Number         0  anon$$obj.o(Region$$Table)
    qd_left_value                            0x1fff0000   Data           4  control.o(.data)
    qd_right_value                           0x1fff0004   Data           4  control.o(.data)
    direction                                0x1fff0008   Data           1  control.o(.data)
    direction2                               0x1fff0009   Data           1  control.o(.data)
    Left_QD_value                            0x1fff000c   Data           4  control.o(.data)
    Right_QD_value                           0x1fff0010   Data           4  control.o(.data)
    img                                      0x1fff0014   Data        4800  ov7725_init.o(.data)
    CCDBuffer                                0x1fff12d4   Data           4  ov7725_init.o(.data)
    ov7725_img_flag                          0x1fff12d8   Data           1  ov7725_init.o(.data)
    tt                                       0x1fff12da   Data           2  getready.o(.data)
    SystemCoreClock                          0x1fff12e4   Data           4  system_mk60d10.o(.data)
    __stdout                                 0x1fff1304   Data           4  uart.o(.data)
    __stdin                                  0x1fff1308   Data           4  uart.o(.data)
    display_on_LCD                           0x1fff1330   Data           1  drv_lcd.o(.data)
    ov7620_img_flag                          0x1fff1340   Data           1  ov7620.o(.data)
    currRow                                  0x1fff1342   Data           2  ov7620.o(.data)
    wantRow                                  0x1fff1344   Data           2  ov7620.o(.data)
    barrier2                                 0x1fff1348   Data           1  flag.o(.data)
    countbz7620                              0x1fff134a   Data           2  flag.o(.data)
    juli                                     0x1fff134c   Data           1  flag.o(.data)
    deviation                                0x1fff1350   Data           2  response.o(.data)
    xideng                                   0x1fff1360   Data           1  canshu.o(.data)
    kaiqi                                    0x1fff1361   Data           1  canshu.o(.data)
    turn                                     0x1fff1362   Data          20  canshu.o(.data)
    turn_route                               0x1fff1376   Data          20  canshu.o(.data)
    turn11                                   0x1fff138a   Data          20  canshu.o(.data)
    delay                                    0x1fff139e   Data          20  canshu.o(.data)
    bizhangkaiguan                           0x1fff13b2   Data          20  canshu.o(.data)
    speed1                                   0x1fff13c6   Data          20  canshu.o(.data)
    speed2                                   0x1fff13da   Data          20  canshu.o(.data)
    speed3                                   0x1fff13ee   Data          20  canshu.o(.data)
    speed4                                   0x1fff1402   Data          20  canshu.o(.data)
    speed5                                   0x1fff1416   Data          20  canshu.o(.data)
    speed6                                   0x1fff142a   Data          20  canshu.o(.data)
    speedzhuanwan                            0x1fff143e   Data           1  canshu.o(.data)
    speedzhuanwan2                           0x1fff143f   Data           1  canshu.o(.data)
    speedjiasu                               0x1fff1440   Data           1  canshu.o(.data)
    speedxinjiansu                           0x1fff1441   Data           1  canshu.o(.data)
    speedxinjia                              0x1fff1442   Data           1  canshu.o(.data)
    speeddazhuan                             0x1fff1443   Data           1  canshu.o(.data)
    speedbizhang                             0x1fff1444   Data           1  canshu.o(.data)
    speedxinbi1                              0x1fff1445   Data           1  canshu.o(.data)
    speedxinjia2                             0x1fff1446   Data           1  canshu.o(.data)
    speedxinjiansu2                          0x1fff1447   Data           1  canshu.o(.data)
    speedjiasu2                              0x1fff1448   Data           1  canshu.o(.data)
    speedxinbi2                              0x1fff1449   Data           1  canshu.o(.data)
    pianchak                                 0x1fff144c   Data           4  canshu.o(.data)
    anglemid                                 0x1fff1450   Data           2  canshu.o(.data)
    angleleft                                0x1fff1452   Data           2  canshu.o(.data)
    angleright                               0x1fff1454   Data           2  canshu.o(.data)
    hide_left                                0x1fff1456   Data           2  canshu.o(.data)
    hide_right                               0x1fff1458   Data           2  canshu.o(.data)
    acc_left                                 0x1fff145a   Data           2  canshu.o(.data)
    acc_right                                0x1fff145c   Data           2  canshu.o(.data)
    hide2_left                               0x1fff145e   Data           2  canshu.o(.data)
    hide2_right                              0x1fff1460   Data           2  canshu.o(.data)
    anglek                                   0x1fff1464   Data           4  canshu.o(.data)
    Kd                                       0x1fff1468   Data           2  canshu.o(.data)
    door_7620                                0x1fff146a   Data           2  canshu.o(.data)
    h7620                                    0x1fff146c   Data           1  canshu.o(.data)
    delay1                                   0x1fff146e   Data           2  canshu.o(.data)
    delay2                                   0x1fff1470   Data           2  canshu.o(.data)
    stopbizhangh7620                         0x1fff1472   Data           2  canshu.o(.data)
    stopbizhangh7725                         0x1fff1474   Data           2  canshu.o(.data)
    door7620                                 0x1fff1476   Data           2  canshu.o(.data)
    tt1                                      0x1fff1478   Data           4  canshu.o(.data)
    xiangsuzhi                               0x1fff147c   Data           1  canshu.o(.data)
    cammid                                   0x1fff147e   Data           2  canshu.o(.data)
    xinbiaobizhang_h                         0x1fff1480   Data           2  canshu.o(.data)
    k11                                      0x1fff1484   Data           4  canshu.o(.data)
    c                                        0x1fff1488   Data           4  canshu.o(.data)
    acc_stop2                                0x1fff148c   Data           2  canshu.o(.data)
    k12                                      0x1fff1490   Data           4  canshu.o(.data)
    acc_stop1                                0x1fff1494   Data           2  canshu.o(.data)
    xinbiaoqieguo_h                          0x1fff1496   Data           2  canshu.o(.data)
    jishuwei                                 0x1fff1498   Data           2  canshu.o(.data)
    jioushu                                  0x1fff149a   Data           1  canshu.o(.data)
    target_flag                              0x1fff149b   Data           1  canshu.o(.data)
    target_h                                 0x1fff149c   Data           2  canshu.o(.data)
    target_l                                 0x1fff149e   Data           2  canshu.o(.data)
    barrier                                  0x1fff14a0   Data           1  canshu.o(.data)
    barrier_h                                0x1fff14a1   Data           1  canshu.o(.data)
    barrier_l                                0x1fff14a2   Data           1  canshu.o(.data)
    barrier2_h                               0x1fff14a3   Data           1  canshu.o(.data)
    barrier2_l                               0x1fff14a4   Data           1  canshu.o(.data)
    stopba                                   0x1fff14a5   Data           1  canshu.o(.data)
    xinbiaobizhang                           0x1fff14a6   Data           1  canshu.o(.data)
    xinbiaoqieguo                            0x1fff14a7   Data           1  canshu.o(.data)
    state                                    0x1fff14a8   Data           1  canshu.o(.data)
    seepoint                                 0x1fff14a9   Data           1  canshu.o(.data)
    count1                                   0x1fff14aa   Data           1  canshu.o(.data)
    count11                                  0x1fff14ab   Data           5  canshu.o(.data)
    count7725                                0x1fff14b0   Data           2  canshu.o(.data)
    forestate                                0x1fff14b2   Data           1  canshu.o(.data)
    foreangle                                0x1fff14b4   Data           2  canshu.o(.data)
    speedx                                   0x1fff14b6   Data           2  canshu.o(.data)
    anglex                                   0x1fff14b8   Data           2  canshu.o(.data)
    anglenow                                 0x1fff14ba   Data           2  canshu.o(.data)
    bama                                     0x1fff14bc   Data           4  canshu.o(.data)
    bamakaiguan                              0x1fff14c0   Data           1  qita.o(.data)
    xinbiaoxiangsu                           0x1fff14c2   Data           2  qita.o(.data)
    xinbiaobiaozhi                           0x1fff14c4   Data           1  qita.o(.data)
    xidengshu                                0x1fff14c5   Data           1  qita.o(.data)
    can                                      0x1fff14c8   Data           4  qita.o(.data)
    laststate                                0x1fff14cc   Data           1  qita.o(.data)
    CCDBufferPool                            0x1fff14d0   Data         600  ov7725_init.o(.bss)
    center                                   0x1fff1728   Data          60  ov7725_init.o(.bss)
    h_ov7725                                 0x1fff1824   Data          16  ov7725.o(.bss)
    state0                                   0x1fff1834   Data          10  canshu.o(.bss)
    xinbiao0                                 0x1fff183e   Data          20  qita.o(.bss)
    __initial_sp                             0x1fff3858   Data           0  startup_mk60d10.o(STACK)
    CCD_Image                                0x20000000   Data       32000  ov7620.o(.bss)
    CCD_Image22                              0x20007d00   Data       32000  ov7620.o(.bss)
    DMA_InitStruct1                          0x2000fa00   Data          48  ov7620.o(.bss)



==============================================================================

Memory Map of the image

  Image Entry point : 0x00000411

  Load Region LR_IROM1 (Base: 0x00000000, Size: 0x0000a06c, Max: 0x00080000, ABSOLUTE, COMPRESSED[0x00008c60])

    Execution Region ER_IROM1 (Base: 0x00000000, Size: 0x00008b9c, Max: 0x00080000, ABSOLUTE)

    Base Addr    Size         Type   Attr      Idx    E Section Name        Object

    0x00000000   0x00000400   Data   RO          319    RESET               startup_mk60d10.o
    0x00000400   0x00000010   Code   RO          320    .ARM.__at_0x400     startup_mk60d10.o
    0x00000410   0x00000000   Code   RO         1016  * .ARM.Collect$$$$00000000  mc_w.l(entry.o)
    0x00000410   0x00000004   Code   RO         1304    .ARM.Collect$$$$00000001  mc_w.l(entry2.o)
    0x00000414   0x00000004   Code   RO         1307    .ARM.Collect$$$$00000004  mc_w.l(entry5.o)
    0x00000418   0x00000000   Code   RO         1309    .ARM.Collect$$$$00000008  mc_w.l(entry7b.o)
    0x00000418   0x00000000   Code   RO         1311    .ARM.Collect$$$$0000000A  mc_w.l(entry8b.o)
    0x00000418   0x00000008   Code   RO         1312    .ARM.Collect$$$$0000000B  mc_w.l(entry9a.o)
    0x00000420   0x00000000   Code   RO         1314    .ARM.Collect$$$$0000000D  mc_w.l(entry10a.o)
    0x00000420   0x00000000   Code   RO         1316    .ARM.Collect$$$$0000000F  mc_w.l(entry11a.o)
    0x00000420   0x00000004   Code   RO         1305    .ARM.Collect$$$$00002712  mc_w.l(entry2.o)
    0x00000424   0x000000f0   Code   RO            3    .text               main.o
    0x00000514   0x00000338   Code   RO          178    .text               control.o
    0x0000084c   0x000000bc   Code   RO          204    .text               img_processing.o
    0x00000908   0x000002d0   Code   RO          231    .text               ov7725_init.o
    0x00000bd8   0x0000087c   Code   RO          263    .text               getready.o
    0x00001454   0x00000228   Code   RO          293    .text               system_mk60d10.o
    0x0000167c   0x00000024   Code   RO          321    .text               startup_mk60d10.o
    0x000016a0   0x000005d4   Code   RO          329    .text               adc.o
    0x00001c74   0x000000c4   Code   RO          353    .text               cmt.o
    0x00001d38   0x0000012c   Code   RO          375    .text               common.o
    0x00001e64   0x000005e4   Code   RO          395    .text               dac.o
    0x00002448   0x00000530   Code   RO          421    .text               dma.o
    0x00002978   0x00000dfc   Code   RO          445    .text               ftm.o
    0x00003774   0x000005c4   Code   RO          472    .text               gpio.o
    0x00003d38   0x0000028a   Code   RO          495    .text               io2iic.o
    0x00003fc2   0x00000002   PAD
    0x00003fc4   0x00000a40   Code   RO          540    .text               uart.o
    0x00004a04   0x00000694   Code   RO          572    .text               spi.o
    0x00005098   0x00000160   Code   RO          599    .text               wdog.o
    0x000051f8   0x0000019c   Code   RO          624    .text               pit.o
    0x00005394   0x000008b4   Code   RO          673    .text               drv_lcd.o
    0x00005c48   0x00000204   Code   RO          712    .text               ov7620.o
    0x00005e4c   0x000001e4   Code   RO          772    .text               ov7725.o
    0x00006030   0x000004f4   Code   RO          873    .text               flag.o
    0x00006524   0x000000fc   Code   RO          899    .text               move.o
    0x00006620   0x0000062c   Code   RO          920    .text               response.o
    0x00006c4c   0x000004a2   Code   RO          947    .text               pid.o
    0x000070ee   0x00000002   PAD
    0x000070f0   0x00000240   Code   RO          991    .text               qita.o
    0x00007330   0x00000024   Code   RO         1019    .text               mc_w.l(memseta.o)
    0x00007354   0x000000b0   Code   RO         1282    .text               mf_w.l(fadd.o)
    0x00007404   0x00000064   Code   RO         1284    .text               mf_w.l(fmul.o)
    0x00007468   0x0000007c   Code   RO         1286    .text               mf_w.l(fdiv.o)
    0x000074e4   0x0000014e   Code   RO         1288    .text               mf_w.l(dadd.o)
    0x00007632   0x000000de   Code   RO         1290    .text               mf_w.l(ddiv.o)
    0x00007710   0x00000012   Code   RO         1292    .text               mf_w.l(fflti.o)
    0x00007722   0x0000000a   Code   RO         1294    .text               mf_w.l(ffltui.o)
    0x0000772c   0x0000001a   Code   RO         1296    .text               mf_w.l(dfltui.o)
    0x00007746   0x00000028   Code   RO         1298    .text               mf_w.l(ffixui.o)
    0x0000776e   0x00000002   PAD
    0x00007770   0x00000030   Code   RO         1300    .text               mf_w.l(cdrcmple.o)
    0x000077a0   0x00000014   Code   RO         1302    .text               mf_w.l(cfrcmple.o)
    0x000077b4   0x0000002c   Code   RO         1318    .text               mc_w.l(uidiv.o)
    0x000077e0   0x00000062   Code   RO         1320    .text               mc_w.l(uldiv.o)
    0x00007842   0x0000001e   Code   RO         1322    .text               mc_w.l(llshl.o)
    0x00007860   0x00000024   Code   RO         1324    .text               mc_w.l(llsshr.o)
    0x00007884   0x00000000   Code   RO         1326    .text               mc_w.l(iusefp.o)
    0x00007884   0x0000006e   Code   RO         1327    .text               mf_w.l(fepilogue.o)
    0x000078f2   0x000000ba   Code   RO         1329    .text               mf_w.l(depilogue.o)
    0x000079ac   0x000000e4   Code   RO         1331    .text               mf_w.l(dmul.o)
    0x00007a90   0x00000030   Code   RO         1333    .text               mf_w.l(dfixul.o)
    0x00007ac0   0x00000024   Code   RO         1335    .text               mc_w.l(init.o)
    0x00007ae4   0x00000020   Code   RO         1337    .text               mc_w.l(llushr.o)
    0x00007b04   0x00000056   Code   RO         1347    .text               mc_w.l(__dczerorl2.o)
    0x00007b5a   0x00000002   PAD
    0x00007b5c   0x00000020   Code   RO         1254    i.__0printf         mc_w.l(printfa.o)
    0x00007b7c   0x00000024   Code   RO         1260    i.__0vsprintf       mc_w.l(printfa.o)
    0x00007ba0   0x0000000e   Code   RO         1341    i.__scatterload_copy  mc_w.l(handlers.o)
    0x00007bae   0x00000002   Code   RO         1342    i.__scatterload_null  mc_w.l(handlers.o)
    0x00007bb0   0x0000000e   Code   RO         1343    i.__scatterload_zeroinit  mc_w.l(handlers.o)
    0x00007bbe   0x00000002   PAD
    0x00007bc0   0x00000184   Code   RO         1261    i._fp_digits        mc_w.l(printfa.o)
    0x00007d44   0x000006dc   Code   RO         1262    i._printf_core      mc_w.l(printfa.o)
    0x00008420   0x00000024   Code   RO         1263    i._printf_post_padding  mc_w.l(printfa.o)
    0x00008444   0x0000002e   Code   RO         1264    i._printf_pre_padding  mc_w.l(printfa.o)
    0x00008472   0x0000000a   Code   RO         1266    i._sputc            mc_w.l(printfa.o)
    0x0000847c   0x0000001a   Data   RO          330    .constdata          adc.o
    0x00008496   0x00000002   PAD
    0x00008498   0x0000000a   Data   RO          396    .constdata          dac.o
    0x000084a2   0x00000010   Data   RO          423    .constdata          dma.o
    0x000084b2   0x00000002   PAD
    0x000084b4   0x00000033   Data   RO          447    .constdata          ftm.o
    0x000084e7   0x00000001   PAD
    0x000084e8   0x00000041   Data   RO          474    .constdata          gpio.o
    0x00008529   0x00000003   PAD
    0x0000852c   0x00000084   Data   RO          542    .constdata          uart.o
    0x000085b0   0x00000078   Data   RO          574    .constdata          spi.o
    0x00008628   0x00000004   Data   RO          626    .constdata          pit.o
    0x0000862c   0x00000474   Data   RO          674    .constdata          drv_lcd.o
    0x00008aa0   0x00000064   Data   RO          714    .constdata          ov7620.o
    0x00008b04   0x0000005e   Data   RO          774    .constdata          ov7725.o
    0x00008b62   0x00000002   PAD
    0x00008b64   0x00000007   Data   RO          675    .conststring        drv_lcd.o
    0x00008b6b   0x00000001   PAD
    0x00008b6c   0x00000030   Data   RO         1339    Region$$Table       anon$$obj.o


    Execution Region RW_IRAM2 (Base: 0x1fff0000, Size: 0x00003858, Max: 0x00010000, ABSOLUTE, COMPRESSED[0x000000c4])

    Base Addr    Size         Type   Attr      Idx    E Section Name        Object

    0x1fff0000   0x00000014   Data   RW          179    .data               control.o
    0x1fff0014   0x000012c5   Data   RW          233    .data               ov7725_init.o
    0x1fff12d9   0x00000001   PAD
    0x1fff12da   0x0000000a   Data   RW          264    .data               getready.o
    0x1fff12e4   0x00000004   Data   RW          294    .data               system_mk60d10.o
    0x1fff12e8   0x00000008   Data   RW          331    .data               adc.o
    0x1fff12f0   0x00000002   Data   RW          354    .data               cmt.o
    0x1fff12f2   0x00000002   PAD
    0x1fff12f4   0x00000008   Data   RW          397    .data               dac.o
    0x1fff12fc   0x00000004   Data   RW          424    .data               dma.o
    0x1fff1300   0x00000025   Data   RW          543    .data               uart.o
    0x1fff1325   0x00000003   PAD
    0x1fff1328   0x00000004   Data   RW          600    .data               wdog.o
    0x1fff132c   0x00000004   Data   RW          627    .data               pit.o
    0x1fff1330   0x00000010   Data   RW          676    .data               drv_lcd.o
    0x1fff1340   0x00000006   Data   RW          715    .data               ov7620.o
    0x1fff1346   0x00000001   Data   RW          775    .data               ov7725.o
    0x1fff1347   0x00000001   PAD
    0x1fff1348   0x00000006   Data   RW          874    .data               flag.o
    0x1fff134e   0x00000002   Data   RW          900    .data               move.o
    0x1fff1350   0x00000002   Data   RW          921    .data               response.o
    0x1fff1352   0x0000000e   Data   RW          948    .data               pid.o
    0x1fff1360   0x00000160   Data   RW          970    .data               canshu.o
    0x1fff14c0   0x0000000e   Data   RW          993    .data               qita.o
    0x1fff14ce   0x00000002   PAD
    0x1fff14d0   0x00000294   Zero   RW          232    .bss                ov7725_init.o
    0x1fff1764   0x00000040   Zero   RW          422    .bss                dma.o
    0x1fff17a4   0x0000000c   Zero   RW          446    .bss                ftm.o
    0x1fff17b0   0x00000014   Zero   RW          473    .bss                gpio.o
    0x1fff17c4   0x00000044   Zero   RW          541    .bss                uart.o
    0x1fff1808   0x0000000c   Zero   RW          573    .bss                spi.o
    0x1fff1814   0x00000010   Zero   RW          625    .bss                pit.o
    0x1fff1824   0x00000010   Zero   RW          773    .bss                ov7725.o
    0x1fff1834   0x0000000a   Zero   RW          969    .bss                canshu.o
    0x1fff183e   0x00000014   Zero   RW          992    .bss                qita.o
    0x1fff1852   0x00000006   PAD
    0x1fff1858   0x00002000   Zero   RW          317    STACK               startup_mk60d10.o


    Execution Region RW_IRAM1 (Base: 0x20000000, Size: 0x0000fa30, Max: 0x00010000, ABSOLUTE)

    Base Addr    Size         Type   Attr      Idx    E Section Name        Object

    0x20000000   0x0000fa30   Zero   RW          713    .bss                ov7620.o


==============================================================================

Image component sizes


      Code (inc. data)   RO Data    RW Data    ZI Data      Debug   Object Name

      1492         36         26          8          0       4527   adc.o
         0          0          0        352         10       3449   canshu.o
       196         12          0          2          0       1022   cmt.o
       300         26          0          0          0       3242   common.o
       824         42          0         20          0       1467   control.o
      1508         34         10          8          0       4945   dac.o
      1328         38         16          4         64       6694   dma.o
      2228         12       1147         16          0       7378   drv_lcd.o
      1268        136          0          6          0       2372   flag.o
      3580         70         51          0         12       7114   ftm.o
      2172        480          0         10          0      25621   getready.o
      1476         60         65          0         20       5773   gpio.o
       188         12          0          0          0        627   img_processing.o
       650          0          0          0          0       2036   io2iic.o
       240         38          0          0          0     252835   main.o
       252         46          0          2          0        787   move.o
       516         58        100          6      64048       2243   ov7620.o
       484        160         94          1         16       5468   ov7725.o
       720         84          0       4805        660      26195   ov7725_init.o
      1186        102          0         14          0       1926   pid.o
       412         28          4          4         16       3578   pit.o
       576         98          0         14         20       2128   qita.o
      1580        232          0          2          0       1824   response.o
      1684         40        120          0         12       6592   spi.o
        52         24       1024          0       8192       1088   startup_mk60d10.o
       552         40          0          4          0       1317   system_mk60d10.o
      2624         72        132         37         68      10751   uart.o
       352         14          0          4          0       3369   wdog.o

    ----------------------------------------------------------------------
     28444       1994       2848       5328      73144     396368   Object Totals
         0          0         48          0          0          0   (incl. Generated)
         4          0         11          9          6          0   (incl. Padding)

    ----------------------------------------------------------------------

      Code (inc. data)   RO Data    RW Data    ZI Data      Debug   Library Member Name

        86          0          0          0          0          0   __dczerorl2.o
         0          0          0          0          0          0   entry.o
         0          0          0          0          0          0   entry10a.o
         0          0          0          0          0          0   entry11a.o
         8          4          0          0          0          0   entry2.o
         4          0          0          0          0          0   entry5.o
         0          0          0          0          0          0   entry7b.o
         0          0          0          0          0          0   entry8b.o
         8          4          0          0          0          0   entry9a.o
        30          0          0          0          0          0   handlers.o
        36          8          0          0          0         68   init.o
         0          0          0          0          0          0   iusefp.o
        30          0          0          0          0         68   llshl.o
        36          0          0          0          0         68   llsshr.o
        32          0          0          0          0         68   llushr.o
        36          0          0          0          0        108   memseta.o
      2304         96          0          0          0        600   printfa.o
        44          0          0          0          0         80   uidiv.o
        98          0          0          0          0         92   uldiv.o
        48          0          0          0          0         68   cdrcmple.o
        20          0          0          0          0         68   cfrcmple.o
       334          0          0          0          0        148   dadd.o
       222          0          0          0          0        100   ddiv.o
       186          0          0          0          0        176   depilogue.o
        48          0          0          0          0         68   dfixul.o
        26          0          0          0          0         76   dfltui.o
       228          0          0          0          0         96   dmul.o
       176          0          0          0          0        140   fadd.o
       124          0          0          0          0         88   fdiv.o
       110          0          0          0          0        168   fepilogue.o
        40          0          0          0          0         68   ffixui.o
        18          0          0          0          0         68   fflti.o
        10          0          0          0          0         68   ffltui.o
       100          0          0          0          0         76   fmul.o

    ----------------------------------------------------------------------
      4448        112          0          0          0       2628   Library Totals
         6          0          0          0          0          0   (incl. Padding)

    ----------------------------------------------------------------------

      Code (inc. data)   RO Data    RW Data    ZI Data      Debug   Library Name

      2752        112          0          0          0       1152   mc_w.l
      1690          0          0          0          0       1476   mf_w.l

    ----------------------------------------------------------------------
      4448        112          0          0          0       2628   Library Totals

    ----------------------------------------------------------------------

==============================================================================


      Code (inc. data)   RO Data    RW Data    ZI Data      Debug   

     32892       2106       2848       5328      73144     395432   Grand Totals
     32892       2106       2848        196      73144     395432   ELF Image Totals (compressed)
     32892       2106       2848        196          0          0   ROM Totals

==============================================================================

    Total RO  Size (Code + RO Data)                35740 (  34.90kB)
    Total RW  Size (RW Data + ZI Data)             78472 (  76.63kB)
    Total ROM Size (Code + RO Data + RW Data)      35936 (  35.09kB)

==============================================================================

