<html>
<body>
<pre>
<h1>礦ision Build Log</h1>
<h2>Tool Versions:</h2>
IDE-Version: μVision V5.23.0.0
Copyright (C) 2017 ARM Ltd and ARM Germany GmbH. All rights reserved.
License Information: Xu Zihan, Tongji Uneiversity, LIC=4ZLQD-8VVF0-22QL4-FWP15-N60JV-8ZQ10
 
Tool Versions:
Toolchain:       MDK-ARM Professional  Version: 5.23
Toolchain Path:  D:\Program Files\Keil_v5\ARM\ARMCC\Bin
C Compiler:      Armcc.exe V5.06 update 4 (build 422)
Assembler:       Armasm.exe V5.06 update 4 (build 422)
Linker/Locator:  ArmLink.exe V5.06 update 4 (build 422)
Library Manager: ArmAr.exe V5.06 update 4 (build 422)
Hex Converter:   FromElf.exe V5.06 update 4 (build 422)
CPU DLL:         SARMCM3.DLL V5.23
Dialog DLL:      DCM.DLL V1.15.0.0
Target DLL:      Segger\JL2CM3.dll V2.99.23.0
Dialog DLL:      TCM.DLL V1.27.0.0
 
<h2>Project:</h2>
D:\Projects\Git\bili and his father\Project\MDK\templete.uvprojx
Project File Date:  07/21/2017

<h2>Output:</h2>
*** Using Compiler 'V5.06 update 4 (build 422)', folder: 'D:\Program Files\Keil_v5\ARM\ARMCC\Bin'
Build target 'mk60d10'
compiling pid.c...
..\src\canshu.h(104): warning:  #1-D: last line of file ends without a newline
  #endif
..\src\head.h(36): warning:  #1-D: last line of file ends without a newline
  #endif
..\src\getready.h(18): warning:  #1-D: last line of file ends without a newline
  #endif
..\src\move.h(19): warning:  #1-D: last line of file ends without a newline
  #endif
..\src\response.h(25): warning:  #1-D: last line of file ends without a newline
  #endif
..\src\pid.h(17): warning:  #1295-D: Deprecated declaration Servo_Control - give arg types
  void Servo_Control();
..\src\pid.h(24): warning:  #1-D: last line of file ends without a newline
  #endif
..\src\flag.h(12): warning:  #1-D: last line of file ends without a newline
  #endif
..\src\qita.h(20): warning:  #1295-D: Deprecated declaration jiajiansujuli - give arg types
  void jiajiansujuli();//动态设置加减速距离
..\src\qita.h(25): warning:  #1-D: last line of file ends without a newline
  #endif
..\src\head.h(36): warning:  #1-D: last line of file ends without a newline
  #endif
..\src\pid.c(21): warning:  #177-D: variable "piancha1"  was declared but never referenced
      uint16_t piancha1;
..\src\pid.c(62): warning:  #550-D: variable "k1"  was set but never used
      float k1=1;//积分计算的系数
..\src\pid.c(74): warning:  #550-D: variable "cha"  was set but never used
  uint8_t cha=0;
..\src\pid.c: 14 warnings, 0 errors
linking...
Program Size: Code=32600 RO-data=2868 RW-data=5300 ZI-data=73140  
FromELF: creating hex file...
".\OBJ\templete.axf" - 0 Error(s), 14 Warning(s).

<h2>Collection of Component include folders:</h2>
  .\RTE\_mk60d10
  D:\Program Files\Keil_v5\ARM\PACK\Keil\Kinetis_K60_DFP\1.2.0\Device\Include

<h2>Collection of Component Files used:</h2>
Build Time Elapsed:  00:00:01
</pre>
</body>
</html>
