<html>
<body>
<pre>
<h1>礦ision Build Log</h1>
<h2>Tool Versions:</h2>
IDE-Version: μVision V5.23.0.0
Copyright (C) 2017 ARM Ltd and ARM Germany GmbH. All rights reserved.
License Information: Xu Zihan, Tongji Uneiversity, LIC=4ZLQD-8VVF0-22QL4-FWP15-N60JV-8ZQ10
 
Tool Versions:
Toolchain:       MDK-ARM Professional  Version: 5.23
Toolchain Path:  D:\Program Files\Keil_v5\ARM\ARMCC\Bin
C Compiler:      Armcc.exe V5.06 update 4 (build 422)
Assembler:       Armasm.exe V5.06 update 4 (build 422)
Linker/Locator:  ArmLink.exe V5.06 update 4 (build 422)
Library Manager: ArmAr.exe V5.06 update 4 (build 422)
Hex Converter:   FromElf.exe V5.06 update 4 (build 422)
CPU DLL:         SARMCM3.DLL V5.23
Dialog DLL:      DCM.DLL V1.15.0.0
Target DLL:      Segger\JL2CM3.dll V2.99.23.0
Dialog DLL:      TCM.DLL V1.27.0.0
 
<h2>Project:</h2>
F:\NXP\国赛\version1.2\Project\MDK\templete.uvprojx
Project File Date:  08/23/2017

<h2>Output:</h2>
*** Using Compiler 'V5.06 update 4 (build 422)', folder: 'D:\Program Files\Keil_v5\ARM\ARMCC\Bin'
Build target 'mk60d10'
compiling move.c...
..\src\canshu.h(70): warning:  #1-D: last line of file ends without a newline
  #endif
..\src\head.h(42): warning:  #1-D: last line of file ends without a newline
  #endif
..\src\getready.h(18): warning:  #1-D: last line of file ends without a newline
  #endif
..\src\move.h(19): warning:  #1-D: last line of file ends without a newline
  #endif
..\src\response.h(24): warning:  #1-D: last line of file ends without a newline
  #endif
..\src\pid.h(23): warning:  #1295-D: Deprecated declaration Servo_Control - give arg types
  void Servo_Control();
..\src\pid.h(30): warning:  #1-D: last line of file ends without a newline
  #endif
..\src\flag.h(14): warning:  #1-D: last line of file ends without a newline
  #endif
..\src\qita.h(13): warning:  #1295-D: Deprecated declaration touchswitch - give arg types
  void touchswitch();
..\src\qita.h(25): warning:  #1-D: last line of file ends without a newline
  #endif
..\addsource\race.h(49): warning:  #1-D: last line of file ends without a newline
  #endif
..\src\head.h(42): warning:  #1-D: last line of file ends without a newline
  #endif
..\src\move.c(93): warning:  #1-D: last line of file ends without a newline
    
..\src\move.c: 13 warnings, 0 errors
compiling img_processing.c...
..\src\canshu.h(70): warning:  #1-D: last line of file ends without a newline
  #endif
..\src\head.h(42): warning:  #1-D: last line of file ends without a newline
  #endif
..\src\getready.h(18): warning:  #1-D: last line of file ends without a newline
  #endif
..\src\move.h(19): warning:  #1-D: last line of file ends without a newline
  #endif
..\src\response.h(24): warning:  #1-D: last line of file ends without a newline
  #endif
..\src\pid.h(23): warning:  #1295-D: Deprecated declaration Servo_Control - give arg types
  void Servo_Control();
..\src\pid.h(30): warning:  #1-D: last line of file ends without a newline
  #endif
..\src\flag.h(14): warning:  #1-D: last line of file ends without a newline
  #endif
..\addsource\race.h(49): warning:  #1-D: last line of file ends without a newline
  #endif
..\src\head.h(42): warning:  #1-D: last line of file ends without a newline
  #endif
..\src\img_processing.c: 12 warnings, 0 errors
compiling main.c...
..\src\canshu.h(70): warning:  #1-D: last line of file ends without a newline
  #endif
..\src\head.h(42): warning:  #1-D: last line of file ends without a newline
  #endif
..\src\getready.h(18): warning:  #1-D: last line of file ends without a newline
  #endif
..\src\move.h(19): warning:  #1-D: last line of file ends without a newline
  #endif
..\src\response.h(24): warning:  #1-D: last line of file ends without a newline
  #endif
..\src\pid.h(23): warning:  #1295-D: Deprecated declaration Servo_Control - give arg types
  void Servo_Control();
..\src\pid.h(30): warning:  #1-D: last line of file ends without a newline
  #endif
..\src\flag.h(14): warning:  #1-D: last line of file ends without a newline
  #endif
..\src\qita.h(13): warning:  #1295-D: Deprecated declaration touchswitch - give arg types
  void touchswitch();
..\src\qita.h(25): warning:  #1-D: last line of file ends without a newline
  #endif
..\addsource\rtp.h(13): warning:  #1-D: last line of file ends without a newline
  #endif
..\addsource\carTest.h(13): warning:  #1-D: last line of file ends without a newline
  #endif
..\src\main.c(44): warning:  #1-D: last line of file ends without a newline
  }
..\src\main.c: 16 warnings, 0 errors
compiling getready.c...
..\src\canshu.h(70): warning:  #1-D: last line of file ends without a newline
  #endif
..\src\head.h(42): warning:  #1-D: last line of file ends without a newline
  #endif
..\src\getready.h(18): warning:  #1-D: last line of file ends without a newline
  #endif
..\src\move.h(19): warning:  #1-D: last line of file ends without a newline
  #endif
..\src\response.h(24): warning:  #1-D: last line of file ends without a newline
  #endif
..\src\pid.h(23): warning:  #1295-D: Deprecated declaration Servo_Control - give arg types
  void Servo_Control();
..\src\pid.h(30): warning:  #1-D: last line of file ends without a newline
  #endif
..\src\flag.h(14): warning:  #1-D: last line of file ends without a newline
  #endif
..\src\qita.h(13): warning:  #1295-D: Deprecated declaration touchswitch - give arg types
  void touchswitch();
..\src\qita.h(25): warning:  #1-D: last line of file ends without a newline
  #endif
..\addsource\race.h(49): warning:  #1-D: last line of file ends without a newline
  #endif
..\src\head.h(42): warning:  #1-D: last line of file ends without a newline
  #endif
..\src\getready.c: 12 warnings, 0 errors
compiling canshu.c...
..\src\canshu.h(70): warning:  #1-D: last line of file ends without a newline
  #endif
..\src\head.h(42): warning:  #1-D: last line of file ends without a newline
  #endif
..\src\getready.h(18): warning:  #1-D: last line of file ends without a newline
  #endif
..\src\move.h(19): warning:  #1-D: last line of file ends without a newline
  #endif
..\src\response.h(24): warning:  #1-D: last line of file ends without a newline
  #endif
..\src\pid.h(23): warning:  #1295-D: Deprecated declaration Servo_Control - give arg types
  void Servo_Control();
..\src\pid.h(30): warning:  #1-D: last line of file ends without a newline
  #endif
..\src\flag.h(14): warning:  #1-D: last line of file ends without a newline
  #endif
..\src\qita.h(13): warning:  #1295-D: Deprecated declaration touchswitch - give arg types
  void touchswitch();
..\src\qita.h(25): warning:  #1-D: last line of file ends without a newline
  #endif
..\addsource\race.h(49): warning:  #1-D: last line of file ends without a newline
  #endif
..\src\head.h(42): warning:  #1-D: last line of file ends without a newline
  #endif
..\src\canshu.c: 12 warnings, 0 errors
compiling flag.c...
..\src\canshu.h(70): warning:  #1-D: last line of file ends without a newline
  #endif
..\src\head.h(42): warning:  #1-D: last line of file ends without a newline
  #endif
..\src\getready.h(18): warning:  #1-D: last line of file ends without a newline
  #endif
..\src\move.h(19): warning:  #1-D: last line of file ends without a newline
  #endif
..\src\response.h(24): warning:  #1-D: last line of file ends without a newline
  #endif
..\src\pid.h(23): warning:  #1295-D: Deprecated declaration Servo_Control - give arg types
  void Servo_Control();
..\src\pid.h(30): warning:  #1-D: last line of file ends without a newline
  #endif
..\addsource\race.h(49): warning:  #1-D: last line of file ends without a newline
  #endif
..\src\head.h(42): warning:  #1-D: last line of file ends without a newline
  #endif
..\src\flag.c(11): warning:  #177-D: variable "avespeed"  was declared but never referenced
      uint16_t avespeed,xinbiao;
..\src\flag.c(11): warning:  #177-D: variable "xinbiao"  was declared but never referenced
      uint16_t avespeed,xinbiao;
..\src\flag.c(90): warning:  #177-D: variable "hbizhang"  was declared but never referenced
  uint16_t hbizhang;//避障行坐标
..\src\flag.c: 15 warnings, 0 errors
compiling response.c...
..\src\canshu.h(70): warning:  #1-D: last line of file ends without a newline
  #endif
..\src\head.h(42): warning:  #1-D: last line of file ends without a newline
  #endif
..\src\getready.h(18): warning:  #1-D: last line of file ends without a newline
  #endif
..\src\move.h(19): warning:  #1-D: last line of file ends without a newline
  #endif
..\src\response.h(24): warning:  #1-D: last line of file ends without a newline
  #endif
..\src\pid.h(23): warning:  #1295-D: Deprecated declaration Servo_Control - give arg types
  void Servo_Control();
..\src\pid.h(30): warning:  #1-D: last line of file ends without a newline
  #endif
..\src\flag.h(14): warning:  #1-D: last line of file ends without a newline
  #endif
..\src\qita.h(13): warning:  #1295-D: Deprecated declaration touchswitch - give arg types
  void touchswitch();
..\src\qita.h(25): warning:  #1-D: last line of file ends without a newline
  #endif
..\addsource\race.h(49): warning:  #1-D: last line of file ends without a newline
  #endif
..\src\head.h(42): warning:  #1-D: last line of file ends without a newline
  #endif
..\addsource\key.h(13): warning:  #1-D: last line of file ends without a newline
  #endif
..\addsource\rtp.h(13): warning:  #1-D: last line of file ends without a newline
  #endif
..\src\response.c: 14 warnings, 0 errors
compiling race.c...
..\addsource\race.h(49): warning:  #1-D: last line of file ends without a newline
  #endif
..\addsource\race.c: 1 warning, 0 errors
compiling carTest.c...
..\src\canshu.h(70): warning:  #1-D: last line of file ends without a newline
  #endif
..\src\head.h(42): warning:  #1-D: last line of file ends without a newline
  #endif
..\src\getready.h(18): warning:  #1-D: last line of file ends without a newline
  #endif
..\src\move.h(19): warning:  #1-D: last line of file ends without a newline
  #endif
..\src\response.h(24): warning:  #1-D: last line of file ends without a newline
  #endif
..\src\pid.h(23): warning:  #1295-D: Deprecated declaration Servo_Control - give arg types
  void Servo_Control();
..\src\pid.h(30): warning:  #1-D: last line of file ends without a newline
  #endif
..\src\flag.h(14): warning:  #1-D: last line of file ends without a newline
  #endif
..\src\qita.h(13): warning:  #1295-D: Deprecated declaration touchswitch - give arg types
  void touchswitch();
..\src\qita.h(25): warning:  #1-D: last line of file ends without a newline
  #endif
..\addsource\race.h(49): warning:  #1-D: last line of file ends without a newline
  #endif
..\src\head.h(42): warning:  #1-D: last line of file ends without a newline
  #endif
..\addsource\key.h(13): warning:  #1-D: last line of file ends without a newline
  #endif
..\addsource\rtp.h(13): warning:  #1-D: last line of file ends without a newline
  #endif
..\addsource\carTest.h(13): warning:  #1-D: last line of file ends without a newline
  #endif
..\addsource\carTest.c: 15 warnings, 0 errors
compiling rtp.c...
..\src\canshu.h(70): warning:  #1-D: last line of file ends without a newline
  #endif
..\src\head.h(42): warning:  #1-D: last line of file ends without a newline
  #endif
..\src\getready.h(18): warning:  #1-D: last line of file ends without a newline
  #endif
..\src\move.h(19): warning:  #1-D: last line of file ends without a newline
  #endif
..\src\response.h(24): warning:  #1-D: last line of file ends without a newline
  #endif
..\src\pid.h(23): warning:  #1295-D: Deprecated declaration Servo_Control - give arg types
  void Servo_Control();
..\src\pid.h(30): warning:  #1-D: last line of file ends without a newline
  #endif
..\src\flag.h(14): warning:  #1-D: last line of file ends without a newline
  #endif
..\src\qita.h(13): warning:  #1295-D: Deprecated declaration touchswitch - give arg types
  void touchswitch();
..\src\qita.h(25): warning:  #1-D: last line of file ends without a newline
  #endif
..\addsource\race.h(49): warning:  #1-D: last line of file ends without a newline
  #endif
..\src\head.h(42): warning:  #1-D: last line of file ends without a newline
  #endif
..\addsource\key.h(13): warning:  #1-D: last line of file ends without a newline
  #endif
..\addsource\rtp.h(13): warning:  #1-D: last line of file ends without a newline
  #endif
..\addsource\rtp.c(132): warning:  #1-D: last line of file ends without a newline
  }
..\addsource\rtp.c: 15 warnings, 0 errors
compiling pid.c...
..\src\canshu.h(70): warning:  #1-D: last line of file ends without a newline
  #endif
..\src\head.h(42): warning:  #1-D: last line of file ends without a newline
  #endif
..\src\getready.h(18): warning:  #1-D: last line of file ends without a newline
  #endif
..\src\move.h(19): warning:  #1-D: last line of file ends without a newline
  #endif
..\src\response.h(24): warning:  #1-D: last line of file ends without a newline
  #endif
..\src\pid.h(23): warning:  #1295-D: Deprecated declaration Servo_Control - give arg types
  void Servo_Control();
..\src\pid.h(30): warning:  #1-D: last line of file ends without a newline
  #endif
..\src\flag.h(14): warning:  #1-D: last line of file ends without a newline
  #endif
..\src\qita.h(13): warning:  #1295-D: Deprecated declaration touchswitch - give arg types
  void touchswitch();
..\src\qita.h(25): warning:  #1-D: last line of file ends without a newline
  #endif
..\addsource\race.h(49): warning:  #1-D: last line of file ends without a newline
  #endif
..\src\head.h(42): warning:  #1-D: last line of file ends without a newline
  #endif
..\src\pid.c: 12 warnings, 0 errors
compiling qita.c...
..\src\canshu.h(70): warning:  #1-D: last line of file ends without a newline
  #endif
..\src\head.h(42): warning:  #1-D: last line of file ends without a newline
  #endif
..\src\getready.h(18): warning:  #1-D: last line of file ends without a newline
  #endif
..\src\move.h(19): warning:  #1-D: last line of file ends without a newline
  #endif
..\src\response.h(24): warning:  #1-D: last line of file ends without a newline
  #endif
..\src\pid.h(23): warning:  #1295-D: Deprecated declaration Servo_Control - give arg types
  void Servo_Control();
..\src\pid.h(30): warning:  #1-D: last line of file ends without a newline
  #endif
..\src\flag.h(14): warning:  #1-D: last line of file ends without a newline
  #endif
..\src\qita.h(13): warning:  #1295-D: Deprecated declaration touchswitch - give arg types
  void touchswitch();
..\src\qita.h(25): warning:  #1-D: last line of file ends without a newline
  #endif
..\addsource\race.h(49): warning:  #1-D: last line of file ends without a newline
  #endif
..\src\head.h(42): warning:  #1-D: last line of file ends without a newline
  #endif
..\addsource\key.h(13): warning:  #1-D: last line of file ends without a newline
  #endif
..\src\qita.c: 13 warnings, 0 errors
compiling bianmaqi.c...
..\src\canshu.h(70): warning:  #1-D: last line of file ends without a newline
  #endif
..\src\head.h(42): warning:  #1-D: last line of file ends without a newline
  #endif
..\src\getready.h(18): warning:  #1-D: last line of file ends without a newline
  #endif
..\src\move.h(19): warning:  #1-D: last line of file ends without a newline
  #endif
..\src\response.h(24): warning:  #1-D: last line of file ends without a newline
  #endif
..\src\pid.h(23): warning:  #1295-D: Deprecated declaration Servo_Control - give arg types
  void Servo_Control();
..\src\pid.h(30): warning:  #1-D: last line of file ends without a newline
  #endif
..\src\flag.h(14): warning:  #1-D: last line of file ends without a newline
  #endif
..\src\qita.h(13): warning:  #1295-D: Deprecated declaration touchswitch - give arg types
  void touchswitch();
..\src\qita.h(25): warning:  #1-D: last line of file ends without a newline
  #endif
..\addsource\race.h(49): warning:  #1-D: last line of file ends without a newline
  #endif
..\src\head.h(42): warning:  #1-D: last line of file ends without a newline
  #endif
..\src\bianmaqi.c(21): warning:  #68-D: integer conversion resulted in a change of sign
  		Left_QD_value=-65536+Left_QD_value;
..\src\bianmaqi.c(23): warning:  #68-D: integer conversion resulted in a change of sign
  		Right_QD_value=-65536+Right_QD_value;
..\src\bianmaqi.c: 14 warnings, 0 errors
compiling ov7620.c...
..\src\canshu.h(70): warning:  #1-D: last line of file ends without a newline
  #endif
..\src\getready.h(18): warning:  #1-D: last line of file ends without a newline
  #endif
..\src\move.h(19): warning:  #1-D: last line of file ends without a newline
  #endif
..\src\response.h(24): warning:  #1-D: last line of file ends without a newline
  #endif
..\src\pid.h(23): warning:  #1295-D: Deprecated declaration Servo_Control - give arg types
  void Servo_Control();
..\src\pid.h(30): warning:  #1-D: last line of file ends without a newline
  #endif
..\src\flag.h(14): warning:  #1-D: last line of file ends without a newline
  #endif
..\src\qita.h(13): warning:  #1295-D: Deprecated declaration touchswitch - give arg types
  void touchswitch();
..\src\qita.h(25): warning:  #1-D: last line of file ends without a newline
  #endif
..\addsource\race.h(49): warning:  #1-D: last line of file ends without a newline
  #endif
..\src\head.h(42): warning:  #1-D: last line of file ends without a newline
  #endif
..\src\ov7620.c: 11 warnings, 0 errors
compiling Drv_LCD.c...
..\src\canshu.h(70): warning:  #1-D: last line of file ends without a newline
  #endif
..\src\getready.h(18): warning:  #1-D: last line of file ends without a newline
  #endif
..\src\move.h(19): warning:  #1-D: last line of file ends without a newline
  #endif
..\src\response.h(24): warning:  #1-D: last line of file ends without a newline
  #endif
..\src\pid.h(23): warning:  #1295-D: Deprecated declaration Servo_Control - give arg types
  void Servo_Control();
..\src\pid.h(30): warning:  #1-D: last line of file ends without a newline
  #endif
..\src\flag.h(14): warning:  #1-D: last line of file ends without a newline
  #endif
..\src\qita.h(13): warning:  #1295-D: Deprecated declaration touchswitch - give arg types
  void touchswitch();
..\src\qita.h(25): warning:  #1-D: last line of file ends without a newline
  #endif
..\addsource\race.h(49): warning:  #1-D: last line of file ends without a newline
  #endif
..\src\head.h(42): warning:  #1-D: last line of file ends without a newline
  #endif
..\..\Libraries\devices\src\Drv_LCD.c: 11 warnings, 0 errors
compiling ov7620_back.c...
..\src\canshu.h(70): warning:  #1-D: last line of file ends without a newline
  #endif
..\src\getready.h(18): warning:  #1-D: last line of file ends without a newline
  #endif
..\src\move.h(19): warning:  #1-D: last line of file ends without a newline
  #endif
..\src\response.h(24): warning:  #1-D: last line of file ends without a newline
  #endif
..\src\pid.h(23): warning:  #1295-D: Deprecated declaration Servo_Control - give arg types
  void Servo_Control();
..\src\pid.h(30): warning:  #1-D: last line of file ends without a newline
  #endif
..\src\flag.h(14): warning:  #1-D: last line of file ends without a newline
  #endif
..\src\qita.h(13): warning:  #1295-D: Deprecated declaration touchswitch - give arg types
  void touchswitch();
..\src\qita.h(25): warning:  #1-D: last line of file ends without a newline
  #endif
..\addsource\race.h(49): warning:  #1-D: last line of file ends without a newline
  #endif
..\src\head.h(42): warning:  #1-D: last line of file ends without a newline
  #endif
..\src\ov7620_back.c: 11 warnings, 0 errors
linking...
Program Size: Code=29428 RO-data=2752 RW-data=472 ZI-data=72464  
FromELF: creating hex file...
".\OBJ\templete.axf" - 0 Error(s), 189 Warning(s).

<h2>Collection of Component include folders:</h2>
  .\RTE\_mk60d10
  D:\Program Files\Keil_v5\ARM\PACK\Keil\Kinetis_K60_DFP\1.2.0\Device\Include

<h2>Collection of Component Files used:</h2>
Build Time Elapsed:  00:00:06
</pre>
</body>
</html>
