Component: ARM Compiler 5.05 (build 41) Tool: armlink [4d0eb9]

==============================================================================

Section Cross References

    system_mk60d10.o(.text) refers to system_mk60d10.o(.data) for SystemCoreClock
    startup_mk60d10.o(RESET) refers to startup_mk60d10.o(STACK) for __initial_sp
    startup_mk60d10.o(RESET) refers to startup_mk60d10.o(.text) for Reset_Handler
    startup_mk60d10.o(RESET) refers to common.o(.text) for NMI_Handler
    startup_mk60d10.o(RESET) refers to dma.o(.text) for DMA0_IRQHandler
    startup_mk60d10.o(RESET) refers to wdog.o(.text) for Watchdog_IRQHandler
    startup_mk60d10.o(RESET) refers to spi.o(.text) for SPI0_IRQHandler
    startup_mk60d10.o(RESET) refers to uart.o(.text) for UART0_RX_TX_IRQHandler
    startup_mk60d10.o(RESET) refers to adc.o(.text) for ADC0_IRQHandler
    startup_mk60d10.o(RESET) refers to ftm.o(.text) for FTM0_IRQHandler
    startup_mk60d10.o(RESET) refers to pit.o(.text) for PIT0_IRQHandler
    startup_mk60d10.o(RESET) refers to dac.o(.text) for DAC0_IRQHandler
    startup_mk60d10.o(RESET) refers to gpio.o(.text) for PORTA_IRQHandler
    startup_mk60d10.o(RESET) refers to ov7620.o(.text) for PORTD_IRQHandler
    startup_mk60d10.o(.text) refers to system_mk60d10.o(.text) for SystemInit
    startup_mk60d10.o(.text) refers to entry.o(.ARM.Collect$$$$00000000) for __main
    img_processing.o(.text) refers to uart.o(.text) for UART_WriteByte
    img_processing.o(.text) refers to canshu.o(.data) for jioushu
    img_processing.o(.text) refers to ov7620.o(.bss) for CCD_Image
    ov7725_init.o(.text) refers to ov7725.o(.text) for ov7725_probe
    ov7725_init.o(.text) refers to printfa.o(i.__0printf) for __2printf
    ov7725_init.o(.text) refers to dma.o(.text) for DMA_EnableRequest
    ov7725_init.o(.text) refers to gpio.o(.text) for GPIO_QuickInit
    ov7725_init.o(.text) refers to memseta.o(.text) for __aeabi_memclr4
    ov7725_init.o(.text) refers to common.o(.text) for DelayMs
    ov7725_init.o(.text) refers to ov7725_init.o(.data) for ov7725_img_flag
    ov7725_init.o(.text) refers to ov7725_init.o(.bss) for CCDBufferPool
    adc.o(.text) refers to adc.o(.constdata) for ADC_InstanceTable
    adc.o(.text) refers to gpio.o(.text) for PORT_PinMuxConfig
    adc.o(.text) refers to adc.o(.data) for ADC_CallBackTable
    cmt.o(.text) refers to common.o(.text) for CLOCK_GetClockFrequency
    cmt.o(.text) refers to gpio.o(.text) for PORT_PinMuxConfig
    cmt.o(.text) refers to cmt.o(.data) for FullDuty
    common.o(.text) refers to system_mk60d10.o(.data) for SystemCoreClock
    dac.o(.text) refers to dac.o(.constdata) for DAC_InstanceTable
    dac.o(.text) refers to dac.o(.data) for DAC_CallBackTable
    dma.o(.text) refers to dma.o(.data) for DMAChlMAP
    dma.o(.text) refers to dma.o(.constdata) for DMA_IRQnTable
    dma.o(.text) refers to dma.o(.bss) for DMA_CallBackTable
    ftm.o(.text) refers to ftm.o(.constdata) for SIM_FTMClockGateTable
    ftm.o(.text) refers to gpio.o(.text) for PORT_PinMuxConfig
    ftm.o(.text) refers to common.o(.text) for CLOCK_GetClockFrequency
    ftm.o(.text) refers to ftm.o(.bss) for FTM_CallBackTable
    gpio.o(.text) refers to gpio.o(.constdata) for SIM_GPIOClockGateTable
    gpio.o(.text) refers to gpio.o(.bss) for GPIO_CallBackTable
    io2iic.o(.text) refers to gpio.o(.text) for GPIO_WriteBit
    io2iic.o(.text) refers to common.o(.text) for DelayUs
    systick.o(.text) refers to common.o(.text) for CLOCK_GetClockFrequency
    systick.o(.text) refers to systick.o(.data) for fac_us
    uart.o(.text) refers to uart.o(.constdata) for UART_InstanceTable
    uart.o(.text) refers to uart.o(.data) for UART_DebugInstance
    uart.o(.text) refers to common.o(.text) for CLOCK_GetClockFrequency
    uart.o(.text) refers to gpio.o(.text) for PORT_PinMuxConfig
    uart.o(.text) refers to uart.o(.bss) for UART_CallBackTxTable
    uart.o(.text) refers to dma.o(.text) for DMA_ChlAlloc
    spi.o(.text) refers to common.o(.text) for CLOCK_GetClockFrequency
    spi.o(.text) refers to gpio.o(.text) for PORT_PinMuxConfig
    spi.o(.text) refers to spi.o(.constdata) for SPI_InstanceTable
    spi.o(.text) refers to spi.o(.bss) for SPI_CallBackTable
    wdog.o(.text) refers to common.o(.text) for CLOCK_GetClockFrequency
    wdog.o(.text) refers to wdog.o(.data) for WDOG_CallBackTable
    pit.o(.text) refers to common.o(.text) for CLOCK_GetClockFrequency
    pit.o(.text) refers to pit.o(.data) for fac_us
    pit.o(.text) refers to pit.o(.constdata) for PIT_IRQnTable
    pit.o(.text) refers to pit.o(.bss) for PIT_CallBackTable
    sd.o(.text) refers to common.o(.text) for CLOCK_GetClockFrequency
    sd.o(.text) refers to gpio.o(.text) for PORT_PinMuxConfig
    sd.o(.text) refers to sd.o(.bss) for sdh
    bianmaqi.o(.text) refers to ftm.o(.text) for FTM_QD_GetData
    bianmaqi.o(.text) refers to bianmaqi.o(.data) for direction
    drv_lcd.o(.text) refers to gpio.o(.text) for GPIO_WriteBit
[...]
    getready.o(.text) refers to canshu.o(.data) for jioushu
    getready.o(.text) refers to ov7620.o(.bss) for CCD_Image
    flag.o(.text) refers to canshu.o(.data) for target_flag
    flag.o(.text) refers to ov7620.o(.bss) for CCD_Image
    response.o(.text) refers to gpio.o(.text) for GPIO_ReadBit
    response.o(.text) refers to fflti.o(.text) for __aeabi_i2f
    response.o(.text) refers to fmul.o(.text) for __aeabi_fmul
    response.o(.text) refers to fdiv.o(.text) for __aeabi_fdiv
    response.o(.text) refers to ffixui.o(.text) for __aeabi_f2uiz
    response.o(.text) refers to fadd.o(.text) for __aeabi_fadd
    response.o(.text) refers to ffltui.o(.text) for __aeabi_ui2f
    response.o(.text) refers to cfrcmple.o(.text) for __aeabi_cfrcmple
    response.o(.text) refers to canshu.o(.data) for forestate
    response.o(.text) refers to flag.o(.data) for barrier
    response.o(.text) refers to response.o(.data) for deviation
    response.o(.text) refers to bianmaqi.o(.data) for avespeed
    pid.o(.text) refers to cmt.o(.text) for CMT_PWM_ChangDuty
    pid.o(.text) refers to ftm.o(.text) for FTM_PWM_ChangeDuty
    pid.o(.text) refers to canshu.o(.data) for anglenow
    pid.o(.text) refers to pid.o(.data) for Kp
    pid.o(.text) refers to bianmaqi.o(.data) for avespeed
    entry.o(.ARM.Collect$$$$00000000) refers (Special) to entry10a.o(.ARM.Collect$$$$0000000D) for __rt_final_cpp
    entry.o(.ARM.Collect$$$$00000000) refers (Special) to entry11a.o(.ARM.Collect$$$$0000000F) for __rt_final_exit
    entry.o(.ARM.Collect$$$$00000000) refers (Special) to entry7b.o(.ARM.Collect$$$$00000008) for _main_clock
    entry.o(.ARM.Collect$$$$00000000) refers (Special) to entry8b.o(.ARM.Collect$$$$0000000A) for _main_cpp_init
    entry.o(.ARM.Collect$$$$00000000) refers (Special) to entry9a.o(.ARM.Collect$$$$0000000B) for _main_init
    entry.o(.ARM.Collect$$$$00000000) refers (Special) to entry5.o(.ARM.Collect$$$$00000004) for _main_scatterload
    entry.o(.ARM.Collect$$$$00000000) refers (Special) to entry2.o(.ARM.Collect$$$$00000001) for _main_stk
    printfb.o(i.__0fprintf$bare) refers to printfb.o(i._printf_core) for _printf_core
    printfb.o(i.__0fprintf$bare) refers to uart.o(.text) for fputc
    printfb.o(i.__0printf$bare) refers to printfb.o(i._printf_core) for _printf_core
    printfb.o(i.__0printf$bare) refers to uart.o(.text) for fputc
    printfb.o(i.__0printf$bare) refers to uart.o(.data) for __stdout
    printfb.o(i.__0snprintf$bare) refers to printfb.o(i._printf_core) for _printf_core
    printfb.o(i.__0snprintf$bare) refers to printfb.o(i._snputc) for _snputc
    printfb.o(i.__0sprintf$bare) refers to printfb.o(i._printf_core) for _printf_core
    printfb.o(i.__0sprintf$bare) refers to printfb.o(i._sputc) for _sputc
    printfb.o(i.__0vfprintf$bare) refers to printfb.o(i._printf_core) for _printf_core
    printfb.o(i.__0vfprintf$bare) refers to uart.o(.text) for fputc
    printfb.o(i.__0vprintf$bare) refers to printfb.o(i._printf_core) for _printf_core
    printfb.o(i.__0vprintf$bare) refers to uart.o(.text) for fputc
    printfb.o(i.__0vprintf$bare) refers to uart.o(.data) for __stdout
    printfb.o(i.__0vsnprintf$bare) refers to printfb.o(i._printf_core) for _printf_core
    printfb.o(i.__0vsnprintf$bare) refers to printfb.o(i._snputc) for _snputc
    printfb.o(i.__0vsprintf$bare) refers to printfb.o(i._printf_core) for _printf_core
    printfb.o(i.__0vsprintf$bare) refers to printfb.o(i._sputc) for _sputc
    printf0.o(i.__0fprintf$0) refers to printf0.o(i._printf_core) for _printf_core
    printf0.o(i.__0fprintf$0) refers to uart.o(.text) for fputc
    printf0.o(i.__0printf$0) refers to printf0.o(i._printf_core) for _printf_core
    printf0.o(i.__0printf$0) refers to uart.o(.text) for fputc
    printf0.o(i.__0printf$0) refers to uart.o(.data) for __stdout
    printf0.o(i.__0snprintf$0) refers to printf0.o(i._printf_core) for _printf_core
    printf0.o(i.__0snprintf$0) refers to printf0.o(i._snputc) for _snputc
    printf0.o(i.__0sprintf$0) refers to printf0.o(i._printf_core) for _printf_core
    printf0.o(i.__0sprintf$0) refers to printf0.o(i._sputc) for _sputc
    printf0.o(i.__0vfprintf$0) refers to printf0.o(i._printf_core) for _printf_core
    printf0.o(i.__0vfprintf$0) refers to uart.o(.text) for fputc
    printf0.o(i.__0vprintf$0) refers to printf0.o(i._printf_core) for _printf_core
    printf0.o(i.__0vprintf$0) refers to uart.o(.text) for fputc
    printf0.o(i.__0vprintf$0) refers to uart.o(.data) for __stdout
    printf0.o(i.__0vsnprintf$0) refers to printf0.o(i._printf_core) for _printf_core
    printf0.o(i.__0vsnprintf$0) refers to printf0.o(i._snputc) for _snputc
    printf0.o(i.__0vsprintf$0) refers to printf0.o(i._printf_core) for _printf_core
    printf0.o(i.__0vsprintf$0) refers to printf0.o(i._sputc) for _sputc
    printf1.o(i.__0fprintf$1) refers to printf1.o(i._printf_core) for _printf_core
    printf1.o(i.__0fprintf$1) refers to uart.o(.text) for fputc
    printf1.o(i.__0printf$1) refers to printf1.o(i._printf_core) for _printf_core
    printf1.o(i.__0printf$1) refers to uart.o(.text) for fputc
    printf1.o(i.__0printf$1) refers to uart.o(.data) for __stdout
    printf1.o(i.__0snprintf$1) refers to printf1.o(i._printf_core) for _printf_core
    printf1.o(i.__0snprintf$1) refers to printf1.o(i._snputc) for _snputc
    printf1.o(i.__0sprintf$1) refers to printf1.o(i._printf_core) for _printf_core
    printf1.o(i.__0sprintf$1) refers to printf1.o(i._sputc) for _sputc
    printf1.o(i.__0vfprintf$1) refers to printf1.o(i._printf_core) for _printf_core
    printf1.o(i.__0vfprintf$1) refers to uart.o(.text) for fputc
    printf1.o(i.__0vprintf$1) refers to printf1.o(i._printf_core) for _printf_core
    printf1.o(i.__0vprintf$1) refers to uart.o(.text) for fputc
    printf1.o(i.__0vprintf$1) refers to uart.o(.data) for __stdout
    printf1.o(i.__0vsnprintf$1) refers to printf1.o(i._printf_core) for _printf_core
    printf1.o(i.__0vsnprintf$1) refers to printf1.o(i._snputc) for _snputc
    printf1.o(i.__0vsprintf$1) refers to printf1.o(i._printf_core) for _printf_core
    printf1.o(i.__0vsprintf$1) refers to printf1.o(i._sputc) for _sputc
    printf1.o(i._printf_core) refers to uidiv.o(.text) for __aeabi_uidivmod
    printf2.o(i.__0fprintf$2) refers to printf2.o(i._printf_core) for _printf_core
    printf2.o(i.__0fprintf$2) refers to uart.o(.text) for fputc
    printf2.o(i.__0printf$2) refers to printf2.o(i._printf_core) for _printf_core
    printf2.o(i.__0printf$2) refers to uart.o(.text) for fputc
    printf2.o(i.__0printf$2) refers to uart.o(.data) for __stdout
    printf2.o(i.__0snprintf$2) refers to printf2.o(i._printf_core) for _printf_core
    printf2.o(i.__0snprintf$2) refers to printf2.o(i._snputc) for _snputc
    printf2.o(i.__0sprintf$2) refers to printf2.o(i._printf_core) for _printf_core
    printf2.o(i.__0sprintf$2) refers to printf2.o(i._sputc) for _sputc
    printf2.o(i.__0vfprintf$2) refers to printf2.o(i._printf_core) for _printf_core
    printf2.o(i.__0vfprintf$2) refers to uart.o(.text) for fputc
    printf2.o(i.__0vprintf$2) refers to printf2.o(i._printf_core) for _printf_core
    printf2.o(i.__0vprintf$2) refers to uart.o(.text) for fputc
    printf2.o(i.__0vprintf$2) refers to uart.o(.data) for __stdout
    printf2.o(i.__0vsnprintf$2) refers to printf2.o(i._printf_core) for _printf_core
    printf2.o(i.__0vsnprintf$2) refers to printf2.o(i._snputc) for _snputc
    printf2.o(i.__0vsprintf$2) refers to printf2.o(i._printf_core) for _printf_core
    printf2.o(i.__0vsprintf$2) refers to printf2.o(i._sputc) for _sputc
    printf3.o(i.__0fprintf$3) refers to printf3.o(i._printf_core) for _printf_core
    printf3.o(i.__0fprintf$3) refers to uart.o(.text) for fputc
    printf3.o(i.__0printf$3) refers to printf3.o(i._printf_core) for _printf_core
    printf3.o(i.__0printf$3) refers to uart.o(.text) for fputc
    printf3.o(i.__0printf$3) refers to uart.o(.data) for __stdout
    printf3.o(i.__0snprintf$3) refers to printf3.o(i._printf_core) for _printf_core
    printf3.o(i.__0snprintf$3) refers to printf3.o(i._snputc) for _snputc
    printf3.o(i.__0sprintf$3) refers to printf3.o(i._printf_core) for _printf_core
    printf3.o(i.__0sprintf$3) refers to printf3.o(i._sputc) for _sputc
    printf3.o(i.__0vfprintf$3) refers to printf3.o(i._printf_core) for _printf_core
    printf3.o(i.__0vfprintf$3) refers to uart.o(.text) for fputc
    printf3.o(i.__0vprintf$3) refers to printf3.o(i._printf_core) for _printf_core
    printf3.o(i.__0vprintf$3) refers to uart.o(.text) for fputc
    printf3.o(i.__0vprintf$3) refers to uart.o(.data) for __stdout
    printf3.o(i.__0vsnprintf$3) refers to printf3.o(i._printf_core) for _printf_core
    printf3.o(i.__0vsnprintf$3) refers to printf3.o(i._snputc) for _snputc
    printf3.o(i.__0vsprintf$3) refers to printf3.o(i._printf_core) for _printf_core
    printf3.o(i.__0vsprintf$3) refers to printf3.o(i._sputc) for _sputc
    printf3.o(i._printf_core) refers to uidiv.o(.text) for __aeabi_uidivmod
    printf4.o(i.__0fprintf$4) refers to printf4.o(i._printf_core) for _printf_core
    printf4.o(i.__0fprintf$4) refers to uart.o(.text) for fputc
    printf4.o(i.__0printf$4) refers to printf4.o(i._printf_core) for _printf_core
    printf4.o(i.__0printf$4) refers to uart.o(.text) for fputc
    printf4.o(i.__0printf$4) refers to uart.o(.data) for __stdout
    printf4.o(i.__0snprintf$4) refers to printf4.o(i._printf_core) for _printf_core
    printf4.o(i.__0snprintf$4) refers to printf4.o(i._snputc) for _snputc
    printf4.o(i.__0sprintf$4) refers to printf4.o(i._printf_core) for _printf_core
    printf4.o(i.__0sprintf$4) refers to printf4.o(i._sputc) for _sputc
    printf4.o(i.__0vfprintf$4) refers to printf4.o(i._printf_core) for _printf_core
    printf4.o(i.__0vfprintf$4) refers to uart.o(.text) for fputc
    printf4.o(i.__0vprintf$4) refers to printf4.o(i._printf_core) for _printf_core
    printf4.o(i.__0vprintf$4) refers to uart.o(.text) for fputc
    printf4.o(i.__0vprintf$4) refers to uart.o(.data) for __stdout
    printf4.o(i.__0vsnprintf$4) refers to printf4.o(i._printf_core) for _printf_core
    printf4.o(i.__0vsnprintf$4) refers to printf4.o(i._snputc) for _snputc
    printf4.o(i.__0vsprintf$4) refers to printf4.o(i._printf_core) for _printf_core
    printf4.o(i.__0vsprintf$4) refers to printf4.o(i._sputc) for _sputc
    printf4.o(i._printf_core) refers to uldiv.o(.text) for __aeabi_uldivmod
    printf5.o(i.__0fprintf$5) refers to printf5.o(i._printf_core) for _printf_core
    printf5.o(i.__0fprintf$5) refers to uart.o(.text) for fputc
    printf5.o(i.__0printf$5) refers to printf5.o(i._printf_core) for _printf_core
    printf5.o(i.__0printf$5) refers to uart.o(.text) for fputc
    printf5.o(i.__0printf$5) refers to uart.o(.data) for __stdout
    printf5.o(i.__0snprintf$5) refers to printf5.o(i._printf_core) for _printf_core
    printf5.o(i.__0snprintf$5) refers to printf5.o(i._snputc) for _snputc
    printf5.o(i.__0sprintf$5) refers to printf5.o(i._printf_core) for _printf_core
    printf5.o(i.__0sprintf$5) refers to printf5.o(i._sputc) for _sputc
    printf5.o(i.__0vfprintf$5) refers to printf5.o(i._printf_core) for _printf_core
    printf5.o(i.__0vfprintf$5) refers to uart.o(.text) for fputc
    printf5.o(i.__0vprintf$5) refers to printf5.o(i._printf_core) for _printf_core
    printf5.o(i.__0vprintf$5) refers to uart.o(.text) for fputc
    printf5.o(i.__0vprintf$5) refers to uart.o(.data) for __stdout
    printf5.o(i.__0vsnprintf$5) refers to printf5.o(i._printf_core) for _printf_core
    printf5.o(i.__0vsnprintf$5) refers to printf5.o(i._snputc) for _snputc
    printf5.o(i.__0vsprintf$5) refers to printf5.o(i._printf_core) for _printf_core
    printf5.o(i.__0vsprintf$5) refers to printf5.o(i._sputc) for _sputc
    printf5.o(i._printf_core) refers to uldiv.o(.text) for __aeabi_uldivmod
    printf6.o(i.__0fprintf$6) refers to printf6.o(i._printf_core) for _printf_core
    printf6.o(i.__0fprintf$6) refers to uart.o(.text) for fputc
    printf6.o(i.__0printf$6) refers to printf6.o(i._printf_core) for _printf_core
    printf6.o(i.__0printf$6) refers to uart.o(.text) for fputc
    printf6.o(i.__0printf$6) refers to uart.o(.data) for __stdout
    printf6.o(i.__0snprintf$6) refers to printf6.o(i._printf_core) for _printf_core
    printf6.o(i.__0snprintf$6) refers to printf6.o(i._snputc) for _snputc
    printf6.o(i.__0sprintf$6) refers to printf6.o(i._printf_core) for _printf_core
    printf6.o(i.__0sprintf$6) refers to printf6.o(i._sputc) for _sputc
    printf6.o(i.__0vfprintf$6) refers to printf6.o(i._printf_core) for _printf_core
    printf6.o(i.__0vfprintf$6) refers to uart.o(.text) for fputc
    printf6.o(i.__0vprintf$6) refers to printf6.o(i._printf_core) for _printf_core
    printf6.o(i.__0vprintf$6) refers to uart.o(.text) for fputc
    printf6.o(i.__0vprintf$6) refers to uart.o(.data) for __stdout
    printf6.o(i.__0vsnprintf$6) refers to printf6.o(i._printf_core) for _printf_core
    printf6.o(i.__0vsnprintf$6) refers to printf6.o(i._snputc) for _snputc
    printf6.o(i.__0vsprintf$6) refers to printf6.o(i._printf_core) for _printf_core
    printf6.o(i.__0vsprintf$6) refers to printf6.o(i._sputc) for _sputc
    printf6.o(i._printf_core) refers to printf6.o(i._printf_pre_padding) for _printf_pre_padding
    printf6.o(i._printf_core) refers to uidiv.o(.text) for __aeabi_uidivmod
    printf6.o(i._printf_core) refers to printf6.o(i._printf_post_padding) for _printf_post_padding
    printf7.o(i.__0fprintf$7) refers to printf7.o(i._printf_core) for _printf_core
    printf7.o(i.__0fprintf$7) refers to uart.o(.text) for fputc
    printf7.o(i.__0printf$7) refers to printf7.o(i._printf_core) for _printf_core
    printf7.o(i.__0printf$7) refers to uart.o(.text) for fputc
    printf7.o(i.__0printf$7) refers to uart.o(.data) for __stdout
    printf7.o(i.__0snprintf$7) refers to printf7.o(i._printf_core) for _printf_core
    printf7.o(i.__0snprintf$7) refers to printf7.o(i._snputc) for _snputc
    printf7.o(i.__0sprintf$7) refers to printf7.o(i._printf_core) for _printf_core
    printf7.o(i.__0sprintf$7) refers to printf7.o(i._sputc) for _sputc
    printf7.o(i.__0vfprintf$7) refers to printf7.o(i._printf_core) for _printf_core
    printf7.o(i.__0vfprintf$7) refers to uart.o(.text) for fputc
    printf7.o(i.__0vprintf$7) refers to printf7.o(i._printf_core) for _printf_core
    printf7.o(i.__0vprintf$7) refers to uart.o(.text) for fputc
    printf7.o(i.__0vprintf$7) refers to uart.o(.data) for __stdout
    printf7.o(i.__0vsnprintf$7) refers to printf7.o(i._printf_core) for _printf_core
    printf7.o(i.__0vsnprintf$7) refers to printf7.o(i._snputc) for _snputc
    printf7.o(i.__0vsprintf$7) refers to printf7.o(i._printf_core) for _printf_core
    printf7.o(i.__0vsprintf$7) refers to printf7.o(i._sputc) for _sputc
    printf7.o(i._printf_core) refers to printf7.o(i._printf_pre_padding) for _printf_pre_padding
    printf7.o(i._printf_core) refers to uldiv.o(.text) for __aeabi_uldivmod
    printf7.o(i._printf_core) refers to printf7.o(i._printf_post_padding) for _printf_post_padding
    printf8.o(i.__0fprintf$8) refers to printf8.o(i._printf_core) for _printf_core
    printf8.o(i.__0fprintf$8) refers to uart.o(.text) for fputc
    printf8.o(i.__0printf$8) refers to printf8.o(i._printf_core) for _printf_core
    printf8.o(i.__0printf$8) refers to uart.o(.text) for fputc
    printf8.o(i.__0printf$8) refers to uart.o(.data) for __stdout
    printf8.o(i.__0snprintf$8) refers to printf8.o(i._printf_core) for _printf_core
    printf8.o(i.__0snprintf$8) refers to printf8.o(i._snputc) for _snputc
    printf8.o(i.__0sprintf$8) refers to printf8.o(i._printf_core) for _printf_core
    printf8.o(i.__0sprintf$8) refers to printf8.o(i._sputc) for _sputc
    printf8.o(i.__0vfprintf$8) refers to printf8.o(i._printf_core) for _printf_core
    printf8.o(i.__0vfprintf$8) refers to uart.o(.text) for fputc
    printf8.o(i.__0vprintf$8) refers to printf8.o(i._printf_core) for _printf_core
    printf8.o(i.__0vprintf$8) refers to uart.o(.text) for fputc
    printf8.o(i.__0vprintf$8) refers to uart.o(.data) for __stdout
    printf8.o(i.__0vsnprintf$8) refers to printf8.o(i._printf_core) for _printf_core
    printf8.o(i.__0vsnprintf$8) refers to printf8.o(i._snputc) for _snputc
    printf8.o(i.__0vsprintf$8) refers to printf8.o(i._printf_core) for _printf_core
    printf8.o(i.__0vsprintf$8) refers to printf8.o(i._sputc) for _sputc
    printf8.o(i._printf_core) refers to printf8.o(i._printf_pre_padding) for _printf_pre_padding
    printf8.o(i._printf_core) refers to uldiv.o(.text) for __aeabi_uldivmod
    printf8.o(i._printf_core) refers to printf8.o(i._printf_post_padding) for _printf_post_padding
    printfa.o(i.__0fprintf) refers (Special) to iusefp.o(.text) for __I$use$fp
    printfa.o(i.__0fprintf) refers to printfa.o(i._printf_core) for _printf_core
    printfa.o(i.__0fprintf) refers to uart.o(.text) for fputc
    printfa.o(i.__0printf) refers (Special) to iusefp.o(.text) for __I$use$fp
    printfa.o(i.__0printf) refers to printfa.o(i._printf_core) for _printf_core
    printfa.o(i.__0printf) refers to uart.o(.text) for fputc
    printfa.o(i.__0printf) refers to uart.o(.data) for __stdout
    printfa.o(i.__0snprintf) refers (Special) to iusefp.o(.text) for __I$use$fp
    printfa.o(i.__0snprintf) refers to printfa.o(i._printf_core) for _printf_core
    printfa.o(i.__0snprintf) refers to printfa.o(i._snputc) for _snputc
    printfa.o(i.__0sprintf) refers (Special) to iusefp.o(.text) for __I$use$fp
    printfa.o(i.__0sprintf) refers to printfa.o(i._printf_core) for _printf_core
    printfa.o(i.__0sprintf) refers to printfa.o(i._sputc) for _sputc
    printfa.o(i.__0vfprintf) refers (Special) to iusefp.o(.text) for __I$use$fp
    printfa.o(i.__0vfprintf) refers to printfa.o(i._printf_core) for _printf_core
    printfa.o(i.__0vfprintf) refers to uart.o(.text) for fputc
    printfa.o(i.__0vprintf) refers (Special) to iusefp.o(.text) for __I$use$fp
    printfa.o(i.__0vprintf) refers to printfa.o(i._printf_core) for _printf_core
    printfa.o(i.__0vprintf) refers to uart.o(.text) for fputc
    printfa.o(i.__0vprintf) refers to uart.o(.data) for __stdout
    printfa.o(i.__0vsnprintf) refers (Special) to iusefp.o(.text) for __I$use$fp
    printfa.o(i.__0vsnprintf) refers to printfa.o(i._printf_core) for _printf_core
    printfa.o(i.__0vsnprintf) refers to printfa.o(i._snputc) for _snputc
    printfa.o(i.__0vsprintf) refers (Special) to iusefp.o(.text) for __I$use$fp
    printfa.o(i.__0vsprintf) refers to printfa.o(i._printf_core) for _printf_core
    printfa.o(i.__0vsprintf) refers to printfa.o(i._sputc) for _sputc
    printfa.o(i._fp_digits) refers (Special) to iusefp.o(.text) for __I$use$fp
    printfa.o(i._fp_digits) refers to dmul.o(.text) for __aeabi_dmul
    printfa.o(i._fp_digits) refers to ddiv.o(.text) for __aeabi_ddiv
    printfa.o(i._fp_digits) refers to cdrcmple.o(.text) for __aeabi_cdrcmple
    printfa.o(i._fp_digits) refers to dadd.o(.text) for __aeabi_dadd
    printfa.o(i._fp_digits) refers to dfixul.o(.text) for __aeabi_d2ulz
    printfa.o(i._fp_digits) refers to uldiv.o(.text) for __aeabi_uldivmod
    printfa.o(i._printf_core) refers (Special) to iusefp.o(.text) for __I$use$fp
    printfa.o(i._printf_core) refers to printfa.o(i._printf_pre_padding) for _printf_pre_padding
    printfa.o(i._printf_core) refers to uldiv.o(.text) for __aeabi_uldivmod
    printfa.o(i._printf_core) refers to printfa.o(i._printf_post_padding) for _printf_post_padding
    printfa.o(i._printf_core) refers to printfa.o(i._fp_digits) for _fp_digits
    printfa.o(i._printf_core) refers to uidiv.o(.text) for __aeabi_uidivmod
    printfa.o(i._printf_post_padding) refers (Special) to iusefp.o(.text) for __I$use$fp
    printfa.o(i._printf_pre_padding) refers (Special) to iusefp.o(.text) for __I$use$fp
    printfa.o(i._snputc) refers (Special) to iusefp.o(.text) for __I$use$fp
    printfa.o(i._sputc) refers (Special) to iusefp.o(.text) for __I$use$fp
    fadd.o(.text) refers (Special) to iusefp.o(.text) for __I$use$fp
    fadd.o(.text) refers to fepilogue.o(.text) for _float_epilogue
    fmul.o(.text) refers (Special) to iusefp.o(.text) for __I$use$fp
    fdiv.o(.text) refers (Special) to iusefp.o(.text) for __I$use$fp
    fdiv.o(.text) refers to fepilogue.o(.text) for _float_round
    fflti.o(.text) refers (Special) to iusefp.o(.text) for __I$use$fp
    fflti.o(.text) refers to fepilogue.o(.text) for _float_epilogue
    ffltui.o(.text) refers (Special) to iusefp.o(.text) for __I$use$fp
    ffltui.o(.text) refers to fepilogue.o(.text) for _float_epilogue
    ffixui.o(.text) refers (Special) to iusefp.o(.text) for __I$use$fp
    cfrcmple.o(.text) refers (Special) to iusefp.o(.text) for __I$use$fp
    entry2.o(.ARM.Collect$$$$00000001) refers to entry2.o(.ARM.Collect$$$$00002712) for __lit__00000000
    entry2.o(.ARM.Collect$$$$00002712) refers to startup_mk60d10.o(STACK) for __initial_sp
    entry2.o(__vectab_stack_and_reset_area) refers to startup_mk60d10.o(STACK) for __initial_sp
    entry2.o(__vectab_stack_and_reset_area) refers to entry.o(.ARM.Collect$$$$00000000) for __main
    entry5.o(.ARM.Collect$$$$00000004) refers to init.o(.text) for __scatterload
    entry9a.o(.ARM.Collect$$$$0000000B) refers to main.o(.text) for main
    entry9b.o(.ARM.Collect$$$$0000000C) refers to main.o(.text) for main
    uldiv.o(.text) refers to llushr.o(.text) for __aeabi_llsr
    uldiv.o(.text) refers to llshl.o(.text) for __aeabi_llsl
    dadd.o(.text) refers to llshl.o(.text) for __aeabi_llsl
    dadd.o(.text) refers to llsshr.o(.text) for __aeabi_lasr
    dadd.o(.text) refers to depilogue.o(.text) for _double_epilogue
    dmul.o(.text) refers to depilogue.o(.text) for _double_epilogue
    ddiv.o(.text) refers to depilogue.o(.text) for _double_round
    dfixul.o(.text) refers to llushr.o(.text) for __aeabi_llsr
    dfixul.o(.text) refers to llshl.o(.text) for __aeabi_llsl
    init.o(.text) refers to entry5.o(.ARM.Collect$$$$00000004) for __main_after_scatterload
    depilogue.o(.text) refers to llshl.o(.text) for __aeabi_llsl
    depilogue.o(.text) refers to llushr.o(.text) for __aeabi_llsr


==============================================================================

Removing Unused input sections from the image.

    Removing system_mk60d10.o(.rev16_text), (4 bytes).
    Removing system_mk60d10.o(.revsh_text), (4 bytes).
    Removing startup_mk60d10.o(HEAP), (5632 bytes).
    Removing img_processing.o(.rev16_text), (4 bytes).
    Removing img_processing.o(.revsh_text), (4 bytes).
    Removing img_processing.o(.text), (188 bytes).
    Removing img_processing.o(.constdata), (1 bytes).
    Removing img_processing.o(.data), (16 bytes).
    Removing ov7725_init.o(.rev16_text), (4 bytes).
    Removing ov7725_init.o(.revsh_text), (4 bytes).
    Removing ov7725_init.o(.text), (720 bytes).
    Removing ov7725_init.o(.bss), (660 bytes).
    Removing ov7725_init.o(.data), (4805 bytes).
    Removing adc.o(.rev16_text), (4 bytes).
    Removing adc.o(.revsh_text), (4 bytes).
    Removing cmt.o(.rev16_text), (4 bytes).
    Removing cmt.o(.revsh_text), (4 bytes).
    Removing cmt.o(.text), (196 bytes).
    Removing cmt.o(.data), (2 bytes).
    Removing common.o(.rev16_text), (4 bytes).
    Removing common.o(.revsh_text), (4 bytes).
    Removing dac.o(.rev16_text), (4 bytes).
    Removing dac.o(.revsh_text), (4 bytes).
    Removing dma.o(.rev16_text), (4 bytes).
    Removing dma.o(.revsh_text), (4 bytes).
    Removing ftm.o(.rev16_text), (4 bytes).
    Removing ftm.o(.revsh_text), (4 bytes).
    Removing gpio.o(.rev16_text), (4 bytes).
    Removing gpio.o(.revsh_text), (4 bytes).
    Removing io2iic.o(.rev16_text), (4 bytes).
    Removing io2iic.o(.revsh_text), (4 bytes).
    Removing io2iic.o(.text), (650 bytes).
    Removing systick.o(.rev16_text), (4 bytes).
    Removing systick.o(.revsh_text), (4 bytes).
    Removing systick.o(.text), (312 bytes).
    Removing systick.o(.data), (8 bytes).
    Removing uart.o(.rev16_text), (4 bytes).
    Removing uart.o(.revsh_text), (4 bytes).
    Removing spi.o(.rev16_text), (4 bytes).
    Removing spi.o(.revsh_text), (4 bytes).
    Removing wdog.o(.rev16_text), (4 bytes).
    Removing wdog.o(.revsh_text), (4 bytes).
    Removing pit.o(.rev16_text), (4 bytes).
    Removing pit.o(.revsh_text), (4 bytes).
    Removing sd.o(.rev16_text), (4 bytes).
    Removing sd.o(.revsh_text), (4 bytes).
    Removing sd.o(.text), (1976 bytes).
    Removing sd.o(.bss), (52 bytes).
    Removing bianmaqi.o(.rev16_text), (4 bytes).
    Removing bianmaqi.o(.revsh_text), (4 bytes).
    Removing drv_lcd.o(.rev16_text), (4 bytes).
    Removing drv_lcd.o(.revsh_text), (4 bytes).
    Removing drv_lcd.o(.text), (2228 bytes).
    Removing drv_lcd.o(.constdata), (1140 bytes).
    Removing drv_lcd.o(.conststring), (7 bytes).
    Removing drv_lcd.o(.data), (16 bytes).
    Removing ov7620.o(.rev16_text), (4 bytes).
    Removing ov7620.o(.revsh_text), (4 bytes).
    Removing ov7620_back.o(.rev16_text), (4 bytes).
    Removing ov7620_back.o(.revsh_text), (4 bytes).
    Removing ov7620_back.o(.text), (308 bytes).
    Removing ov7620_back.o(.bss), (32048 bytes).
    Removing ov7620_back.o(.constdata), (100 bytes).
    Removing ov7620_back.o(.data), (6 bytes).
    Removing ov7725.o(.rev16_text), (4 bytes).
    Removing ov7725.o(.revsh_text), (4 bytes).
    Removing ov7725.o(.text), (484 bytes).
    Removing ov7725.o(.bss), (16 bytes).
    Removing ov7725.o(.constdata), (94 bytes).
    Removing ov7725.o(.data), (1 bytes).
    Removing img_save.o(.rev16_text), (4 bytes).
    Removing img_save.o(.revsh_text), (4 bytes).
    Removing img_save.o(.text), (780 bytes).
    Removing img_save.o(.bss), (1112 bytes).
    Removing img_save.o(.data), (16 bytes).
    Removing ff.o(.text), (10482 bytes).
    Removing ff.o(.constdata), (44 bytes).
    Removing ff.o(.data), (10 bytes).
    Removing diskio.o(.rev16_text), (4 bytes).
    Removing diskio.o(.revsh_text), (4 bytes).
    Removing diskio.o(.text), (192 bytes).
    Removing canshu.o(.rev16_text), (4 bytes).
    Removing canshu.o(.revsh_text), (4 bytes).
    Removing canshu.o(.bss), (10 bytes).
    Removing main.o(.rev16_text), (4 bytes).
    Removing main.o(.revsh_text), (4 bytes).
    Removing getready.o(.rev16_text), (4 bytes).
    Removing getready.o(.revsh_text), (4 bytes).
    Removing flag.o(.rev16_text), (4 bytes).
    Removing flag.o(.revsh_text), (4 bytes).
    Removing flag.o(.data), (5 bytes).
    Removing response.o(.rev16_text), (4 bytes).
    Removing response.o(.revsh_text), (4 bytes).
    Removing response.o(.text), (904 bytes).
    Removing response.o(.data), (2 bytes).
    Removing move.o(.rev16_text), (4 bytes).
    Removing move.o(.revsh_text), (4 bytes).
    Removing pid.o(.rev16_text), (4 bytes).
    Removing pid.o(.revsh_text), (4 bytes).
    Removing pid.o(.text), (704 bytes).
    Removing pid.o(.data), (12 bytes).
    Removing qita.o(.rev16_text), (4 bytes).
    Removing qita.o(.revsh_text), (4 bytes).
    Removing fadd.o(.text), (176 bytes).
    Removing fmul.o(.text), (100 bytes).
    Removing fdiv.o(.text), (124 bytes).
    Removing fflti.o(.text), (18 bytes).
    Removing ffltui.o(.text), (10 bytes).
    Removing ffixui.o(.text), (40 bytes).
    Removing cfrcmple.o(.text), (20 bytes).
    Removing fepilogue.o(.text), (110 bytes).
    Removing dadd.o(.text), (334 bytes).
    Removing dmul.o(.text), (228 bytes).
    Removing ddiv.o(.text), (222 bytes).
    Removing dfixul.o(.text), (48 bytes).
    Removing cdrcmple.o(.text), (48 bytes).
    Removing depilogue.o(.text), (186 bytes).

117 unused section(s) (total 67859 bytes) removed from the image.

==============================================================================

Image Symbol Table

    Local Symbols

    Symbol Name                              Value     Ov Type        Size  Object(Section)

    RESET                                    0x00000000   Section     1024  startup_mk60d10.o(RESET)
    ../clib/microlib/division.c              0x00000000   Number         0  uldiv.o ABSOLUTE
    ../clib/microlib/division.c              0x00000000   Number         0  uidiv.o ABSOLUTE
    ../clib/microlib/init/entry.s            0x00000000   Number         0  entry9a.o ABSOLUTE
    ../clib/microlib/init/entry.s            0x00000000   Number         0  entry2.o ABSOLUTE
    ../clib/microlib/init/entry.s            0x00000000   Number         0  entry5.o ABSOLUTE
    ../clib/microlib/init/entry.s            0x00000000   Number         0  entry11b.o ABSOLUTE
    ../clib/microlib/init/entry.s            0x00000000   Number         0  entry11a.o ABSOLUTE
    ../clib/microlib/init/entry.s            0x00000000   Number         0  entry10b.o ABSOLUTE
    ../clib/microlib/init/entry.s            0x00000000   Number         0  entry9b.o ABSOLUTE
    ../clib/microlib/init/entry.s            0x00000000   Number         0  entry7a.o ABSOLUTE
    ../clib/microlib/init/entry.s            0x00000000   Number         0  entry7b.o ABSOLUTE
    ../clib/microlib/init/entry.s            0x00000000   Number         0  entry.o ABSOLUTE
    ../clib/microlib/init/entry.s            0x00000000   Number         0  entry10a.o ABSOLUTE
    ../clib/microlib/init/entry.s            0x00000000   Number         0  entry8a.o ABSOLUTE
    ../clib/microlib/init/entry.s            0x00000000   Number         0  entry8b.o ABSOLUTE
    ../clib/microlib/longlong.c              0x00000000   Number         0  llsshr.o ABSOLUTE
    ../clib/microlib/longlong.c              0x00000000   Number         0  llushr.o ABSOLUTE
    ../clib/microlib/longlong.c              0x00000000   Number         0  llshl.o ABSOLUTE
    ../clib/microlib/printf/printf.c         0x00000000   Number         0  printf2.o ABSOLUTE
    ../clib/microlib/printf/printf.c         0x00000000   Number         0  printf5.o ABSOLUTE
    ../clib/microlib/printf/printf.c         0x00000000   Number         0  printf6.o ABSOLUTE
    ../clib/microlib/printf/printf.c         0x00000000   Number         0  printf7.o ABSOLUTE
    ../clib/microlib/printf/printf.c         0x00000000   Number         0  printf8.o ABSOLUTE
    ../clib/microlib/printf/printf.c         0x00000000   Number         0  printfa.o ABSOLUTE
    ../clib/microlib/printf/printf.c         0x00000000   Number         0  printf3.o ABSOLUTE
    ../clib/microlib/printf/printf.c         0x00000000   Number         0  printf1.o ABSOLUTE
    ../clib/microlib/printf/printf.c         0x00000000   Number         0  printf0.o ABSOLUTE
    ../clib/microlib/printf/printf.c         0x00000000   Number         0  printfb.o ABSOLUTE
    ../clib/microlib/printf/printf.c         0x00000000   Number         0  printf4.o ABSOLUTE
    ../clib/microlib/printf/stubs.s          0x00000000   Number         0  stubs.o ABSOLUTE
    ../clib/microlib/string/memset.c         0x00000000   Number         0  memseta.o ABSOLUTE
    ../clib/microlib/stubs.s                 0x00000000   Number         0  iusefp.o ABSOLUTE
    ../fplib/microlib/fpadd.c                0x00000000   Number         0  fadd.o ABSOLUTE
    ../fplib/microlib/fpadd.c                0x00000000   Number         0  dadd.o ABSOLUTE
    ../fplib/microlib/fpdiv.c                0x00000000   Number         0  fdiv.o ABSOLUTE
    ../fplib/microlib/fpdiv.c                0x00000000   Number         0  ddiv.o ABSOLUTE
    ../fplib/microlib/fpepilogue.c           0x00000000   Number         0  fepilogue.o ABSOLUTE
    ../fplib/microlib/fpepilogue.c           0x00000000   Number         0  depilogue.o ABSOLUTE
    ../fplib/microlib/fpfix.c                0x00000000   Number         0  ffixui.o ABSOLUTE
    ../fplib/microlib/fpfix.c                0x00000000   Number         0  dfixul.o ABSOLUTE
    ../fplib/microlib/fpflt.c                0x00000000   Number         0  fflti.o ABSOLUTE
    ../fplib/microlib/fpflt.c                0x00000000   Number         0  ffltui.o ABSOLUTE
    ../fplib/microlib/fpmul.c                0x00000000   Number         0  fmul.o ABSOLUTE
    ../fplib/microlib/fpmul.c                0x00000000   Number         0  dmul.o ABSOLUTE
    ..\..\Libraries\devices\src\Drv_LCD.c    0x00000000   Number         0  drv_lcd.o ABSOLUTE
    ..\..\Libraries\devices\src\ov7725.c     0x00000000   Number         0  ov7725.o ABSOLUTE
    ..\..\Libraries\drivers\src\adc.c        0x00000000   Number         0  adc.o ABSOLUTE
    ..\..\Libraries\drivers\src\cmt.c        0x00000000   Number         0  cmt.o ABSOLUTE
    ..\..\Libraries\drivers\src\common.c     0x00000000   Number         0  common.o ABSOLUTE
    ..\..\Libraries\drivers\src\dac.c        0x00000000   Number         0  dac.o ABSOLUTE
    ..\..\Libraries\drivers\src\dma.c        0x00000000   Number         0  dma.o ABSOLUTE
    ..\..\Libraries\drivers\src\ftm.c        0x00000000   Number         0  ftm.o ABSOLUTE
    ..\..\Libraries\drivers\src\gpio.c       0x00000000   Number         0  gpio.o ABSOLUTE
    ..\..\Libraries\drivers\src\io2iic.c     0x00000000   Number         0  io2iic.o ABSOLUTE
    ..\..\Libraries\drivers\src\pit.c        0x00000000   Number         0  pit.o ABSOLUTE
    ..\..\Libraries\drivers\src\sd.c         0x00000000   Number         0  sd.o ABSOLUTE
    ..\..\Libraries\drivers\src\spi.c        0x00000000   Number         0  spi.o ABSOLUTE
    ..\..\Libraries\drivers\src\systick.c    0x00000000   Number         0  systick.o ABSOLUTE
    ..\..\Libraries\drivers\src\uart.c       0x00000000   Number         0  uart.o ABSOLUTE
    ..\..\Libraries\drivers\src\wdog.c       0x00000000   Number         0  wdog.o ABSOLUTE
    ..\..\Libraries\fatfs\diskio.c           0x00000000   Number         0  diskio.o ABSOLUTE
    ..\..\Libraries\fatfs\ff.c               0x00000000   Number         0  ff.o ABSOLUTE
    ..\..\Libraries\startup\DeviceSupport\MDK-ARM\startup_MK60D10.s 0x00000000   Number         0  startup_mk60d10.o ABSOLUTE
    ..\..\Libraries\startup\DeviceSupport\system_MK60D10.c 0x00000000   Number         0  system_mk60d10.o ABSOLUTE
    ..\\..\\Libraries\\devices\\src\\Drv_LCD.c 0x00000000   Number         0  drv_lcd.o ABSOLUTE
    ..\\..\\Libraries\\devices\\src\\ov7725.c 0x00000000   Number         0  ov7725.o ABSOLUTE
    ..\\..\\Libraries\\drivers\\src\\adc.c   0x00000000   Number         0  adc.o ABSOLUTE
    ..\\..\\Libraries\\drivers\\src\\cmt.c   0x00000000   Number         0  cmt.o ABSOLUTE
    ..\\..\\Libraries\\drivers\\src\\common.c 0x00000000   Number         0  common.o ABSOLUTE
    ..\\..\\Libraries\\drivers\\src\\dac.c   0x00000000   Number         0  dac.o ABSOLUTE
    ..\\..\\Libraries\\drivers\\src\\dma.c   0x00000000   Number         0  dma.o ABSOLUTE
    ..\\..\\Libraries\\drivers\\src\\ftm.c   0x00000000   Number         0  ftm.o ABSOLUTE
    ..\\..\\Libraries\\drivers\\src\\gpio.c  0x00000000   Number         0  gpio.o ABSOLUTE
    ..\\..\\Libraries\\drivers\\src\\io2iic.c 0x00000000   Number         0  io2iic.o ABSOLUTE
    ..\\..\\Libraries\\drivers\\src\\pit.c   0x00000000   Number         0  pit.o ABSOLUTE
    ..\\..\\Libraries\\drivers\\src\\sd.c    0x00000000   Number         0  sd.o ABSOLUTE
    ..\\..\\Libraries\\drivers\\src\\spi.c   0x00000000   Number         0  spi.o ABSOLUTE
    ..\\..\\Libraries\\drivers\\src\\systick.c 0x00000000   Number         0  systick.o ABSOLUTE
    ..\\..\\Libraries\\drivers\\src\\uart.c  0x00000000   Number         0  uart.o ABSOLUTE
    ..\\..\\Libraries\\drivers\\src\\wdog.c  0x00000000   Number         0  wdog.o ABSOLUTE
    ..\\..\\Libraries\\fatfs\\diskio.c       0x00000000   Number         0  diskio.o ABSOLUTE
    ..\\..\\Libraries\\startup\\DeviceSupport\\system_MK60D10.c 0x00000000   Number         0  system_mk60d10.o ABSOLUTE
    ..\\src\\bianmaqi.c                      0x00000000   Number         0  bianmaqi.o ABSOLUTE
    ..\\src\\canshu.c                        0x00000000   Number         0  canshu.o ABSOLUTE
    ..\\src\\flag.c                          0x00000000   Number         0  flag.o ABSOLUTE
    ..\\src\\getready.c                      0x00000000   Number         0  getready.o ABSOLUTE
    ..\\src\\img_processing.c                0x00000000   Number         0  img_processing.o ABSOLUTE
    ..\\src\\img_save.c                      0x00000000   Number         0  img_save.o ABSOLUTE
    ..\\src\\main.c                          0x00000000   Number         0  main.o ABSOLUTE
    ..\\src\\move.c                          0x00000000   Number         0  move.o ABSOLUTE
    ..\\src\\ov7620.c                        0x00000000   Number         0  ov7620.o ABSOLUTE
    ..\\src\\ov7620_back.c                   0x00000000   Number         0  ov7620_back.o ABSOLUTE
    ..\\src\\ov7725_Init.c                   0x00000000   Number         0  ov7725_init.o ABSOLUTE
    ..\\src\\pid.c                           0x00000000   Number         0  pid.o ABSOLUTE
    ..\\src\\qita.c                          0x00000000   Number         0  qita.o ABSOLUTE
    ..\\src\\response.c                      0x00000000   Number         0  response.o ABSOLUTE
    ..\src\bianmaqi.c                        0x00000000   Number         0  bianmaqi.o ABSOLUTE
    ..\src\canshu.c                          0x00000000   Number         0  canshu.o ABSOLUTE
    ..\src\flag.c                            0x00000000   Number         0  flag.o ABSOLUTE
    ..\src\getready.c                        0x00000000   Number         0  getready.o ABSOLUTE
    ..\src\img_processing.c                  0x00000000   Number         0  img_processing.o ABSOLUTE
    ..\src\img_save.c                        0x00000000   Number         0  img_save.o ABSOLUTE
    ..\src\main.c                            0x00000000   Number         0  main.o ABSOLUTE
    ..\src\move.c                            0x00000000   Number         0  move.o ABSOLUTE
    ..\src\ov7620.c                          0x00000000   Number         0  ov7620.o ABSOLUTE
    ..\src\ov7620_back.c                     0x00000000   Number         0  ov7620_back.o ABSOLUTE
    ..\src\ov7725_Init.c                     0x00000000   Number         0  ov7725_init.o ABSOLUTE
    ..\src\pid.c                             0x00000000   Number         0  pid.o ABSOLUTE
    ..\src\qita.c                            0x00000000   Number         0  qita.o ABSOLUTE
    ..\src\response.c                        0x00000000   Number         0  response.o ABSOLUTE
    cdrcmple.s                               0x00000000   Number         0  cdrcmple.o ABSOLUTE
    cfrcmple.s                               0x00000000   Number         0  cfrcmple.o ABSOLUTE
    dc.s                                     0x00000000   Number         0  dc.o ABSOLUTE
    handlers.s                               0x00000000   Number         0  handlers.o ABSOLUTE
    init.s                                   0x00000000   Number         0  init.o ABSOLUTE
    .ARM.__at_0x400                          0x00000400   Section       16  startup_mk60d10.o(.ARM.__at_0x400)
    .ARM.Collect$$$$00000000                 0x00000410   Section        0  entry.o(.ARM.Collect$$$$00000000)
    .ARM.Collect$$$$00000001                 0x00000410   Section        4  entry2.o(.ARM.Collect$$$$00000001)
    .ARM.Collect$$$$00000004                 0x00000414   Section        4  entry5.o(.ARM.Collect$$$$00000004)
    .ARM.Collect$$$$00000008                 0x00000418   Section        0  entry7b.o(.ARM.Collect$$$$00000008)
    .ARM.Collect$$$$0000000A                 0x00000418   Section        0  entry8b.o(.ARM.Collect$$$$0000000A)
    .ARM.Collect$$$$0000000B                 0x00000418   Section        8  entry9a.o(.ARM.Collect$$$$0000000B)
    .ARM.Collect$$$$0000000D                 0x00000420   Section        0  entry10a.o(.ARM.Collect$$$$0000000D)
    .ARM.Collect$$$$0000000F                 0x00000420   Section        0  entry11a.o(.ARM.Collect$$$$0000000F)
    .ARM.Collect$$$$00002712                 0x00000420   Section        4  entry2.o(.ARM.Collect$$$$00002712)
    __lit__00000000                          0x00000420   Data           4  entry2.o(.ARM.Collect$$$$00002712)
    .text                                    0x00000424   Section        0  system_mk60d10.o(.text)
    .text                                    0x0000064c   Section       36  startup_mk60d10.o(.text)
    .text                                    0x00000670   Section        0  adc.o(.text)
    ADC_Calibration                          0x00000735   Thumb Code   324  adc.o(.text)
    .text                                    0x00000c44   Section        0  common.o(.text)
    .text                                    0x00000d70   Section        0  dac.o(.text)
    NVIC_EnableIRQ                           0x00001337   Thumb Code    22  dac.o(.text)
    .text                                    0x00001354   Section        0  dma.o(.text)
    .text                                    0x00001884   Section        0  ftm.o(.text)
    _FTM_InitBasic                           0x00001885   Thumb Code   182  ftm.o(.text)
    get_channel_pair_index                   0x0000193b   Thumb Code    40  ftm.o(.text)
    FTM_DualChlConfig                        0x00001963   Thumb Code   180  ftm.o(.text)
    FTM_SetMode                              0x00001a9b   Thumb Code  1138  ftm.o(.text)
    .text                                    0x00002680   Section        0  gpio.o(.text)
    NVIC_EnableIRQ                           0x00002c1b   Thumb Code    22  gpio.o(.text)
    .text                                    0x00002c44   Section        0  uart.o(.text)
    NVIC_EnableIRQ                           0x00003655   Thumb Code    22  uart.o(.text)
    .text                                    0x00003684   Section        0  spi.o(.text)
    dspi_hal_set_baud                        0x00003685   Thumb Code   226  spi.o(.text)
    .text                                    0x00003d18   Section        0  wdog.o(.text)
    WDOG_Unlock                              0x00003d19   Thumb Code    20  wdog.o(.text)
    .text                                    0x00003e78   Section        0  pit.o(.text)
    PIT_IRQHandler                           0x00003fa7   Thumb Code    42  pit.o(.text)
    .text                                    0x00004014   Section        0  bianmaqi.o(.text)
    .text                                    0x000040b4   Section        0  ov7620.o(.text)
    NVIC_DisableIRQ                          0x0000426d   Thumb Code    18  ov7620.o(.text)
    .text                                    0x000042b8   Section        0  main.o(.text)
    .text                                    0x0000433c   Section        0  getready.o(.text)
    NVIC_EnableIRQ                           0x00004465   Thumb Code    22  getready.o(.text)
    .text                                    0x0000449c   Section        0  flag.o(.text)
    .text                                    0x00004510   Section       36  init.o(.text)
    i.__scatterload_copy                     0x00004534   Section       14  handlers.o(i.__scatterload_copy)
    i.__scatterload_null                     0x00004542   Section        2  handlers.o(i.__scatterload_null)
    i.__scatterload_zeroinit                 0x00004544   Section       14  handlers.o(i.__scatterload_zeroinit)
    .constdata                               0x00004554   Section       26  adc.o(.constdata)
    SIM_ADCClockGateTable                    0x0000455c   Data          16  adc.o(.constdata)
    ADC_IRQnTable                            0x0000456c   Data           2  adc.o(.constdata)
    .constdata                               0x00004570   Section       10  dac.o(.constdata)
    DAC_InstanceTable                        0x00004570   Data           8  dac.o(.constdata)
    DAC_IRQnTable                            0x00004578   Data           2  dac.o(.constdata)
    .constdata                               0x0000457a   Section       16  dma.o(.constdata)
    DMA_IRQnTable                            0x0000457a   Data          16  dma.o(.constdata)
    .constdata                               0x0000458c   Section       51  ftm.o(.constdata)
    FTM_InstanceTable                        0x0000458c   Data          12  ftm.o(.constdata)
    FTM_ChlMaxTable                          0x00004598   Data          12  ftm.o(.constdata)
    SIM_FTMClockGateTable                    0x000045a4   Data          24  ftm.o(.constdata)
    FTM_IRQnTable                            0x000045bc   Data           3  ftm.o(.constdata)
    .constdata                               0x000045c0   Section       65  gpio.o(.constdata)
    GPIO_InstanceTable                       0x000045c0   Data          20  gpio.o(.constdata)
    PORT_InstanceTable                       0x000045d4   Data          20  gpio.o(.constdata)
    SIM_GPIOClockGateTable                   0x000045e8   Data          20  gpio.o(.constdata)
    GPIO_IRQnTable                           0x000045fc   Data           5  gpio.o(.constdata)
    .constdata                               0x00004604   Section      132  uart.o(.constdata)
    UART_InstanceTable                       0x00004604   Data          24  uart.o(.constdata)
    SIM_UARTClockGateTable                   0x0000461c   Data          48  uart.o(.constdata)
    UART_IRQnTable                           0x0000464c   Data           6  uart.o(.constdata)
    UART_TIFOSizeTable                       0x00004654   Data          28  uart.o(.constdata)
    _DMA_UARTTrigTable                       0x00004670   Data          24  uart.o(.constdata)
    .constdata                               0x00004688   Section      120  spi.o(.constdata)
    SIM_SPIClockGateTable                    0x00004694   Data          24  spi.o(.constdata)
    SPI_IRQnTable                            0x000046ac   Data           3  spi.o(.constdata)
    s_baudratePrescaler                      0x000046b0   Data          16  spi.o(.constdata)
    s_baudrateScaler                         0x000046c0   Data          64  spi.o(.constdata)
    .constdata                               0x00004700   Section        4  pit.o(.constdata)
    PIT_IRQnTable                            0x00004700   Data           4  pit.o(.constdata)
    .constdata                               0x00004704   Section      100  ov7620.o(.constdata)
    .data                                    0x1fff0000   Section        4  system_mk60d10.o(.data)
    .data                                    0x1fff0004   Section        8  adc.o(.data)
    ADC_CallBackTable                        0x1fff0004   Data           8  adc.o(.data)
    .data                                    0x1fff000c   Section        8  dac.o(.data)
    DAC_CallBackTable                        0x1fff000c   Data           8  dac.o(.data)
    .data                                    0x1fff0014   Section        4  dma.o(.data)
    DMAChlMAP                                0x1fff0014   Data           4  dma.o(.data)
    .data                                    0x1fff0018   Section       37  uart.o(.data)
    UART_DebugInstance                       0x1fff0018   Data           1  uart.o(.data)
    _UART_DMA_sAddrTable                     0x1fff0024   Data          24  uart.o(.data)
    is_fitst_init                            0x1fff003c   Data           1  uart.o(.data)
    .data                                    0x1fff0040   Section        4  wdog.o(.data)
    WDOG_CallBackTable                       0x1fff0040   Data           4  wdog.o(.data)
    .data                                    0x1fff0044   Section        4  pit.o(.data)
    fac_us                                   0x1fff0044   Data           4  pit.o(.data)
    .data                                    0x1fff0048   Section       16  bianmaqi.o(.data)
    .data                                    0x1fff0058   Section        6  ov7620.o(.data)
    .data                                    0x1fff0060   Section      118  canshu.o(.data)
    .data                                    0x1fff00d6   Section        2  getready.o(.data)
    .bss                                     0x1fff00d8   Section       64  dma.o(.bss)
    DMA_CallBackTable                        0x1fff00d8   Data          64  dma.o(.bss)
    .bss                                     0x1fff0118   Section       12  ftm.o(.bss)
    FTM_CallBackTable                        0x1fff0118   Data          12  ftm.o(.bss)
    .bss                                     0x1fff0124   Section       20  gpio.o(.bss)
    GPIO_CallBackTable                       0x1fff0124   Data          20  gpio.o(.bss)
    .bss                                     0x1fff0138   Section       68  uart.o(.bss)
    UART_CallBackTxTable                     0x1fff0138   Data          24  uart.o(.bss)
    UART_CallBackRxTable                     0x1fff0150   Data          24  uart.o(.bss)
    DMA2UARTChlTable                         0x1fff0168   Data          20  uart.o(.bss)
    .bss                                     0x1fff017c   Section       12  spi.o(.bss)
    SPI_CallBackTable                        0x1fff017c   Data          12  spi.o(.bss)
    .bss                                     0x1fff0188   Section       16  pit.o(.bss)
    PIT_CallBackTable                        0x1fff0188   Data          16  pit.o(.bss)
    STACK                                    0x1fff0198   Section     8192  startup_mk60d10.o(STACK)
    .bss                                     0x20000000   Section    64048  ov7620.o(.bss)

    Global Symbols

    Symbol Name                              Value     Ov Type        Size  Object(Section)

    BuildAttributes$$THM_ISAv4$E$P$D$K$B$S$7EM$PE$A:L22UL41UL21$X:L11$S22US41US21$IEEE1$IW$USESV6$~STKCKD$USESV7$~SHL$OTIME$ROPI$EBA8$MICROLIB$REQ8$PRES8$EABIv2 0x00000000   Number         0  anon$$obj.o ABSOLUTE
    __ARM_use_no_argv                        0x00000000   Number         0  main.o ABSOLUTE
    __Vectors                                0x00000000   Data           4  startup_mk60d10.o(RESET)
    _printf_a                                0x00000000   Number         0  stubs.o ABSOLUTE
    _printf_c                                0x00000000   Number         0  stubs.o ABSOLUTE
    _printf_charcount                        0x00000000   Number         0  stubs.o ABSOLUTE
    _printf_d                                0x00000000   Number         0  stubs.o ABSOLUTE
    _printf_e                                0x00000000   Number         0  stubs.o ABSOLUTE
    _printf_f                                0x00000000   Number         0  stubs.o ABSOLUTE
    _printf_flags                            0x00000000   Number         0  stubs.o ABSOLUTE
    _printf_fp_dec                           0x00000000   Number         0  stubs.o ABSOLUTE
    _printf_fp_hex                           0x00000000   Number         0  stubs.o ABSOLUTE
    _printf_g                                0x00000000   Number         0  stubs.o ABSOLUTE
    _printf_i                                0x00000000   Number         0  stubs.o ABSOLUTE
    _printf_int_dec                          0x00000000   Number         0  stubs.o ABSOLUTE
    _printf_l                                0x00000000   Number         0  stubs.o ABSOLUTE
    _printf_lc                               0x00000000   Number         0  stubs.o ABSOLUTE
    _printf_ll                               0x00000000   Number         0  stubs.o ABSOLUTE
    _printf_lld                              0x00000000   Number         0  stubs.o ABSOLUTE
    _printf_lli                              0x00000000   Number         0  stubs.o ABSOLUTE
    _printf_llo                              0x00000000   Number         0  stubs.o ABSOLUTE
    _printf_llu                              0x00000000   Number         0  stubs.o ABSOLUTE
    _printf_llx                              0x00000000   Number         0  stubs.o ABSOLUTE
    _printf_longlong_dec                     0x00000000   Number         0  stubs.o ABSOLUTE
    _printf_longlong_hex                     0x00000000   Number         0  stubs.o ABSOLUTE
    _printf_longlong_oct                     0x00000000   Number         0  stubs.o ABSOLUTE
    _printf_ls                               0x00000000   Number         0  stubs.o ABSOLUTE
    _printf_mbtowc                           0x00000000   Number         0  stubs.o ABSOLUTE
    _printf_n                                0x00000000   Number         0  stubs.o ABSOLUTE
    _printf_o                                0x00000000   Number         0  stubs.o ABSOLUTE
    _printf_p                                0x00000000   Number         0  stubs.o ABSOLUTE
    _printf_percent                          0x00000000   Number         0  stubs.o ABSOLUTE
    _printf_pre_padding                      0x00000000   Number         0  stubs.o ABSOLUTE
    _printf_return_value                     0x00000000   Number         0  stubs.o ABSOLUTE
    _printf_s                                0x00000000   Number         0  stubs.o ABSOLUTE
    _printf_sizespec                         0x00000000   Number         0  stubs.o ABSOLUTE
    _printf_str                              0x00000000   Number         0  stubs.o ABSOLUTE
    _printf_truncate_signed                  0x00000000   Number         0  stubs.o ABSOLUTE
    _printf_truncate_unsigned                0x00000000   Number         0  stubs.o ABSOLUTE
    _printf_u                                0x00000000   Number         0  stubs.o ABSOLUTE
    _printf_wc                               0x00000000   Number         0  stubs.o ABSOLUTE
    _printf_wctomb                           0x00000000   Number         0  stubs.o ABSOLUTE
    _printf_widthprec                        0x00000000   Number         0  stubs.o ABSOLUTE
    _printf_x                                0x00000000   Number         0  stubs.o ABSOLUTE
    __cpp_initialize__aeabi_                  - Undefined Weak Reference
    __cxa_finalize                            - Undefined Weak Reference
    __decompress                              - Undefined Weak Reference
    _clock_init                               - Undefined Weak Reference
    _microlib_exit                            - Undefined Weak Reference
    __Vectors_End                            0x00000400   Data           0  startup_mk60d10.o(RESET)
    __Vectors_Size                           0x00000400   Number         0  startup_mk60d10.o ABSOLUTE
    __main                                   0x00000411   Thumb Code     0  entry.o(.ARM.Collect$$$$00000000)
    _main_stk                                0x00000411   Thumb Code     0  entry2.o(.ARM.Collect$$$$00000001)
    _main_scatterload                        0x00000415   Thumb Code     0  entry5.o(.ARM.Collect$$$$00000004)
    __main_after_scatterload                 0x00000419   Thumb Code     0  entry5.o(.ARM.Collect$$$$00000004)
    _main_clock                              0x00000419   Thumb Code     0  entry7b.o(.ARM.Collect$$$$00000008)
    _main_cpp_init                           0x00000419   Thumb Code     0  entry8b.o(.ARM.Collect$$$$0000000A)
    _main_init                               0x00000419   Thumb Code     0  entry9a.o(.ARM.Collect$$$$0000000B)
    __rt_final_cpp                           0x00000421   Thumb Code     0  entry10a.o(.ARM.Collect$$$$0000000D)
    __rt_final_exit                          0x00000421   Thumb Code     0  entry11a.o(.ARM.Collect$$$$0000000F)
    SystemInit                               0x00000425   Thumb Code   196  system_mk60d10.o(.text)
    SystemCoreClockUpdate                    0x000004e9   Thumb Code   324  system_mk60d10.o(.text)
    Reset_Handler                            0x0000064d   Thumb Code     8  startup_mk60d10.o(.text)
    HardFault_Handler                        0x00000657   Thumb Code     2  startup_mk60d10.o(.text)
    MemManage_Handler                        0x00000659   Thumb Code     2  startup_mk60d10.o(.text)
    BusFault_Handler                         0x0000065b   Thumb Code     2  startup_mk60d10.o(.text)
    UsageFault_Handler                       0x0000065d   Thumb Code     2  startup_mk60d10.o(.text)
    SVC_Handler                              0x0000065f   Thumb Code     2  startup_mk60d10.o(.text)
    DebugMon_Handler                         0x00000661   Thumb Code     2  startup_mk60d10.o(.text)
    PendSV_Handler                           0x00000663   Thumb Code     2  startup_mk60d10.o(.text)
    SysTick_Handler                          0x00000665   Thumb Code     2  startup_mk60d10.o(.text)
    CAN0_Bus_Off_IRQHandler                  0x00000667   Thumb Code     0  startup_mk60d10.o(.text)
    CAN0_Error_IRQHandler                    0x00000667   Thumb Code     0  startup_mk60d10.o(.text)
    CAN0_ORed_Message_buffer_IRQHandler      0x00000667   Thumb Code     0  startup_mk60d10.o(.text)
    CAN0_Rx_Warning_IRQHandler               0x00000667   Thumb Code     0  startup_mk60d10.o(.text)
    CAN0_Tx_Warning_IRQHandler               0x00000667   Thumb Code     0  startup_mk60d10.o(.text)
    CAN0_Wake_Up_IRQHandler                  0x00000667   Thumb Code     0  startup_mk60d10.o(.text)
    CAN1_Bus_Off_IRQHandler                  0x00000667   Thumb Code     0  startup_mk60d10.o(.text)
    CAN1_Error_IRQHandler                    0x00000667   Thumb Code     0  startup_mk60d10.o(.text)
    CAN1_ORed_Message_buffer_IRQHandler      0x00000667   Thumb Code     0  startup_mk60d10.o(.text)
    CAN1_Rx_Warning_IRQHandler               0x00000667   Thumb Code     0  startup_mk60d10.o(.text)
    CAN1_Tx_Warning_IRQHandler               0x00000667   Thumb Code     0  startup_mk60d10.o(.text)
    CAN1_Wake_Up_IRQHandler                  0x00000667   Thumb Code     0  startup_mk60d10.o(.text)
    CMP0_IRQHandler                          0x00000667   Thumb Code     0  startup_mk60d10.o(.text)
    CMP1_IRQHandler                          0x00000667   Thumb Code     0  startup_mk60d10.o(.text)
    CMP2_IRQHandler                          0x00000667   Thumb Code     0  startup_mk60d10.o(.text)
    CMT_IRQHandler                           0x00000667   Thumb Code     0  startup_mk60d10.o(.text)
    DMA_Error_IRQHandler                     0x00000667   Thumb Code     0  startup_mk60d10.o(.text)
    DefaultISR                               0x00000667   Thumb Code     0  startup_mk60d10.o(.text)
    ENET_1588_Timer_IRQHandler               0x00000667   Thumb Code     0  startup_mk60d10.o(.text)
    ENET_Error_IRQHandler                    0x00000667   Thumb Code     0  startup_mk60d10.o(.text)
    ENET_Receive_IRQHandler                  0x00000667   Thumb Code     0  startup_mk60d10.o(.text)
    ENET_Transmit_IRQHandler                 0x00000667   Thumb Code     0  startup_mk60d10.o(.text)
    FTFL_IRQHandler                          0x00000667   Thumb Code     0  startup_mk60d10.o(.text)
    I2C0_IRQHandler                          0x00000667   Thumb Code     0  startup_mk60d10.o(.text)
    I2C1_IRQHandler                          0x00000667   Thumb Code     0  startup_mk60d10.o(.text)
    I2S0_Rx_IRQHandler                       0x00000667   Thumb Code     0  startup_mk60d10.o(.text)
    I2S0_Tx_IRQHandler                       0x00000667   Thumb Code     0  startup_mk60d10.o(.text)
    LLW_IRQHandler                           0x00000667   Thumb Code     0  startup_mk60d10.o(.text)
    LPTimer_IRQHandler                       0x00000667   Thumb Code     0  startup_mk60d10.o(.text)
    LVD_LVW_IRQHandler                       0x00000667   Thumb Code     0  startup_mk60d10.o(.text)
    MCG_IRQHandler                           0x00000667   Thumb Code     0  startup_mk60d10.o(.text)
    MCM_IRQHandler                           0x00000667   Thumb Code     0  startup_mk60d10.o(.text)
    PDB0_IRQHandler                          0x00000667   Thumb Code     0  startup_mk60d10.o(.text)
    RNG_IRQHandler                           0x00000667   Thumb Code     0  startup_mk60d10.o(.text)
    RTC_IRQHandler                           0x00000667   Thumb Code     0  startup_mk60d10.o(.text)
    RTC_Seconds_IRQHandler                   0x00000667   Thumb Code     0  startup_mk60d10.o(.text)
    Read_Collision_IRQHandler                0x00000667   Thumb Code     0  startup_mk60d10.o(.text)
    Reserved102_IRQHandler                   0x00000667   Thumb Code     0  startup_mk60d10.o(.text)
    Reserved108_IRQHandler                   0x00000667   Thumb Code     0  startup_mk60d10.o(.text)
    Reserved109_IRQHandler                   0x00000667   Thumb Code     0  startup_mk60d10.o(.text)
    Reserved111_IRQHandler                   0x00000667   Thumb Code     0  startup_mk60d10.o(.text)
    Reserved112_IRQHandler                   0x00000667   Thumb Code     0  startup_mk60d10.o(.text)
    Reserved113_IRQHandler                   0x00000667   Thumb Code     0  startup_mk60d10.o(.text)
    Reserved114_IRQHandler                   0x00000667   Thumb Code     0  startup_mk60d10.o(.text)
    Reserved115_IRQHandler                   0x00000667   Thumb Code     0  startup_mk60d10.o(.text)
    Reserved116_IRQHandler                   0x00000667   Thumb Code     0  startup_mk60d10.o(.text)
    Reserved117_IRQHandler                   0x00000667   Thumb Code     0  startup_mk60d10.o(.text)
    Reserved118_IRQHandler                   0x00000667   Thumb Code     0  startup_mk60d10.o(.text)
    Reserved119_IRQHandler                   0x00000667   Thumb Code     0  startup_mk60d10.o(.text)
    Reserved59_IRQHandler                    0x00000667   Thumb Code     0  startup_mk60d10.o(.text)
    Reserved95_IRQHandler                    0x00000667   Thumb Code     0  startup_mk60d10.o(.text)
    SDHC_IRQHandler                          0x00000667   Thumb Code     0  startup_mk60d10.o(.text)
    SWI_IRQHandler                           0x00000667   Thumb Code     0  startup_mk60d10.o(.text)
    TSI0_IRQHandler                          0x00000667   Thumb Code     0  startup_mk60d10.o(.text)
    UART0_ERR_IRQHandler                     0x00000667   Thumb Code     0  startup_mk60d10.o(.text)
    UART0_LON_IRQHandler                     0x00000667   Thumb Code     0  startup_mk60d10.o(.text)
    UART1_ERR_IRQHandler                     0x00000667   Thumb Code     0  startup_mk60d10.o(.text)
    UART2_ERR_IRQHandler                     0x00000667   Thumb Code     0  startup_mk60d10.o(.text)
    UART3_ERR_IRQHandler                     0x00000667   Thumb Code     0  startup_mk60d10.o(.text)
    UART4_ERR_IRQHandler                     0x00000667   Thumb Code     0  startup_mk60d10.o(.text)
    UART5_ERR_IRQHandler                     0x00000667   Thumb Code     0  startup_mk60d10.o(.text)
    USB0_IRQHandler                          0x00000667   Thumb Code     0  startup_mk60d10.o(.text)
    USBDCD_IRQHandler                        0x00000667   Thumb Code     0  startup_mk60d10.o(.text)
    ADC_IsConversionCompleted                0x00000671   Thumb Code    26  adc.o(.text)
    ADC_ITDMAConfig                          0x0000068b   Thumb Code   170  adc.o(.text)
    ADC_Init                                 0x00000879   Thumb Code   556  adc.o(.text)
    ADC_EnableHardwareTrigger                0x00000aa5   Thumb Code    46  adc.o(.text)
    ADC_ChlMuxConfig                         0x00000ad3   Thumb Code    48  adc.o(.text)
    ADC_QuickInit                            0x00000b03   Thumb Code   146  adc.o(.text)
    ADC_StartConversion                      0x00000b95   Thumb Code    54  adc.o(.text)
    ADC_ReadValue                            0x00000bcb   Thumb Code    16  adc.o(.text)
    ADC_QuickReadValue                       0x00000bdb   Thumb Code    54  adc.o(.text)
    ADC_CallbackInstall                      0x00000c11   Thumb Code    10  adc.o(.text)
    ADC0_IRQHandler                          0x00000c1b   Thumb Code    16  adc.o(.text)
    ADC1_IRQHandler                          0x00000c2b   Thumb Code    16  adc.o(.text)
    CLOCK_GetClockFrequency                  0x00000c45   Thumb Code   124  common.o(.text)
    QuickInitEncode                          0x00000cc1   Thumb Code     6  common.o(.text)
    QuickInitDecode                          0x00000cc7   Thumb Code    10  common.o(.text)
    DWT_DelayInit                            0x00000cd1   Thumb Code    26  common.o(.text)
    DWT_DelayUs                              0x00000ceb   Thumb Code    62  common.o(.text)
    DWT_DelayMs                              0x00000d29   Thumb Code    18  common.o(.text)
    DelayInit                                0x00000d3b   Thumb Code     8  common.o(.text)
    DelayMs                                  0x00000d43   Thumb Code    12  common.o(.text)
    DelayUs                                  0x00000d4f   Thumb Code    12  common.o(.text)
    NMI_Handler                              0x00000d5b   Thumb Code     2  common.o(.text)
    DAC_Init                                 0x00000d71   Thumb Code   568  dac.o(.text)
    DAC_GetBufferReadPointer                 0x00000fa9   Thumb Code    16  dac.o(.text)
    DAC_SetBufferReadPointer                 0x00000fb9   Thumb Code    54  dac.o(.text)
    DAC_SetBufferUpperLimit                  0x00000fef   Thumb Code    52  dac.o(.text)
    DAC_ITDMAConfig                          0x00001023   Thumb Code   352  dac.o(.text)
    DAC_SoftwareStartConversion              0x00001183   Thumb Code    26  dac.o(.text)
    DAC_SetWaterMark                         0x0000119d   Thumb Code   146  dac.o(.text)
    DAC_SetBufferValue                       0x0000122f   Thumb Code    50  dac.o(.text)
    DAC_CallbackInstall                      0x00001261   Thumb Code    10  dac.o(.text)
    DAC0_IRQHandler                          0x0000126b   Thumb Code   102  dac.o(.text)
    DAC1_IRQHandler                          0x000012d1   Thumb Code   102  dac.o(.text)
    DMA_DisableRequest                       0x00001355   Thumb Code    10  dma.o(.text)
    DMA_Init                                 0x0000135f   Thumb Code   392  dma.o(.text)
    DMA_ChlAlloc                             0x000014e7   Thumb Code    46  dma.o(.text)
    DMA_ChlFree                              0x00001515   Thumb Code    16  dma.o(.text)
    DMA_GetMajorLoopCount                    0x00001525   Thumb Code    16  dma.o(.text)
    DMA_SetMajorLoopCounter                  0x00001535   Thumb Code    44  dma.o(.text)
    DMA_EnableRequest                        0x00001561   Thumb Code    10  dma.o(.text)
    DMA_EnableAutoDisableRequest             0x0000156b   Thumb Code    46  dma.o(.text)
    DMA_EnableMajorLink                      0x00001599   Thumb Code    94  dma.o(.text)
    DMA_ITConfig                             0x000015f7   Thumb Code   140  dma.o(.text)
    DMA_CallbackInstall                      0x00001683   Thumb Code    10  dma.o(.text)
    DMA_IsMajorLoopComplete                  0x0000168d   Thumb Code    56  dma.o(.text)
    DMA_SetDestAddress                       0x000016c5   Thumb Code    10  dma.o(.text)
    DMA_GetDestAddress                       0x000016cf   Thumb Code    12  dma.o(.text)
    DMA_SetSourceAddress                     0x000016db   Thumb Code    10  dma.o(.text)
    DMA_GetSourceAddress                     0x000016e5   Thumb Code    12  dma.o(.text)
    DMA_CancelTransfer                       0x000016f1   Thumb Code    14  dma.o(.text)
    DMA0_IRQHandler                          0x000016ff   Thumb Code    22  dma.o(.text)
    DMA1_IRQHandler                          0x00001715   Thumb Code    22  dma.o(.text)
    DMA2_IRQHandler                          0x0000172b   Thumb Code    50  dma.o(.text)
    DMA3_IRQHandler                          0x0000175d   Thumb Code    22  dma.o(.text)
    DMA4_IRQHandler                          0x00001773   Thumb Code    22  dma.o(.text)
    DMA5_IRQHandler                          0x00001789   Thumb Code    22  dma.o(.text)
    DMA6_IRQHandler                          0x0000179f   Thumb Code    22  dma.o(.text)
    DMA7_IRQHandler                          0x000017b5   Thumb Code    22  dma.o(.text)
    DMA8_IRQHandler                          0x000017cb   Thumb Code    22  dma.o(.text)
    DMA9_IRQHandler                          0x000017e1   Thumb Code    22  dma.o(.text)
    DMA10_IRQHandler                         0x000017f7   Thumb Code    22  dma.o(.text)
    DMA11_IRQHandler                         0x0000180d   Thumb Code    22  dma.o(.text)
    DMA12_IRQHandler                         0x00001823   Thumb Code    22  dma.o(.text)
    DMA13_IRQHandler                         0x00001839   Thumb Code    22  dma.o(.text)
    DMA14_IRQHandler                         0x0000184f   Thumb Code    22  dma.o(.text)
    DMA15_IRQHandler                         0x00001865   Thumb Code    22  dma.o(.text)
    FTM_PWM_InvertPolarity                   0x00001a17   Thumb Code   132  ftm.o(.text)
    FTM_QD_QuickInit                         0x00001f0d   Thumb Code   380  ftm.o(.text)
    FTM_QD_GetData                           0x00002089   Thumb Code    30  ftm.o(.text)
    FTM_QD_ClearCount                        0x000020a7   Thumb Code    12  ftm.o(.text)
    FTM_PWM_ChangeDuty                       0x000020b3   Thumb Code   150  ftm.o(.text)
    FTM_PWM_QuickInit                        0x00002149   Thumb Code   328  ftm.o(.text)
    FTM_IC_QuickInit                         0x00002291   Thumb Code    82  ftm.o(.text)
    FTM_IC_SetTriggerMode                    0x000022e3   Thumb Code   194  ftm.o(.text)
    FTM_GetChlCounter                        0x000023a5   Thumb Code    18  ftm.o(.text)
    FTM_SetMoudleCounter                     0x000023b7   Thumb Code    10  ftm.o(.text)
    FTM_CallbackInstall                      0x000023c1   Thumb Code    10  ftm.o(.text)
    FTM_ITDMAConfig                          0x000023cb   Thumb Code   370  ftm.o(.text)
    FTM0_IRQHandler                          0x0000253d   Thumb Code   102  ftm.o(.text)
    FTM1_IRQHandler                          0x000025a3   Thumb Code   102  ftm.o(.text)
    FTM2_IRQHandler                          0x00002609   Thumb Code   102  ftm.o(.text)
    PORT_PinMuxConfig                        0x00002681   Thumb Code    74  gpio.o(.text)
    PORT_PinPullConfig                       0x000026cb   Thumb Code   162  gpio.o(.text)
    PORT_PinOpenDrainConfig                  0x0000276d   Thumb Code    74  gpio.o(.text)
    PORT_PinPassiveFilterConfig              0x000027b7   Thumb Code    74  gpio.o(.text)
    GPIO_PinConfig                           0x00002801   Thumb Code    70  gpio.o(.text)
    GPIO_Init                                0x00002847   Thumb Code   196  gpio.o(.text)
    GPIO_QuickInit                           0x0000290b   Thumb Code    30  gpio.o(.text)
    GPIO_WriteBit                            0x00002929   Thumb Code    68  gpio.o(.text)
    GPIO_SetBit                              0x0000296d   Thumb Code    24  gpio.o(.text)
    GPIO_ResetBit                            0x00002985   Thumb Code    24  gpio.o(.text)
    GPIO_ReadBit                             0x0000299d   Thumb Code    50  gpio.o(.text)
    GPIO_ToggleBit                           0x000029cf   Thumb Code    24  gpio.o(.text)
    GPIO_ReadPort                            0x000029e7   Thumb Code    12  gpio.o(.text)
    GPIO_WritePort                           0x000029f3   Thumb Code    10  gpio.o(.text)
    GPIO_ITDMAConfig                         0x000029fd   Thumb Code   402  gpio.o(.text)
    GPIO_CallbackInstall                     0x00002b8f   Thumb Code    26  gpio.o(.text)
    PORTA_IRQHandler                         0x00002ba9   Thumb Code    38  gpio.o(.text)
    PORTB_IRQHandler                         0x00002bcf   Thumb Code    38  gpio.o(.text)
    PORTC_IRQHandler                         0x00002bf5   Thumb Code    38  gpio.o(.text)
    UART_GetTxFIFOSize                       0x00002c45   Thumb Code    22  uart.o(.text)
    UART_WriteByte                           0x00002c5b   Thumb Code   118  uart.o(.text)
    fputc                                    0x00002cd1   Thumb Code    20  uart.o(.text)
    UART_ReadByte                            0x00002ce5   Thumb Code    56  uart.o(.text)
    fgetc                                    0x00002d1d   Thumb Code    28  uart.o(.text)
    UART_Init                                0x00002d39   Thumb Code   606  uart.o(.text)
    UART_DeInit                              0x00002f97   Thumb Code    66  uart.o(.text)
    UART_SelectDebugInstance                 0x00002fd9   Thumb Code    26  uart.o(.text)
    UART_EnableTxFIFO                        0x00002ff3   Thumb Code    86  uart.o(.text)
    UART_EnableRxFIFO                        0x00003049   Thumb Code    46  uart.o(.text)
    UART_GetRxFIFOSize                       0x00003077   Thumb Code    22  uart.o(.text)
    UART_SetTxFIFOWatermark                  0x0000308d   Thumb Code    50  uart.o(.text)
    UART_SetRxFIFOWatermark                  0x000030bf   Thumb Code    50  uart.o(.text)
    UART_ITDMAConfig                         0x000030f1   Thumb Code   346  uart.o(.text)
    UART_CallbackTxInstall                   0x0000324b   Thumb Code    36  uart.o(.text)
    UART_CallbackRxInstall                   0x0000326f   Thumb Code    36  uart.o(.text)
    UART_QuickInit                           0x00003293   Thumb Code   150  uart.o(.text)
    UART0_RX_TX_IRQHandler                   0x00003329   Thumb Code   100  uart.o(.text)
    UART1_RX_TX_IRQHandler                   0x0000338d   Thumb Code   100  uart.o(.text)
    UART2_RX_TX_IRQHandler                   0x000033f1   Thumb Code   126  uart.o(.text)
    UART3_RX_TX_IRQHandler                   0x0000346f   Thumb Code   100  uart.o(.text)
    UART4_RX_TX_IRQHandler                   0x000034d3   Thumb Code   100  uart.o(.text)
    UART5_RX_TX_IRQHandler                   0x00003537   Thumb Code   100  uart.o(.text)
    UART_SetDMATxMode                        0x0000359b   Thumb Code   126  uart.o(.text)
    UART_DMASendByte                         0x00003619   Thumb Code    44  uart.o(.text)
    UART_DMAGetRemainByte                    0x00003645   Thumb Code    16  uart.o(.text)
    SPI_CTARConfig                           0x00003767   Thumb Code   464  spi.o(.text)
    SPI_Init                                 0x00003937   Thumb Code   228  spi.o(.text)
    SPI_QuickInit                            0x00003a1b   Thumb Code   126  spi.o(.text)
    SPI_EnableTxFIFO                         0x00003a99   Thumb Code    66  spi.o(.text)
    SPI_EnableRxFIFO                         0x00003adb   Thumb Code    66  spi.o(.text)
    SPI_ITDMAConfig                          0x00003b1d   Thumb Code   276  spi.o(.text)
    SPI_CallbackInstall                      0x00003c31   Thumb Code    10  spi.o(.text)
    SPI_ReadWriteByte                        0x00003c3b   Thumb Code   114  spi.o(.text)
    SPI0_IRQHandler                          0x00003cad   Thumb Code    32  spi.o(.text)
    SPI1_IRQHandler                          0x00003ccd   Thumb Code    32  spi.o(.text)
    SPI2_IRQHandler                          0x00003ced   Thumb Code    32  spi.o(.text)
    WDOG_Init                                0x00003d2d   Thumb Code   112  wdog.o(.text)
    WDOG_QuickInit                           0x00003d9d   Thumb Code    24  wdog.o(.text)
    WDOG_ITDMAConfig                         0x00003db5   Thumb Code    84  wdog.o(.text)
    WDOG_CallbackInstall                     0x00003e09   Thumb Code     8  wdog.o(.text)
    WDOG_GetResetCounter                     0x00003e11   Thumb Code     6  wdog.o(.text)
    WDOG_ClearResetCounter                   0x00003e17   Thumb Code    10  wdog.o(.text)
    WDOG_GetCurrentCounter                   0x00003e21   Thumb Code    14  wdog.o(.text)
    WDOG_Refresh                             0x00003e2f   Thumb Code    32  wdog.o(.text)
    Watchdog_IRQHandler                      0x00003e4f   Thumb Code    28  wdog.o(.text)
    PIT_Init                                 0x00003e79   Thumb Code    92  pit.o(.text)
    PIT_QuickInit                            0x00003ed5   Thumb Code    20  pit.o(.text)
    PIT_ITDMAConfig                          0x00003ee9   Thumb Code   114  pit.o(.text)
    PIT_ResetCounter                         0x00003f5b   Thumb Code    42  pit.o(.text)
    PIT_GetCounterValue                      0x00003f85   Thumb Code    12  pit.o(.text)
    PIT_CallbackInstall                      0x00003f91   Thumb Code    22  pit.o(.text)
    PIT0_IRQHandler                          0x00003fd1   Thumb Code    10  pit.o(.text)
    PIT1_IRQHandler                          0x00003fdb   Thumb Code    10  pit.o(.text)
    PIT2_IRQHandler                          0x00003fe5   Thumb Code    10  pit.o(.text)
    PIT3_IRQHandler                          0x00003fef   Thumb Code    10  pit.o(.text)
    QD_value                                 0x00004015   Thumb Code   132  bianmaqi.o(.text)
    ov7620_DMA                               0x000040b5   Thumb Code    38  ov7620.o(.text)
    OV7620_Init                              0x000040db   Thumb Code   224  ov7620.o(.text)
    PORTE_IRQHandler                         0x000041bb   Thumb Code   104  ov7620.o(.text)
    PORTD_IRQHandler                         0x00004223   Thumb Code    74  ov7620.o(.text)
    main                                     0x000042b9   Thumb Code   114  main.o(.text)
    PIT1_HandlerU                            0x0000433d   Thumb Code    12  getready.o(.text)
    getready                                 0x00004349   Thumb Code   176  getready.o(.text)
    firstimage                               0x000043f9   Thumb Code    32  getready.o(.text)
    startimage                               0x00004419   Thumb Code    64  getready.o(.text)
    endimage                                 0x00004459   Thumb Code    12  getready.o(.text)
    findpoint                                0x0000449d   Thumb Code    96  flag.o(.text)
    __scatterload                            0x00004511   Thumb Code    28  init.o(.text)
    __scatterload_rt2                        0x00004511   Thumb Code     0  init.o(.text)
    __scatterload_copy                       0x00004535   Thumb Code    14  handlers.o(i.__scatterload_copy)
    __scatterload_null                       0x00004543   Thumb Code     2  handlers.o(i.__scatterload_null)
    __scatterload_zeroinit                   0x00004545   Thumb Code    14  handlers.o(i.__scatterload_zeroinit)
    ADC_InstanceTable                        0x00004554   Data           8  adc.o(.constdata)
    SPI_InstanceTable                        0x00004688   Data          12  spi.o(.constdata)
    OV7620_SelectedROWS                      0x00004704   Data         100  ov7620.o(.constdata)
    Region$$Table$$Base                      0x00004768   Number         0  anon$$obj.o(Region$$Table)
    Region$$Table$$Limit                     0x00004798   Number         0  anon$$obj.o(Region$$Table)
    SystemCoreClock                          0x1fff0000   Data           4  system_mk60d10.o(.data)
    __stdout                                 0x1fff001c   Data           4  uart.o(.data)
    __stdin                                  0x1fff0020   Data           4  uart.o(.data)
    qd_left_value                            0x1fff0048   Data           2  bianmaqi.o(.data)
    qd_right_value                           0x1fff004a   Data           2  bianmaqi.o(.data)
    avespeed                                 0x1fff004c   Data           2  bianmaqi.o(.data)
    direction                                0x1fff004e   Data           1  bianmaqi.o(.data)
    direction2                               0x1fff004f   Data           1  bianmaqi.o(.data)
    Left_QD_value                            0x1fff0050   Data           4  bianmaqi.o(.data)
    Right_QD_value                           0x1fff0054   Data           4  bianmaqi.o(.data)
    ov7620_img_flag                          0x1fff0058   Data           1  ov7620.o(.data)
    currRow                                  0x1fff005a   Data           2  ov7620.o(.data)
    wantRow                                  0x1fff005c   Data           2  ov7620.o(.data)
    xideng                                   0x1fff0060   Data           1  canshu.o(.data)
    turn                                     0x1fff0061   Data          20  canshu.o(.data)
    turn_route                               0x1fff0075   Data          20  canshu.o(.data)
    speedjiasu                               0x1fff0089   Data           1  canshu.o(.data)
    speedxinjiansu                           0x1fff008a   Data           1  canshu.o(.data)
    speedxinbi1                              0x1fff008b   Data           1  canshu.o(.data)
    speedxinjia                              0x1fff008c   Data           1  canshu.o(.data)
    speeddazhuan                             0x1fff008d   Data           1  canshu.o(.data)
    speedbizhang                             0x1fff008e   Data           1  canshu.o(.data)
    speedzhuanwan                            0x1fff008f   Data           1  canshu.o(.data)
    speedzhuanwan2                           0x1fff0090   Data           1  canshu.o(.data)
    pianchak                                 0x1fff0094   Data           4  canshu.o(.data)
    anglek                                   0x1fff0098   Data           4  canshu.o(.data)
    Kd                                       0x1fff009c   Data           2  canshu.o(.data)
    stopbizhangh7725                         0x1fff009e   Data           2  canshu.o(.data)
    door7620                                 0x1fff00a0   Data           2  canshu.o(.data)
    cammid                                   0x1fff00a2   Data           2  canshu.o(.data)
    acc_stop                                 0x1fff00a4   Data           2  canshu.o(.data)
    k12                                      0x1fff00a8   Data           4  canshu.o(.data)
    xinbiaoqieguo_h                          0x1fff00ac   Data           2  canshu.o(.data)
    target_flag                              0x1fff00ae   Data           1  canshu.o(.data)
    target_h                                 0x1fff00b0   Data           2  canshu.o(.data)
    target_l                                 0x1fff00b2   Data           2  canshu.o(.data)
    barrier_h                                0x1fff00b4   Data           1  canshu.o(.data)
    barrier_l                                0x1fff00b5   Data           1  canshu.o(.data)
    xinbiaoqieguo                            0x1fff00b6   Data           1  canshu.o(.data)
    jioushu                                  0x1fff00b7   Data           1  canshu.o(.data)
    state                                    0x1fff00b8   Data           1  canshu.o(.data)
    count1                                   0x1fff00b9   Data           1  canshu.o(.data)
    count11                                  0x1fff00ba   Data           5  canshu.o(.data)
    count7725                                0x1fff00c0   Data           2  canshu.o(.data)
    forestate                                0x1fff00c2   Data           1  canshu.o(.data)
    foreangle                                0x1fff00c4   Data           2  canshu.o(.data)
    tt1                                      0x1fff00c8   Data           4  canshu.o(.data)
    speedx                                   0x1fff00cc   Data           2  canshu.o(.data)
    anglex                                   0x1fff00ce   Data           2  canshu.o(.data)
    anglenow                                 0x1fff00d0   Data           2  canshu.o(.data)
    bama                                     0x1fff00d2   Data           4  canshu.o(.data)
    tt                                       0x1fff00d6   Data           2  getready.o(.data)
    __initial_sp                             0x1fff2198   Data           0  startup_mk60d10.o(STACK)
    CCD_Image                                0x20000000   Data       32000  ov7620.o(.bss)
    CCD_Image22                              0x20007d00   Data       32000  ov7620.o(.bss)
    DMA_InitStruct1                          0x2000fa00   Data          48  ov7620.o(.bss)



==============================================================================

Memory Map of the image

  Image Entry point : 0x00000411

  Load Region LR_IROM1 (Base: 0x00000000, Size: 0x00004870, Max: 0x00080000, ABSOLUTE)

    Execution Region ER_IROM1 (Base: 0x00000000, Size: 0x00004798, Max: 0x00080000, ABSOLUTE)

    Base Addr    Size         Type   Attr      Idx    E Section Name        Object

    0x00000000   0x00000400   Data   RO           51    RESET               startup_mk60d10.o
    0x00000400   0x00000010   Code   RO           52    .ARM.__at_0x400     startup_mk60d10.o
    0x00000410   0x00000000   Code   RO          996  * .ARM.Collect$$$$00000000  mc_w.l(entry.o)
    0x00000410   0x00000004   Code   RO         1276    .ARM.Collect$$$$00000001  mc_w.l(entry2.o)
    0x00000414   0x00000004   Code   RO         1279    .ARM.Collect$$$$00000004  mc_w.l(entry5.o)
    0x00000418   0x00000000   Code   RO         1281    .ARM.Collect$$$$00000008  mc_w.l(entry7b.o)
    0x00000418   0x00000000   Code   RO         1283    .ARM.Collect$$$$0000000A  mc_w.l(entry8b.o)
    0x00000418   0x00000008   Code   RO         1284    .ARM.Collect$$$$0000000B  mc_w.l(entry9a.o)
    0x00000420   0x00000000   Code   RO         1286    .ARM.Collect$$$$0000000D  mc_w.l(entry10a.o)
    0x00000420   0x00000000   Code   RO         1288    .ARM.Collect$$$$0000000F  mc_w.l(entry11a.o)
    0x00000420   0x00000004   Code   RO         1277    .ARM.Collect$$$$00002712  mc_w.l(entry2.o)
    0x00000424   0x00000228   Code   RO            3    .text               system_mk60d10.o
    0x0000064c   0x00000024   Code   RO           53    .text               startup_mk60d10.o
    0x00000670   0x000005d4   Code   RO          249    .text               adc.o
    0x00000c44   0x0000012c   Code   RO          295    .text               common.o
    0x00000d70   0x000005e4   Code   RO          315    .text               dac.o
    0x00001354   0x00000530   Code   RO          341    .text               dma.o
    0x00001884   0x00000dfc   Code   RO          369    .text               ftm.o
    0x00002680   0x000005c4   Code   RO          396    .text               gpio.o
    0x00002c44   0x00000a40   Code   RO          464    .text               uart.o
    0x00003684   0x00000694   Code   RO          496    .text               spi.o
    0x00003d18   0x00000160   Code   RO          523    .text               wdog.o
    0x00003e78   0x0000019c   Code   RO          548    .text               pit.o
    0x00004014   0x000000a0   Code   RO          597    .text               bianmaqi.o
    0x000040b4   0x00000204   Code   RO          666    .text               ov7620.o
    0x000042b8   0x00000084   Code   RO          848    .text               main.o
    0x0000433c   0x00000160   Code   RO          868    .text               getready.o
    0x0000449c   0x00000074   Code   RO          894    .text               flag.o
    0x00004510   0x00000024   Code   RO         1307    .text               mc_w.l(init.o)
    0x00004534   0x0000000e   Code   RO         1319    i.__scatterload_copy  mc_w.l(handlers.o)
    0x00004542   0x00000002   Code   RO         1320    i.__scatterload_null  mc_w.l(handlers.o)
    0x00004544   0x0000000e   Code   RO         1321    i.__scatterload_zeroinit  mc_w.l(handlers.o)
    0x00004552   0x00000002   PAD
    0x00004554   0x0000001a   Data   RO          250    .constdata          adc.o
    0x0000456e   0x00000002   PAD
    0x00004570   0x0000000a   Data   RO          316    .constdata          dac.o
    0x0000457a   0x00000010   Data   RO          343    .constdata          dma.o
    0x0000458a   0x00000002   PAD
    0x0000458c   0x00000033   Data   RO          371    .constdata          ftm.o
    0x000045bf   0x00000001   PAD
    0x000045c0   0x00000041   Data   RO          398    .constdata          gpio.o
    0x00004601   0x00000003   PAD
    0x00004604   0x00000084   Data   RO          466    .constdata          uart.o
    0x00004688   0x00000078   Data   RO          498    .constdata          spi.o
    0x00004700   0x00000004   Data   RO          550    .constdata          pit.o
    0x00004704   0x00000064   Data   RO          668    .constdata          ov7620.o
    0x00004768   0x00000030   Data   RO         1317    Region$$Table       anon$$obj.o


    Execution Region RW_IRAM2 (Base: 0x1fff0000, Size: 0x00002198, Max: 0x00010000, ABSOLUTE)

    Base Addr    Size         Type   Attr      Idx    E Section Name        Object

    0x1fff0000   0x00000004   Data   RW            4    .data               system_mk60d10.o
    0x1fff0004   0x00000008   Data   RW          251    .data               adc.o
    0x1fff000c   0x00000008   Data   RW          317    .data               dac.o
    0x1fff0014   0x00000004   Data   RW          344    .data               dma.o
    0x1fff0018   0x00000025   Data   RW          467    .data               uart.o
    0x1fff003d   0x00000003   PAD
    0x1fff0040   0x00000004   Data   RW          524    .data               wdog.o
    0x1fff0044   0x00000004   Data   RW          551    .data               pit.o
    0x1fff0048   0x00000010   Data   RW          598    .data               bianmaqi.o
    0x1fff0058   0x00000006   Data   RW          669    .data               ov7620.o
    0x1fff005e   0x00000002   PAD
    0x1fff0060   0x00000076   Data   RW          828    .data               canshu.o
    0x1fff00d6   0x00000002   Data   RW          869    .data               getready.o
    0x1fff00d8   0x00000040   Zero   RW          342    .bss                dma.o
    0x1fff0118   0x0000000c   Zero   RW          370    .bss                ftm.o
    0x1fff0124   0x00000014   Zero   RW          397    .bss                gpio.o
    0x1fff0138   0x00000044   Zero   RW          465    .bss                uart.o
    0x1fff017c   0x0000000c   Zero   RW          497    .bss                spi.o
    0x1fff0188   0x00000010   Zero   RW          549    .bss                pit.o
    0x1fff0198   0x00002000   Zero   RW           49    STACK               startup_mk60d10.o


    Execution Region RW_IRAM1 (Base: 0x20000000, Size: 0x0000fa30, Max: 0x00010000, ABSOLUTE)

    Base Addr    Size         Type   Attr      Idx    E Section Name        Object

    0x20000000   0x0000fa30   Zero   RW          667    .bss                ov7620.o


==============================================================================

Image component sizes


      Code (inc. data)   RO Data    RW Data    ZI Data      Debug   Object Name

      1492         36         26          8          0       4523   adc.o
       160         28          0         16          0        973   bianmaqi.o
         0          0          0        118          0       1941   canshu.o
       300         26          0          0          0       3210   common.o
      1508         34         10          8          0       4965   dac.o
      1328         38         16          4         64      28901   dma.o
       116         20          0          0          0        712   flag.o
      3580         70         51          0         12       6990   ftm.o
       352         34          0          2          0       1437   getready.o
      1476         60         65          0         20       5717   gpio.o
         0          0          0          0          0      12652   img_processing.o
       132         18          0          0          0        595   main.o
       516         58        100          6      64048       2287   ov7620.o
         0          0          0          0          0      22215   ov7725_init.o
       412         28          4          4         16       3590   pit.o
      1684         40        120          0         12       6508   spi.o
        52         24       1024          0       8192       1088   startup_mk60d10.o
       552         40          0          4          0     240941   system_mk60d10.o
      2624         72        132         37         68      10551   uart.o
       352         14          0          4          0       3409   wdog.o

    ----------------------------------------------------------------------
     16636        640       1604        216      72432     363205   Object Totals
         0          0         48          0          0          0   (incl. Generated)
         0          0          8          5          0          0   (incl. Padding)

    ----------------------------------------------------------------------

      Code (inc. data)   RO Data    RW Data    ZI Data      Debug   Library Member Name

         0          0          0          0          0          0   entry.o
         0          0          0          0          0          0   entry10a.o
         0          0          0          0          0          0   entry11a.o
         8          4          0          0          0          0   entry2.o
         4          0          0          0          0          0   entry5.o
         0          0          0          0          0          0   entry7b.o
         0          0          0          0          0          0   entry8b.o
         8          4          0          0          0          0   entry9a.o
        30          0          0          0          0          0   handlers.o
        36          8          0          0          0         68   init.o

    ----------------------------------------------------------------------
        88         16          0          0          0         68   Library Totals
         2          0          0          0          0          0   (incl. Padding)

    ----------------------------------------------------------------------

      Code (inc. data)   RO Data    RW Data    ZI Data      Debug   Library Name

        86         16          0          0          0         68   mc_w.l

    ----------------------------------------------------------------------
        88         16          0          0          0         68   Library Totals

    ----------------------------------------------------------------------

==============================================================================


      Code (inc. data)   RO Data    RW Data    ZI Data      Debug   

     16724        656       1604        216      72432     361813   Grand Totals
     16724        656       1604        216      72432     361813   ELF Image Totals
     16724        656       1604        216          0          0   ROM Totals

==============================================================================

    Total RO  Size (Code + RO Data)                18328 (  17.90kB)
    Total RW  Size (RW Data + ZI Data)             72648 (  70.95kB)
    Total ROM Size (Code + RO Data + RW Data)      18544 (  18.11kB)

==============================================================================

